Archive member included to satisfy reference by file (symbol)

C:/ST/STM32CubeIDE_1.14.1/STM32CubeIDE/plugins/com.st.stm32cube.ide.mcu.externaltools.gnu-tools-for-stm32.11.3.rel1.win32_1.1.100.202309141235/tools/bin/../lib/gcc/arm-none-eabi/11.3.1/../../../../arm-none-eabi/lib/thumb/v7e-m+fp/hard\libc_nano.a(libc_a-exit.o)
                              C:/ST/STM32CubeIDE_1.14.1/STM32CubeIDE/plugins/com.st.stm32cube.ide.mcu.externaltools.gnu-tools-for-stm32.11.3.rel1.win32_1.1.100.202309141235/tools/bin/../lib/gcc/arm-none-eabi/11.3.1/../../../../arm-none-eabi/lib/thumb/v7e-m+fp/hard/crt0.o (exit)
C:/ST/STM32CubeIDE_1.14.1/STM32CubeIDE/plugins/com.st.stm32cube.ide.mcu.externaltools.gnu-tools-for-stm32.11.3.rel1.win32_1.1.100.202309141235/tools/bin/../lib/gcc/arm-none-eabi/11.3.1/../../../../arm-none-eabi/lib/thumb/v7e-m+fp/hard\libc_nano.a(libc_a-nano-vfprintf_float.o)
                              (_printf_float)
C:/ST/STM32CubeIDE_1.14.1/STM32CubeIDE/plugins/com.st.stm32cube.ide.mcu.externaltools.gnu-tools-for-stm32.11.3.rel1.win32_1.1.100.202309141235/tools/bin/../lib/gcc/arm-none-eabi/11.3.1/../../../../arm-none-eabi/lib/thumb/v7e-m+fp/hard\libc_nano.a(libc_a-nano-vfprintf_i.o)
                              C:/ST/STM32CubeIDE_1.14.1/STM32CubeIDE/plugins/com.st.stm32cube.ide.mcu.externaltools.gnu-tools-for-stm32.11.3.rel1.win32_1.1.100.202309141235/tools/bin/../lib/gcc/arm-none-eabi/11.3.1/../../../../arm-none-eabi/lib/thumb/v7e-m+fp/hard\libc_nano.a(libc_a-nano-vfprintf_float.o) (_printf_common)
C:/ST/STM32CubeIDE_1.14.1/STM32CubeIDE/plugins/com.st.stm32cube.ide.mcu.externaltools.gnu-tools-for-stm32.11.3.rel1.win32_1.1.100.202309141235/tools/bin/../lib/gcc/arm-none-eabi/11.3.1/../../../../arm-none-eabi/lib/thumb/v7e-m+fp/hard\libc_nano.a(libc_a-findfp.o)
                              C:/ST/STM32CubeIDE_1.14.1/STM32CubeIDE/plugins/com.st.stm32cube.ide.mcu.externaltools.gnu-tools-for-stm32.11.3.rel1.win32_1.1.100.202309141235/tools/bin/../lib/gcc/arm-none-eabi/11.3.1/../../../../arm-none-eabi/lib/thumb/v7e-m+fp/hard\libc_nano.a(libc_a-exit.o) (__stdio_exit_handler)
C:/ST/STM32CubeIDE_1.14.1/STM32CubeIDE/plugins/com.st.stm32cube.ide.mcu.externaltools.gnu-tools-for-stm32.11.3.rel1.win32_1.1.100.202309141235/tools/bin/../lib/gcc/arm-none-eabi/11.3.1/../../../../arm-none-eabi/lib/thumb/v7e-m+fp/hard\libc_nano.a(libc_a-fwalk.o)
                              C:/ST/STM32CubeIDE_1.14.1/STM32CubeIDE/plugins/com.st.stm32cube.ide.mcu.externaltools.gnu-tools-for-stm32.11.3.rel1.win32_1.1.100.202309141235/tools/bin/../lib/gcc/arm-none-eabi/11.3.1/../../../../arm-none-eabi/lib/thumb/v7e-m+fp/hard\libc_nano.a(libc_a-findfp.o) (_fwalk_sglue)
C:/ST/STM32CubeIDE_1.14.1/STM32CubeIDE/plugins/com.st.stm32cube.ide.mcu.externaltools.gnu-tools-for-stm32.11.3.rel1.win32_1.1.100.202309141235/tools/bin/../lib/gcc/arm-none-eabi/11.3.1/../../../../arm-none-eabi/lib/thumb/v7e-m+fp/hard\libc_nano.a(libc_a-stdio.o)
                              C:/ST/STM32CubeIDE_1.14.1/STM32CubeIDE/plugins/com.st.stm32cube.ide.mcu.externaltools.gnu-tools-for-stm32.11.3.rel1.win32_1.1.100.202309141235/tools/bin/../lib/gcc/arm-none-eabi/11.3.1/../../../../arm-none-eabi/lib/thumb/v7e-m+fp/hard\libc_nano.a(libc_a-findfp.o) (__sread)
C:/ST/STM32CubeIDE_1.14.1/STM32CubeIDE/plugins/com.st.stm32cube.ide.mcu.externaltools.gnu-tools-for-stm32.11.3.rel1.win32_1.1.100.202309141235/tools/bin/../lib/gcc/arm-none-eabi/11.3.1/../../../../arm-none-eabi/lib/thumb/v7e-m+fp/hard\libc_nano.a(libc_a-memset.o)
                              C:/ST/STM32CubeIDE_1.14.1/STM32CubeIDE/plugins/com.st.stm32cube.ide.mcu.externaltools.gnu-tools-for-stm32.11.3.rel1.win32_1.1.100.202309141235/tools/bin/../lib/gcc/arm-none-eabi/11.3.1/../../../../arm-none-eabi/lib/thumb/v7e-m+fp/hard/crt0.o (memset)
C:/ST/STM32CubeIDE_1.14.1/STM32CubeIDE/plugins/com.st.stm32cube.ide.mcu.externaltools.gnu-tools-for-stm32.11.3.rel1.win32_1.1.100.202309141235/tools/bin/../lib/gcc/arm-none-eabi/11.3.1/../../../../arm-none-eabi/lib/thumb/v7e-m+fp/hard\libc_nano.a(libc_a-localeconv.o)
                              C:/ST/STM32CubeIDE_1.14.1/STM32CubeIDE/plugins/com.st.stm32cube.ide.mcu.externaltools.gnu-tools-for-stm32.11.3.rel1.win32_1.1.100.202309141235/tools/bin/../lib/gcc/arm-none-eabi/11.3.1/../../../../arm-none-eabi/lib/thumb/v7e-m+fp/hard\libc_nano.a(libc_a-nano-vfprintf_float.o) (_localeconv_r)
C:/ST/STM32CubeIDE_1.14.1/STM32CubeIDE/plugins/com.st.stm32cube.ide.mcu.externaltools.gnu-tools-for-stm32.11.3.rel1.win32_1.1.100.202309141235/tools/bin/../lib/gcc/arm-none-eabi/11.3.1/../../../../arm-none-eabi/lib/thumb/v7e-m+fp/hard\libc_nano.a(libc_a-closer.o)
                              C:/ST/STM32CubeIDE_1.14.1/STM32CubeIDE/plugins/com.st.stm32cube.ide.mcu.externaltools.gnu-tools-for-stm32.11.3.rel1.win32_1.1.100.202309141235/tools/bin/../lib/gcc/arm-none-eabi/11.3.1/../../../../arm-none-eabi/lib/thumb/v7e-m+fp/hard\libc_nano.a(libc_a-stdio.o) (_close_r)
[...]
Memory Configuration

Name             Origin             Length             Attributes
CCMRAM           0x0000000010000000 0x0000000000010000 xrw
RAM              0x0000000020000000 0x0000000000020000 xrw
FLASH            0x0000000008000000 0x0000000000080000 xr
*default*        0x0000000000000000 0xffffffffffffffff

Linker script and memory map

LOAD C:/ST/STM32CubeIDE_1.14.1/STM32CubeIDE/plugins/com.st.stm32cube.ide.mcu.externaltools.gnu-tools-for-stm32.11.3.rel1.win32_1.1.100.202309141235/tools/bin/../lib/gcc/arm-none-eabi/11.3.1/thumb/v7e-m+fp/hard/crti.o
LOAD C:/ST/STM32CubeIDE_1.14.1/STM32CubeIDE/plugins/com.st.stm32cube.ide.mcu.externaltools.gnu-tools-for-stm32.11.3.rel1.win32_1.1.100.202309141235/tools/bin/../lib/gcc/arm-none-eabi/11.3.1/thumb/v7e-m+fp/hard/crtbegin.o
LOAD C:/ST/STM32CubeIDE_1.14.1/STM32CubeIDE/plugins/com.st.stm32cube.ide.mcu.externaltools.gnu-tools-for-stm32.11.3.rel1.win32_1.1.100.202309141235/tools/bin/../lib/gcc/arm-none-eabi/11.3.1/../../../../arm-none-eabi/lib/thumb/v7e-m+fp/hard/crt0.o
LOAD ./Core/Src/freertos.o
LOAD ./Core/Src/main.o
LOAD ./Core/Src/oled.o
LOAD ./Core/Src/stm32f4xx_hal_msp.o
LOAD ./Core/Src/stm32f4xx_it.o
LOAD ./Core/Src/syscalls.o
LOAD ./Core/Src/sysmem.o
LOAD ./Core/Src/system_stm32f4xx.o
LOAD ./Core/Startup/startup_stm32f407vetx.o
LOAD ./Drivers/STM32F4xx_HAL_Driver/Src/stm32f4xx_hal.o
LOAD ./Drivers/STM32F4xx_HAL_Driver/Src/stm32f4xx_hal_adc.o
LOAD ./Drivers/STM32F4xx_HAL_Driver/Src/stm32f4xx_hal_adc_ex.o
LOAD ./Drivers/STM32F4xx_HAL_Driver/Src/stm32f4xx_hal_cortex.o
LOAD ./Drivers/STM32F4xx_HAL_Driver/Src/stm32f4xx_hal_dma.o
LOAD ./Drivers/STM32F4xx_HAL_Driver/Src/stm32f4xx_hal_dma_ex.o
LOAD ./Drivers/STM32F4xx_HAL_Driver/Src/stm32f4xx_hal_exti.o
LOAD ./Drivers/STM32F4xx_HAL_Driver/Src/stm32f4xx_hal_flash.o
LOAD ./Drivers/STM32F4xx_HAL_Driver/Src/stm32f4xx_hal_flash_ex.o
LOAD ./Drivers/STM32F4xx_HAL_Driver/Src/stm32f4xx_hal_flash_ramfunc.o
LOAD ./Drivers/STM32F4xx_HAL_Driver/Src/stm32f4xx_hal_gpio.o
LOAD ./Drivers/STM32F4xx_HAL_Driver/Src/stm32f4xx_hal_i2c.o
LOAD ./Drivers/STM32F4xx_HAL_Driver/Src/stm32f4xx_hal_i2c_ex.o
LOAD ./Drivers/STM32F4xx_HAL_Driver/Src/stm32f4xx_hal_pwr.o
LOAD ./Drivers/STM32F4xx_HAL_Driver/Src/stm32f4xx_hal_pwr_ex.o
LOAD ./Drivers/STM32F4xx_HAL_Driver/Src/stm32f4xx_hal_rcc.o
LOAD ./Drivers/STM32F4xx_HAL_Driver/Src/stm32f4xx_hal_rcc_ex.o
LOAD ./Drivers/STM32F4xx_HAL_Driver/Src/stm32f4xx_hal_tim.o
LOAD ./Drivers/STM32F4xx_HAL_Driver/Src/stm32f4xx_hal_tim_ex.o
LOAD ./Drivers/STM32F4xx_HAL_Driver/Src/stm32f4xx_hal_uart.o
LOAD ./Drivers/STM32F4xx_HAL_Driver/Src/stm32f4xx_ll_adc.o
LOAD ./Middlewares/Third_Party/FreeRTOS/Source/CMSIS_RTOS_V2/cmsis_os2.o
LOAD ./Middlewares/Third_Party/FreeRTOS/Source/croutine.o
LOAD ./Middlewares/Third_Party/FreeRTOS/Source/event_groups.o
LOAD ./Middlewares/Third_Party/FreeRTOS/Source/list.o
LOAD ./Middlewares/Third_Party/FreeRTOS/Source/queue.o
LOAD ./Middlewares/Third_Party/FreeRTOS/Source/stream_buffer.o
LOAD ./Middlewares/Third_Party/FreeRTOS/Source/tasks.o
LOAD ./Middlewares/Third_Party/FreeRTOS/Source/timers.o
LOAD ./Middlewares/Third_Party/FreeRTOS/Source/portable/GCC/ARM_CM4F/port.o
LOAD ./Middlewares/Third_Party/FreeRTOS/Source/portable/MemMang/heap_4.o
START GROUP
LOAD C:/ST/STM32CubeIDE_1.14.1/STM32CubeIDE/plugins/com.st.stm32cube.ide.mcu.externaltools.gnu-tools-for-stm32.11.3.rel1.win32_1.1.100.202309141235/tools/bin/../lib/gcc/arm-none-eabi/11.3.1/../../../../arm-none-eabi/lib/thumb/v7e-m+fp/hard\libc_nano.a
LOAD C:/ST/STM32CubeIDE_1.14.1/STM32CubeIDE/plugins/com.st.stm32cube.ide.mcu.externaltools.gnu-tools-for-stm32.11.3.rel1.win32_1.1.100.202309141235/tools/bin/../lib/gcc/arm-none-eabi/11.3.1/../../../../arm-none-eabi/lib/thumb/v7e-m+fp/hard\libm.a
END GROUP
START GROUP
LOAD C:/ST/STM32CubeIDE_1.14.1/STM32CubeIDE/plugins/com.st.stm32cube.ide.mcu.externaltools.gnu-tools-for-stm32.11.3.rel1.win32_1.1.100.202309141235/tools/bin/../lib/gcc/arm-none-eabi/11.3.1/thumb/v7e-m+fp/hard\libgcc.a
LOAD C:/ST/STM32CubeIDE_1.14.1/STM32CubeIDE/plugins/com.st.stm32cube.ide.mcu.externaltools.gnu-tools-for-stm32.11.3.rel1.win32_1.1.100.202309141235/tools/bin/../lib/gcc/arm-none-eabi/11.3.1/../../../../arm-none-eabi/lib/thumb/v7e-m+fp/hard\libc_nano.a
END GROUP
START GROUP
LOAD C:/ST/STM32CubeIDE_1.14.1/STM32CubeIDE/plugins/com.st.stm32cube.ide.mcu.externaltools.gnu-tools-for-stm32.11.3.rel1.win32_1.1.100.202309141235/tools/bin/../lib/gcc/arm-none-eabi/11.3.1/thumb/v7e-m+fp/hard\libgcc.a
LOAD C:/ST/STM32CubeIDE_1.14.1/STM32CubeIDE/plugins/com.st.stm32cube.ide.mcu.externaltools.gnu-tools-for-stm32.11.3.rel1.win32_1.1.100.202309141235/tools/bin/../lib/gcc/arm-none-eabi/11.3.1/../../../../arm-none-eabi/lib/thumb/v7e-m+fp/hard\libc_nano.a
LOAD C:/ST/STM32CubeIDE_1.14.1/STM32CubeIDE/plugins/com.st.stm32cube.ide.mcu.externaltools.gnu-tools-for-stm32.11.3.rel1.win32_1.1.100.202309141235/tools/bin/../lib/gcc/arm-none-eabi/11.3.1/../../../../arm-none-eabi/lib/thumb/v7e-m+fp/hard\libnosys.a
END GROUP
START GROUP
LOAD C:/ST/STM32CubeIDE_1.14.1/STM32CubeIDE/plugins/com.st.stm32cube.ide.mcu.externaltools.gnu-tools-for-stm32.11.3.rel1.win32_1.1.100.202309141235/tools/bin/../lib/gcc/arm-none-eabi/11.3.1/thumb/v7e-m+fp/hard\libgcc.a
LOAD C:/ST/STM32CubeIDE_1.14.1/STM32CubeIDE/plugins/com.st.stm32cube.ide.mcu.externaltools.gnu-tools-for-stm32.11.3.rel1.win32_1.1.100.202309141235/tools/bin/../lib/gcc/arm-none-eabi/11.3.1/../../../../arm-none-eabi/lib/thumb/v7e-m+fp/hard\libc_nano.a
LOAD C:/ST/STM32CubeIDE_1.14.1/STM32CubeIDE/plugins/com.st.stm32cube.ide.mcu.externaltools.gnu-tools-for-stm32.11.3.rel1.win32_1.1.100.202309141235/tools/bin/../lib/gcc/arm-none-eabi/11.3.1/../../../../arm-none-eabi/lib/thumb/v7e-m+fp/hard\libnosys.a
END GROUP
LOAD C:/ST/STM32CubeIDE_1.14.1/STM32CubeIDE/plugins/com.st.stm32cube.ide.mcu.externaltools.gnu-tools-for-stm32.11.3.rel1.win32_1.1.100.202309141235/tools/bin/../lib/gcc/arm-none-eabi/11.3.1/thumb/v7e-m+fp/hard/crtend.o
LOAD C:/ST/STM32CubeIDE_1.14.1/STM32CubeIDE/plugins/com.st.stm32cube.ide.mcu.externaltools.gnu-tools-for-stm32.11.3.rel1.win32_1.1.100.202309141235/tools/bin/../lib/gcc/arm-none-eabi/11.3.1/thumb/v7e-m+fp/hard/crtn.o
                0x0000000020020000                _estack = (ORIGIN (RAM) + LENGTH (RAM))
                0x0000000000000200                _Min_Heap_Size = 0x200
                0x0000000000000400                _Min_Stack_Size = 0x400

.isr_vector     0x0000000008000000      0x188
                0x0000000008000000                . = ALIGN (0x4)
 *(.isr_vector)
 .isr_vector    0x0000000008000000      0x188 ./Core/Startup/startup_stm32f407vetx.o
                0x0000000008000000                g_pfnVectors
                0x0000000008000188                . = ALIGN (0x4)

.text           0x0000000008000190     0xe96c
                0x0000000008000190                . = ALIGN (0x4)
 *(.text)
 .text          0x0000000008000190       0x40 C:/ST/STM32CubeIDE_1.14.1/STM32CubeIDE/plugins/com.st.stm32cube.ide.mcu.externaltools.gnu-tools-for-stm32.11.3.rel1.win32_1.1.100.202309141235/tools/bin/../lib/gcc/arm-none-eabi/11.3.1/thumb/v7e-m+fp/hard/crtbegin.o
 .text          0x00000000080001d0       0xa0 C:/ST/STM32CubeIDE_1.14.1/STM32CubeIDE/plugins/com.st.stm32cube.ide.mcu.externaltools.gnu-tools-for-stm32.11.3.rel1.win32_1.1.100.202309141235/tools/bin/../lib/gcc/arm-none-eabi/11.3.1/../../../../arm-none-eabi/lib/thumb/v7e-m+fp/hard\libc_nano.a(libc_a-memchr.o)
                0x00000000080001d0                memchr
 .text          0x0000000008000270       0x10 C:/ST/STM32CubeIDE_1.14.1/STM32CubeIDE/plugins/com.st.stm32cube.ide.mcu.externaltools.gnu-tools-for-stm32.11.3.rel1.win32_1.1.100.202309141235/tools/bin/../lib/gcc/arm-none-eabi/11.3.1/../../../../arm-none-eabi/lib/thumb/v7e-m+fp/hard\libc_nano.a(libc_a-strlen.o)
                0x0000000008000270                strlen
 .text          0x0000000008000280      0x378 C:/ST/STM32CubeIDE_1.14.1/STM32CubeIDE/plugins/com.st.stm32cube.ide.mcu.externaltools.gnu-tools-for-stm32.11.3.rel1.win32_1.1.100.202309141235/tools/bin/../lib/gcc/arm-none-eabi/11.3.1/thumb/v7e-m+fp/hard\libgcc.a(_arm_addsubdf3.o)
                0x0000000008000280                __aeabi_drsub
                0x0000000008000288                __aeabi_dsub
                0x0000000008000288                __subdf3
                0x000000000800028c                __aeabi_dadd
                0x000000000800028c                __adddf3
                0x0000000008000504                __floatunsidf
                0x0000000008000504                __aeabi_ui2d
                0x0000000008000524                __floatsidf
                0x0000000008000524                __aeabi_i2d
                0x0000000008000548                __aeabi_f2d
                0x0000000008000548                __extendsfdf2
                0x000000000800058c                __floatundidf
                0x000000000800058c                __aeabi_ul2d
                0x000000000800059c                __floatdidf
                0x000000000800059c                __aeabi_l2d
 .text          0x00000000080005f8      0x424 C:/ST/STM32CubeIDE_1.14.1/STM32CubeIDE/plugins/com.st.stm32cube.ide.mcu.externaltools.gnu-tools-for-stm32.11.3.rel1.win32_1.1.100.202309141235/tools/bin/../lib/gcc/arm-none-eabi/11.3.1/thumb/v7e-m+fp/hard\libgcc.a(_arm_muldivdf3.o)
                0x00000000080005f8                __aeabi_dmul
                0x00000000080005f8                __muldf3
                0x000000000800084c                __divdf3
                0x000000000800084c                __aeabi_ddiv
 .text          0x0000000008000a1c      0x110 C:/ST/STM32CubeIDE_1.14.1/STM32CubeIDE/plugins/com.st.stm32cube.ide.mcu.externaltools.gnu-tools-for-stm32.11.3.rel1.win32_1.1.100.202309141235/tools/bin/../lib/gcc/arm-none-eabi/11.3.1/thumb/v7e-m+fp/hard\libgcc.a(_arm_cmpdf2.o)
                0x0000000008000a1c                __gtdf2
                0x0000000008000a1c                __gedf2
                0x0000000008000a24                __ltdf2
                0x0000000008000a24                __ledf2
                0x0000000008000a2c                __nedf2
                0x0000000008000a2c                __eqdf2
                0x0000000008000a2c                __cmpdf2
                0x0000000008000aa8                __aeabi_cdrcmple
                0x0000000008000ab8                __aeabi_cdcmpeq
                0x0000000008000ab8                __aeabi_cdcmple
                0x0000000008000ac8                __aeabi_dcmpeq
                0x0000000008000adc                __aeabi_dcmplt
                0x0000000008000af0                __aeabi_dcmple
                0x0000000008000b04                __aeabi_dcmpge
                0x0000000008000b18                __aeabi_dcmpgt
 .text          0x0000000008000b2c       0x2c C:/ST/STM32CubeIDE_1.14.1/STM32CubeIDE/plugins/com.st.stm32cube.ide.mcu.externaltools.gnu-tools-for-stm32.11.3.rel1.win32_1.1.100.202309141235/tools/bin/../lib/gcc/arm-none-eabi/11.3.1/thumb/v7e-m+fp/hard\libgcc.a(_arm_unorddf2.o)
                0x0000000008000b2c                __unorddf2
                0x0000000008000b2c                __aeabi_dcmpun
 .text          0x0000000008000b58       0x50 C:/ST/STM32CubeIDE_1.14.1/STM32CubeIDE/plugins/com.st.stm32cube.ide.mcu.externaltools.gnu-tools-for-stm32.11.3.rel1.win32_1.1.100.202309141235/tools/bin/../lib/gcc/arm-none-eabi/11.3.1/thumb/v7e-m+fp/hard\libgcc.a(_arm_fixdfsi.o)
                0x0000000008000b58                __aeabi_d2iz
                0x0000000008000b58                __fixdfsi
 .text          0x0000000008000ba8       0x40 C:/ST/STM32CubeIDE_1.14.1/STM32CubeIDE/plugins/com.st.stm32cube.ide.mcu.externaltools.gnu-tools-for-stm32.11.3.rel1.win32_1.1.100.202309141235/tools/bin/../lib/gcc/arm-none-eabi/11.3.1/thumb/v7e-m+fp/hard\libgcc.a(_arm_fixunsdfsi.o)
                0x0000000008000ba8                __aeabi_d2uiz
                0x0000000008000ba8                __fixunsdfsi
 .text          0x0000000008000be8       0xa0 C:/ST/STM32CubeIDE_1.14.1/STM32CubeIDE/plugins/com.st.stm32cube.ide.mcu.externaltools.gnu-tools-for-stm32.11.3.rel1.win32_1.1.100.202309141235/tools/bin/../lib/gcc/arm-none-eabi/11.3.1/thumb/v7e-m+fp/hard\libgcc.a(_arm_truncdfsf2.o)
                0x0000000008000be8                __truncdfsf2
                0x0000000008000be8                __aeabi_d2f
 .text          0x0000000008000c88       0x30 C:/ST/STM32CubeIDE_1.14.1/STM32CubeIDE/plugins/com.st.stm32cube.ide.mcu.externaltools.gnu-tools-for-stm32.11.3.rel1.win32_1.1.100.202309141235/tools/bin/../lib/gcc/arm-none-eabi/11.3.1/thumb/v7e-m+fp/hard\libgcc.a(_aeabi_uldivmod.o)
                0x0000000008000c88                __aeabi_uldivmod
 .text          0x0000000008000cb8      0x2c8 C:/ST/STM32CubeIDE_1.14.1/STM32CubeIDE/plugins/com.st.stm32cube.ide.mcu.externaltools.gnu-tools-for-stm32.11.3.rel1.win32_1.1.100.202309141235/tools/bin/../lib/gcc/arm-none-eabi/11.3.1/thumb/v7e-m+fp/hard\libgcc.a(_udivmoddi4.o)
                0x0000000008000cb8                __udivmoddi4
 .text          0x0000000008000f80        0x4 C:/ST/STM32CubeIDE_1.14.1/STM32CubeIDE/plugins/com.st.stm32cube.ide.mcu.externaltools.gnu-tools-for-stm32.11.3.rel1.win32_1.1.100.202309141235/tools/bin/../lib/gcc/arm-none-eabi/11.3.1/thumb/v7e-m+fp/hard\libgcc.a(_dvmd_tls.o)
                0x0000000008000f80                __aeabi_idiv0
                0x0000000008000f80                __aeabi_ldiv0
 *(.text*)
 .text.main     0x0000000008000f84       0xf4 ./Core/Src/main.o
                0x0000000008000f84                main
 .text.SystemClock_Config
                0x0000000008001078       0xbc ./Core/Src/main.o
                0x0000000008001078                SystemClock_Config
 .text.MX_ADC1_Init
                0x0000000008001134       0xc0 ./Core/Src/main.o
 .text.MX_I2C1_Init
                0x00000000080011f4       0x5c ./Core/Src/main.o
 .text.MX_I2C2_Init
                0x0000000008001250       0x5c ./Core/Src/main.o
 .text.MX_TIM1_Init
                0x00000000080012ac      0x104 ./Core/Src/main.o
 .text.MX_TIM2_Init
                0x00000000080013b0       0xa8 ./Core/Src/main.o
 .text.MX_TIM3_Init
                0x0000000008001458       0xa8 ./Core/Src/main.o
 .text.MX_TIM4_Init
                0x0000000008001500       0xa8 ./Core/Src/main.o
 .text.MX_TIM6_Init
                0x00000000080015a8       0x6c ./Core/Src/main.o
 .text.MX_TIM8_Init
                0x0000000008001614      0x154 ./Core/Src/main.o
 .text.MX_USART3_UART_Init
                0x0000000008001768       0x54 ./Core/Src/main.o
 .text.MX_DMA_Init
                0x00000000080017bc       0x6c ./Core/Src/main.o
 .text.MX_GPIO_Init
                0x0000000008001828      0x198 ./Core/Src/main.o
 .text.HAL_TIM_IC_CaptureCallback
                0x00000000080019c0      0x128 ./Core/Src/main.o
                0x00000000080019c0                HAL_TIM_IC_CaptureCallback
 .text.HAL_UART_RxCpltCallback
                0x0000000008001ae8       0x90 ./Core/Src/main.o
                0x0000000008001ae8                HAL_UART_RxCpltCallback
 .text.IMU_Initialise
                0x0000000008001b78      0x14c ./Core/Src/main.o
                0x0000000008001b78                IMU_Initialise
 .text.IMU_ReadOneByte
                0x0000000008001cc4       0x44 ./Core/Src/main.o
                0x0000000008001cc4                IMU_ReadOneByte
 .text.IMU_WriteOneByte
                0x0000000008001d08       0x3e ./Core/Src/main.o
                0x0000000008001d08                IMU_WriteOneByte
 *fill*         0x0000000008001d46        0x2 
 .text.HAL_I2C_MemRxCpltCallback
                0x0000000008001d48       0x2c ./Core/Src/main.o
                0x0000000008001d48                HAL_I2C_MemRxCpltCallback
 *fill*         0x0000000008001d74        0x4 
 .text.turnLeft
                0x0000000008001d78      0x204 ./Core/Src/main.o
                0x0000000008001d78                turnLeft
 *fill*         0x0000000008001f7c        0x4 
 .text.turnRight
                0x0000000008001f80      0x200 ./Core/Src/main.o
                0x0000000008001f80                turnRight
 .text.maintainStraightPath
                0x0000000008002180      0x5c0 ./Core/Src/main.o
                0x0000000008002180                maintainStraightPath
 .text.adjustServoToCenter
                0x0000000008002740       0x60 ./Core/Src/main.o
                0x0000000008002740                adjustServoToCenter
 .text.StartDefaultTask
                0x00000000080027a0       0x10 ./Core/Src/main.o
                0x00000000080027a0                StartDefaultTask
 .text.motor    0x00000000080027b0      0x3cc ./Core/Src/main.o
                0x00000000080027b0                motor
 .text.encoder  0x0000000008002b7c      0x130 ./Core/Src/main.o
                0x0000000008002b7c                encoder
 *fill*         0x0000000008002cac        0x4 
 .text.Gyro     0x0000000008002cb0      0x1a0 ./Core/Src/main.o
                0x0000000008002cb0                Gyro
 .text.start_ultrasonic
                0x0000000008002e50       0x1c ./Core/Src/main.o
                0x0000000008002e50                start_ultrasonic
 .text.ir_task  0x0000000008002e6c        0xa ./Core/Src/main.o
                0x0000000008002e6c                ir_task
 .text.Error_Handler
                0x0000000008002e76        0xa ./Core/Src/main.o
                0x0000000008002e76                Error_Handler
 .text.OLED_Refresh_Gram
                0x0000000008002e80       0x70 ./Core/Src/oled.o
                0x0000000008002e80                OLED_Refresh_Gram
 .text.OLED_WR_Byte
                0x0000000008002ef0       0x94 ./Core/Src/oled.o
                0x0000000008002ef0                OLED_WR_Byte
 .text.OLED_Clear
                0x0000000008002f84       0x4c ./Core/Src/oled.o
                0x0000000008002f84                OLED_Clear
 .text.OLED_Init
                0x0000000008002fd0      0x118 ./Core/Src/oled.o
                0x0000000008002fd0                OLED_Init
 .text.HAL_MspInit
                0x00000000080030e8       0x68 ./Core/Src/stm32f4xx_hal_msp.o
                0x00000000080030e8                HAL_MspInit
 .text.HAL_ADC_MspInit
                0x0000000008003150       0xec ./Core/Src/stm32f4xx_hal_msp.o
                0x0000000008003150                HAL_ADC_MspInit
 .text.HAL_I2C_MspInit
                0x000000000800323c      0x160 ./Core/Src/stm32f4xx_hal_msp.o
                0x000000000800323c                HAL_I2C_MspInit
 .text.HAL_TIM_PWM_MspInit
                0x000000000800339c       0x44 ./Core/Src/stm32f4xx_hal_msp.o
                0x000000000800339c                HAL_TIM_PWM_MspInit
 .text.HAL_TIM_Encoder_MspInit
                0x00000000080033e0      0x134 ./Core/Src/stm32f4xx_hal_msp.o
                0x00000000080033e0                HAL_TIM_Encoder_MspInit
 .text.HAL_TIM_IC_MspInit
                0x0000000008003514       0xa0 ./Core/Src/stm32f4xx_hal_msp.o
                0x0000000008003514                HAL_TIM_IC_MspInit
 .text.HAL_TIM_Base_MspInit
                0x00000000080035b4       0xbc ./Core/Src/stm32f4xx_hal_msp.o
                0x00000000080035b4                HAL_TIM_Base_MspInit
 .text.HAL_TIM_MspPostInit
                0x0000000008003670       0x74 ./Core/Src/stm32f4xx_hal_msp.o
                0x0000000008003670                HAL_TIM_MspPostInit
 .text.HAL_UART_MspInit
                0x00000000080036e4       0xa0 ./Core/Src/stm32f4xx_hal_msp.o
                0x00000000080036e4                HAL_UART_MspInit
 .text.NMI_Handler
                0x0000000008003784        0x6 ./Core/Src/stm32f4xx_it.o
                0x0000000008003784                NMI_Handler
 .text.HardFault_Handler
                0x000000000800378a        0x6 ./Core/Src/stm32f4xx_it.o
                0x000000000800378a                HardFault_Handler
 .text.MemManage_Handler
                0x0000000008003790        0x6 ./Core/Src/stm32f4xx_it.o
                0x0000000008003790                MemManage_Handler
 .text.BusFault_Handler
                0x0000000008003796        0x6 ./Core/Src/stm32f4xx_it.o
                0x0000000008003796                BusFault_Handler
 .text.UsageFault_Handler
                0x000000000800379c        0x6 ./Core/Src/stm32f4xx_it.o
                0x000000000800379c                UsageFault_Handler
 .text.DebugMon_Handler
                0x00000000080037a2        0xe ./Core/Src/stm32f4xx_it.o
                0x00000000080037a2                DebugMon_Handler
 .text.SysTick_Handler
                0x00000000080037b0       0x1a ./Core/Src/stm32f4xx_it.o
                0x00000000080037b0                SysTick_Handler
 .text.RCC_IRQHandler
                0x00000000080037ca        0xe ./Core/Src/stm32f4xx_it.o
                0x00000000080037ca                RCC_IRQHandler
 .text.DMA1_Stream0_IRQHandler
                0x00000000080037d8       0x14 ./Core/Src/stm32f4xx_it.o
                0x00000000080037d8                DMA1_Stream0_IRQHandler
 .text.TIM4_IRQHandler
                0x00000000080037ec       0x14 ./Core/Src/stm32f4xx_it.o
                0x00000000080037ec                TIM4_IRQHandler
 .text.USART3_IRQHandler
                0x0000000008003800       0x14 ./Core/Src/stm32f4xx_it.o
                0x0000000008003800                USART3_IRQHandler
 .text.DMA2_Stream0_IRQHandler
                0x0000000008003814       0x14 ./Core/Src/stm32f4xx_it.o
                0x0000000008003814                DMA2_Stream0_IRQHandler
 .text._getpid  0x0000000008003828       0x10 ./Core/Src/syscalls.o
                0x0000000008003828                _getpid
 .text._kill    0x0000000008003838       0x20 ./Core/Src/syscalls.o
                0x0000000008003838                _kill
 .text._exit    0x0000000008003858       0x14 ./Core/Src/syscalls.o
                0x0000000008003858                _exit
 .text._read    0x000000000800386c       0x3a ./Core/Src/syscalls.o
                0x000000000800386c                _read
 .text._write   0x00000000080038a6       0x38 ./Core/Src/syscalls.o
                0x00000000080038a6                _write
 .text._close   0x00000000080038de       0x18 ./Core/Src/syscalls.o
                0x00000000080038de                _close
 .text._fstat   0x00000000080038f6       0x20 ./Core/Src/syscalls.o
                0x00000000080038f6                _fstat
 .text._isatty  0x0000000008003916       0x16 ./Core/Src/syscalls.o
                0x0000000008003916                _isatty
 .text._lseek   0x000000000800392c       0x1a ./Core/Src/syscalls.o
                0x000000000800392c                _lseek
 *fill*         0x0000000008003946        0x2 
 .text._sbrk    0x0000000008003948       0x6c ./Core/Src/sysmem.o
                0x0000000008003948                _sbrk
 .text.SystemInit
                0x00000000080039b4       0x24 ./Core/Src/system_stm32f4xx.o
                0x00000000080039b4                SystemInit
 .text.Reset_Handler
                0x00000000080039d8       0x50 ./Core/Startup/startup_stm32f407vetx.o
                0x00000000080039d8                Reset_Handler
 .text.Default_Handler
                0x0000000008003a28        0x2 ./Core/Startup/startup_stm32f407vetx.o
                0x0000000008003a28                RTC_Alarm_IRQHandler
                0x0000000008003a28                HASH_RNG_IRQHandler
                0x0000000008003a28                EXTI2_IRQHandler
                0x0000000008003a28                TIM8_CC_IRQHandler
                0x0000000008003a28                TIM1_CC_IRQHandler
                0x0000000008003a28                DMA2_Stream5_IRQHandler
                0x0000000008003a28                DMA1_Stream5_IRQHandler
                0x0000000008003a28                PVD_IRQHandler
                0x0000000008003a28                SDIO_IRQHandler
                0x0000000008003a28                TAMP_STAMP_IRQHandler
                0x0000000008003a28                CAN2_RX1_IRQHandler
                0x0000000008003a28                EXTI3_IRQHandler
                0x0000000008003a28                TIM8_TRG_COM_TIM14_IRQHandler
                0x0000000008003a28                TIM1_UP_TIM10_IRQHandler
                0x0000000008003a28                TIM8_UP_TIM13_IRQHandler
                0x0000000008003a28                I2C3_ER_IRQHandler
                0x0000000008003a28                EXTI0_IRQHandler
                0x0000000008003a28                I2C2_EV_IRQHandler
                0x0000000008003a28                DMA1_Stream2_IRQHandler
                0x0000000008003a28                CAN1_RX0_IRQHandler
                0x0000000008003a28                FPU_IRQHandler
                0x0000000008003a28                OTG_HS_WKUP_IRQHandler
                0x0000000008003a28                CAN2_SCE_IRQHandler
                0x0000000008003a28                DMA2_Stream2_IRQHandler
                0x0000000008003a28                SPI1_IRQHandler
                0x0000000008003a28                TIM6_DAC_IRQHandler
                0x0000000008003a28                TIM1_BRK_TIM9_IRQHandler
                0x0000000008003a28                DCMI_IRQHandler
                0x0000000008003a28                CAN2_RX0_IRQHandler
                0x0000000008003a28                DMA2_Stream3_IRQHandler
                0x0000000008003a28                USART6_IRQHandler
                0x0000000008003a28                CAN1_RX1_IRQHandler
                0x0000000008003a28                UART5_IRQHandler
                0x0000000008003a28                I2C1_EV_IRQHandler
                0x0000000008003a28                DMA1_Stream6_IRQHandler
                0x0000000008003a28                DMA1_Stream1_IRQHandler
                0x0000000008003a28                UART4_IRQHandler
                0x0000000008003a28                TIM3_IRQHandler
                0x0000000008003a28                TIM8_BRK_TIM12_IRQHandler
                0x0000000008003a28                Default_Handler
                0x0000000008003a28                EXTI15_10_IRQHandler
                0x0000000008003a28                ADC_IRQHandler
                0x0000000008003a28                DMA1_Stream7_IRQHandler
                0x0000000008003a28                TIM7_IRQHandler
                0x0000000008003a28                CAN2_TX_IRQHandler
                0x0000000008003a28                TIM5_IRQHandler
                0x0000000008003a28                DMA2_Stream7_IRQHandler
                0x0000000008003a28                I2C3_EV_IRQHandler
                0x0000000008003a28                EXTI9_5_IRQHandler
                0x0000000008003a28                RTC_WKUP_IRQHandler
                0x0000000008003a28                ETH_WKUP_IRQHandler
                0x0000000008003a28                SPI2_IRQHandler
                0x0000000008003a28                OTG_HS_EP1_IN_IRQHandler
                0x0000000008003a28                CAN1_TX_IRQHandler
                0x0000000008003a28                EXTI4_IRQHandler
                0x0000000008003a28                FSMC_IRQHandler
                0x0000000008003a28                ETH_IRQHandler
                0x0000000008003a28                OTG_HS_EP1_OUT_IRQHandler
                0x0000000008003a28                WWDG_IRQHandler
                0x0000000008003a28                TIM2_IRQHandler
                0x0000000008003a28                OTG_FS_WKUP_IRQHandler
                0x0000000008003a28                TIM1_TRG_COM_TIM11_IRQHandler
                0x0000000008003a28                OTG_HS_IRQHandler
                0x0000000008003a28                EXTI1_IRQHandler
                0x0000000008003a28                USART2_IRQHandler
                0x0000000008003a28                I2C2_ER_IRQHandler
                0x0000000008003a28                DMA2_Stream1_IRQHandler
                0x0000000008003a28                CAN1_SCE_IRQHandler
                0x0000000008003a28                FLASH_IRQHandler
                0x0000000008003a28                DMA2_Stream4_IRQHandler
                0x0000000008003a28                USART1_IRQHandler
                0x0000000008003a28                OTG_FS_IRQHandler
                0x0000000008003a28                SPI3_IRQHandler
                0x0000000008003a28                DMA1_Stream4_IRQHandler
                0x0000000008003a28                I2C1_ER_IRQHandler
                0x0000000008003a28                DMA2_Stream6_IRQHandler
                0x0000000008003a28                DMA1_Stream3_IRQHandler
 *fill*         0x0000000008003a2a        0x2 
 .text.HAL_Init
                0x0000000008003a2c       0x44 ./Drivers/STM32F4xx_HAL_Driver/Src/stm32f4xx_hal.o
                0x0000000008003a2c                HAL_Init
 .text.HAL_InitTick
                0x0000000008003a70       0x60 ./Drivers/STM32F4xx_HAL_Driver/Src/stm32f4xx_hal.o
                0x0000000008003a70                HAL_InitTick
 .text.HAL_IncTick
                0x0000000008003ad0       0x28 ./Drivers/STM32F4xx_HAL_Driver/Src/stm32f4xx_hal.o
                0x0000000008003ad0                HAL_IncTick
 .text.HAL_GetTick
                0x0000000008003af8       0x18 ./Drivers/STM32F4xx_HAL_Driver/Src/stm32f4xx_hal.o
                0x0000000008003af8                HAL_GetTick
 .text.HAL_Delay
                0x0000000008003b10       0x48 ./Drivers/STM32F4xx_HAL_Driver/Src/stm32f4xx_hal.o
                0x0000000008003b10                HAL_Delay
 .text.HAL_ADC_Init
                0x0000000008003b58       0x86 ./Drivers/STM32F4xx_HAL_Driver/Src/stm32f4xx_hal_adc.o
                0x0000000008003b58                HAL_ADC_Init
 *fill*         0x0000000008003bde        0x2 
 .text.HAL_ADC_ConfigChannel
                0x0000000008003be0      0x244 ./Drivers/STM32F4xx_HAL_Driver/Src/stm32f4xx_hal_adc.o
                0x0000000008003be0                HAL_ADC_ConfigChannel
 .text.ADC_Init
                0x0000000008003e24      0x1f8 ./Drivers/STM32F4xx_HAL_Driver/Src/stm32f4xx_hal_adc.o
 .text.__NVIC_SetPriorityGrouping
                0x000000000800401c       0x48 ./Drivers/STM32F4xx_HAL_Driver/Src/stm32f4xx_hal_cortex.o
 .text.__NVIC_GetPriorityGrouping
                0x0000000008004064       0x1c ./Drivers/STM32F4xx_HAL_Driver/Src/stm32f4xx_hal_cortex.o
 .text.__NVIC_EnableIRQ
                0x0000000008004080       0x3c ./Drivers/STM32F4xx_HAL_Driver/Src/stm32f4xx_hal_cortex.o
 .text.__NVIC_SetPriority
                0x00000000080040bc       0x54 ./Drivers/STM32F4xx_HAL_Driver/Src/stm32f4xx_hal_cortex.o
 .text.NVIC_EncodePriority
                0x0000000008004110       0x66 ./Drivers/STM32F4xx_HAL_Driver/Src/stm32f4xx_hal_cortex.o
 *fill*         0x0000000008004176        0x2 
 .text.SysTick_Config
                0x0000000008004178       0x44 ./Drivers/STM32F4xx_HAL_Driver/Src/stm32f4xx_hal_cortex.o
 .text.HAL_NVIC_SetPriorityGrouping
                0x00000000080041bc       0x16 ./Drivers/STM32F4xx_HAL_Driver/Src/stm32f4xx_hal_cortex.o
                0x00000000080041bc                HAL_NVIC_SetPriorityGrouping
 .text.HAL_NVIC_SetPriority
                0x00000000080041d2       0x38 ./Drivers/STM32F4xx_HAL_Driver/Src/stm32f4xx_hal_cortex.o
                0x00000000080041d2                HAL_NVIC_SetPriority
 .text.HAL_NVIC_EnableIRQ
                0x000000000800420a       0x1c ./Drivers/STM32F4xx_HAL_Driver/Src/stm32f4xx_hal_cortex.o
                0x000000000800420a                HAL_NVIC_EnableIRQ
 .text.HAL_SYSTICK_Config
                0x0000000008004226       0x18 ./Drivers/STM32F4xx_HAL_Driver/Src/stm32f4xx_hal_cortex.o
                0x0000000008004226                HAL_SYSTICK_Config
 *fill*         0x000000000800423e        0x2 
 .text.HAL_DMA_Init
                0x0000000008004240      0x15c ./Drivers/STM32F4xx_HAL_Driver/Src/stm32f4xx_hal_dma.o
                0x0000000008004240                HAL_DMA_Init
 .text.HAL_DMA_Start_IT
                0x000000000800439c       0xb0 ./Drivers/STM32F4xx_HAL_Driver/Src/stm32f4xx_hal_dma.o
                0x000000000800439c                HAL_DMA_Start_IT
 .text.HAL_DMA_Abort
                0x000000000800444c       0xe0 ./Drivers/STM32F4xx_HAL_Driver/Src/stm32f4xx_hal_dma.o
                0x000000000800444c                HAL_DMA_Abort
 .text.HAL_DMA_Abort_IT
                0x000000000800452c       0x44 ./Drivers/STM32F4xx_HAL_Driver/Src/stm32f4xx_hal_dma.o
                0x000000000800452c                HAL_DMA_Abort_IT
 .text.HAL_DMA_IRQHandler
                0x0000000008004570      0x314 ./Drivers/STM32F4xx_HAL_Driver/Src/stm32f4xx_hal_dma.o
                0x0000000008004570                HAL_DMA_IRQHandler
 .text.HAL_DMA_GetError
                0x0000000008004884       0x18 ./Drivers/STM32F4xx_HAL_Driver/Src/stm32f4xx_hal_dma.o
                0x0000000008004884                HAL_DMA_GetError
 .text.DMA_SetConfig
                0x000000000800489c       0x5c ./Drivers/STM32F4xx_HAL_Driver/Src/stm32f4xx_hal_dma.o
 .text.DMA_CalcBaseAndBitshift
                0x00000000080048f8       0x6c ./Drivers/STM32F4xx_HAL_Driver/Src/stm32f4xx_hal_dma.o
 .text.DMA_CheckFifoParam
                0x0000000008004964       0xf8 ./Drivers/STM32F4xx_HAL_Driver/Src/stm32f4xx_hal_dma.o
 .text.HAL_GPIO_Init
                0x0000000008004a5c      0x338 ./Drivers/STM32F4xx_HAL_Driver/Src/stm32f4xx_hal_gpio.o
                0x0000000008004a5c                HAL_GPIO_Init
 .text.HAL_GPIO_WritePin
                0x0000000008004d94       0x32 ./Drivers/STM32F4xx_HAL_Driver/Src/stm32f4xx_hal_gpio.o
                0x0000000008004d94                HAL_GPIO_WritePin
 *fill*         0x0000000008004dc6        0x2 
 .text.HAL_I2C_Init
                0x0000000008004dc8      0x288 ./Drivers/STM32F4xx_HAL_Driver/Src/stm32f4xx_hal_i2c.o
                0x0000000008004dc8                HAL_I2C_Init
 .text.HAL_I2C_Mem_Write
                0x0000000008005050      0x1f4 ./Drivers/STM32F4xx_HAL_Driver/Src/stm32f4xx_hal_i2c.o
                0x0000000008005050                HAL_I2C_Mem_Write
 .text.HAL_I2C_Mem_Read
                0x0000000008005244      0x44c ./Drivers/STM32F4xx_HAL_Driver/Src/stm32f4xx_hal_i2c.o
                0x0000000008005244                HAL_I2C_Mem_Read
 .text.HAL_I2C_Mem_Read_DMA
                0x0000000008005690      0x328 ./Drivers/STM32F4xx_HAL_Driver/Src/stm32f4xx_hal_i2c.o
                0x0000000008005690                HAL_I2C_Mem_Read_DMA
 .text.HAL_I2C_MasterRxCpltCallback
                0x00000000080059b8       0x14 ./Drivers/STM32F4xx_HAL_Driver/Src/stm32f4xx_hal_i2c.o
                0x00000000080059b8                HAL_I2C_MasterRxCpltCallback
 .text.HAL_I2C_SlaveTxCpltCallback
                0x00000000080059cc       0x14 ./Drivers/STM32F4xx_HAL_Driver/Src/stm32f4xx_hal_i2c.o
                0x00000000080059cc                HAL_I2C_SlaveTxCpltCallback
 .text.HAL_I2C_SlaveRxCpltCallback
                0x00000000080059e0       0x14 ./Drivers/STM32F4xx_HAL_Driver/Src/stm32f4xx_hal_i2c.o
                0x00000000080059e0                HAL_I2C_SlaveRxCpltCallback
 .text.HAL_I2C_ErrorCallback
                0x00000000080059f4       0x14 ./Drivers/STM32F4xx_HAL_Driver/Src/stm32f4xx_hal_i2c.o
                0x00000000080059f4                HAL_I2C_ErrorCallback
 .text.I2C_RequestMemoryWrite
                0x0000000008005a08      0x12c ./Drivers/STM32F4xx_HAL_Driver/Src/stm32f4xx_hal_i2c.o
 .text.I2C_RequestMemoryRead
                0x0000000008005b34      0x1d0 ./Drivers/STM32F4xx_HAL_Driver/Src/stm32f4xx_hal_i2c.o
 .text.I2C_DMAXferCplt
                0x0000000008005d04      0x1aa ./Drivers/STM32F4xx_HAL_Driver/Src/stm32f4xx_hal_i2c.o
 .text.I2C_DMAError
                0x0000000008005eae       0x7a ./Drivers/STM32F4xx_HAL_Driver/Src/stm32f4xx_hal_i2c.o
 .text.I2C_WaitOnFlagUntilTimeout
                0x0000000008005f28       0xae ./Drivers/STM32F4xx_HAL_Driver/Src/stm32f4xx_hal_i2c.o
 .text.I2C_WaitOnMasterAddressFlagUntilTimeout
                0x0000000008005fd6       0xfe ./Drivers/STM32F4xx_HAL_Driver/Src/stm32f4xx_hal_i2c.o
 .text.I2C_WaitOnTXEFlagUntilTimeout
                0x00000000080060d4       0x82 ./Drivers/STM32F4xx_HAL_Driver/Src/stm32f4xx_hal_i2c.o
 .text.I2C_WaitOnBTFFlagUntilTimeout
                0x0000000008006156       0x82 ./Drivers/STM32F4xx_HAL_Driver/Src/stm32f4xx_hal_i2c.o
 .text.I2C_WaitOnRXNEFlagUntilTimeout
                0x00000000080061d8       0xac ./Drivers/STM32F4xx_HAL_Driver/Src/stm32f4xx_hal_i2c.o
 .text.I2C_IsAcknowledgeFailed
                0x0000000008006284       0x5e ./Drivers/STM32F4xx_HAL_Driver/Src/stm32f4xx_hal_i2c.o
 *fill*         0x00000000080062e2        0x2 
 .text.HAL_PWR_EnableBkUpAccess
                0x00000000080062e4       0x28 ./Drivers/STM32F4xx_HAL_Driver/Src/stm32f4xx_hal_pwr.o
                0x00000000080062e4                HAL_PWR_EnableBkUpAccess
 .text.HAL_PWR_DisableBkUpAccess
                0x000000000800630c       0x28 ./Drivers/STM32F4xx_HAL_Driver/Src/stm32f4xx_hal_pwr.o
                0x000000000800630c                HAL_PWR_DisableBkUpAccess
 .text.HAL_RCC_OscConfig
                0x0000000008006334      0x4f0 ./Drivers/STM32F4xx_HAL_Driver/Src/stm32f4xx_hal_rcc.o
                0x0000000008006334                HAL_RCC_OscConfig
 .text.HAL_RCC_ClockConfig
                0x0000000008006824      0x1cc ./Drivers/STM32F4xx_HAL_Driver/Src/stm32f4xx_hal_rcc.o
                0x0000000008006824                HAL_RCC_ClockConfig
 .text.HAL_RCC_GetSysClockFreq
                0x00000000080069f0      0x18c ./Drivers/STM32F4xx_HAL_Driver/Src/stm32f4xx_hal_rcc.o
                0x00000000080069f0                HAL_RCC_GetSysClockFreq
 .text.HAL_RCC_GetHCLKFreq
                0x0000000008006b7c       0x18 ./Drivers/STM32F4xx_HAL_Driver/Src/stm32f4xx_hal_rcc.o
                0x0000000008006b7c                HAL_RCC_GetHCLKFreq
 .text.HAL_RCC_GetPCLK1Freq
                0x0000000008006b94       0x28 ./Drivers/STM32F4xx_HAL_Driver/Src/stm32f4xx_hal_rcc.o
                0x0000000008006b94                HAL_RCC_GetPCLK1Freq
 .text.HAL_RCC_GetPCLK2Freq
                0x0000000008006bbc       0x28 ./Drivers/STM32F4xx_HAL_Driver/Src/stm32f4xx_hal_rcc.o
                0x0000000008006bbc                HAL_RCC_GetPCLK2Freq
 .text.HAL_TIM_Base_Init
                0x0000000008006be4       0x9e ./Drivers/STM32F4xx_HAL_Driver/Src/stm32f4xx_hal_tim.o
                0x0000000008006be4                HAL_TIM_Base_Init
 .text.HAL_TIM_PWM_Init
                0x0000000008006c82       0x9e ./Drivers/STM32F4xx_HAL_Driver/Src/stm32f4xx_hal_tim.o
                0x0000000008006c82                HAL_TIM_PWM_Init
 .text.HAL_TIM_PWM_Start
                0x0000000008006d20      0x190 ./Drivers/STM32F4xx_HAL_Driver/Src/stm32f4xx_hal_tim.o
                0x0000000008006d20                HAL_TIM_PWM_Start
 .text.HAL_TIM_IC_Init
                0x0000000008006eb0       0x9e ./Drivers/STM32F4xx_HAL_Driver/Src/stm32f4xx_hal_tim.o
                0x0000000008006eb0                HAL_TIM_IC_Init
 *fill*         0x0000000008006f4e        0x2 
 .text.HAL_TIM_IC_Start_IT
                0x0000000008006f50      0x250 ./Drivers/STM32F4xx_HAL_Driver/Src/stm32f4xx_hal_tim.o
                0x0000000008006f50                HAL_TIM_IC_Start_IT
 .text.HAL_TIM_Encoder_Init
                0x00000000080071a0      0x14c ./Drivers/STM32F4xx_HAL_Driver/Src/stm32f4xx_hal_tim.o
                0x00000000080071a0                HAL_TIM_Encoder_Init
 .text.HAL_TIM_Encoder_Start
                0x00000000080072ec      0x11c ./Drivers/STM32F4xx_HAL_Driver/Src/stm32f4xx_hal_tim.o
                0x00000000080072ec                HAL_TIM_Encoder_Start
 .text.HAL_TIM_IRQHandler
                0x0000000008007408      0x210 ./Drivers/STM32F4xx_HAL_Driver/Src/stm32f4xx_hal_tim.o
                0x0000000008007408                HAL_TIM_IRQHandler
 .text.HAL_TIM_IC_ConfigChannel
                0x0000000008007618      0x138 ./Drivers/STM32F4xx_HAL_Driver/Src/stm32f4xx_hal_tim.o
                0x0000000008007618                HAL_TIM_IC_ConfigChannel
 .text.HAL_TIM_PWM_ConfigChannel
                0x0000000008007750      0x184 ./Drivers/STM32F4xx_HAL_Driver/Src/stm32f4xx_hal_tim.o
                0x0000000008007750                HAL_TIM_PWM_ConfigChannel
 .text.HAL_TIM_ConfigClockSource
                0x00000000080078d4      0x18e ./Drivers/STM32F4xx_HAL_Driver/Src/stm32f4xx_hal_tim.o
                0x00000000080078d4                HAL_TIM_ConfigClockSource
 *fill*         0x0000000008007a62        0x2 
 .text.HAL_TIM_ReadCapturedValue
                0x0000000008007a64       0x88 ./Drivers/STM32F4xx_HAL_Driver/Src/stm32f4xx_hal_tim.o
                0x0000000008007a64                HAL_TIM_ReadCapturedValue
 .text.HAL_TIM_PeriodElapsedCallback
                0x0000000008007aec       0x14 ./Drivers/STM32F4xx_HAL_Driver/Src/stm32f4xx_hal_tim.o
                0x0000000008007aec                HAL_TIM_PeriodElapsedCallback
 .text.HAL_TIM_OC_DelayElapsedCallback
                0x0000000008007b00       0x14 ./Drivers/STM32F4xx_HAL_Driver/Src/stm32f4xx_hal_tim.o
                0x0000000008007b00                HAL_TIM_OC_DelayElapsedCallback
 .text.HAL_TIM_PWM_PulseFinishedCallback
                0x0000000008007b14       0x14 ./Drivers/STM32F4xx_HAL_Driver/Src/stm32f4xx_hal_tim.o
                0x0000000008007b14                HAL_TIM_PWM_PulseFinishedCallback
 .text.HAL_TIM_TriggerCallback
                0x0000000008007b28       0x14 ./Drivers/STM32F4xx_HAL_Driver/Src/stm32f4xx_hal_tim.o
                0x0000000008007b28                HAL_TIM_TriggerCallback
 .text.TIM_Base_SetConfig
                0x0000000008007b3c      0x140 ./Drivers/STM32F4xx_HAL_Driver/Src/stm32f4xx_hal_tim.o
                0x0000000008007b3c                TIM_Base_SetConfig
 .text.TIM_OC1_SetConfig
                0x0000000008007c7c       0xe0 ./Drivers/STM32F4xx_HAL_Driver/Src/stm32f4xx_hal_tim.o
 .text.TIM_OC2_SetConfig
                0x0000000008007d5c       0xec ./Drivers/STM32F4xx_HAL_Driver/Src/stm32f4xx_hal_tim.o
                0x0000000008007d5c                TIM_OC2_SetConfig
 .text.TIM_OC3_SetConfig
                0x0000000008007e48       0xe8 ./Drivers/STM32F4xx_HAL_Driver/Src/stm32f4xx_hal_tim.o
 .text.TIM_OC4_SetConfig
                0x0000000008007f30       0xac ./Drivers/STM32F4xx_HAL_Driver/Src/stm32f4xx_hal_tim.o
 .text.TIM_TI1_SetConfig
                0x0000000008007fdc       0xe8 ./Drivers/STM32F4xx_HAL_Driver/Src/stm32f4xx_hal_tim.o
                0x0000000008007fdc                TIM_TI1_SetConfig
 .text.TIM_TI1_ConfigInputStage
                0x00000000080080c4       0x5e ./Drivers/STM32F4xx_HAL_Driver/Src/stm32f4xx_hal_tim.o
 .text.TIM_TI2_SetConfig
                0x0000000008008122       0x7a ./Drivers/STM32F4xx_HAL_Driver/Src/stm32f4xx_hal_tim.o
 .text.TIM_TI2_ConfigInputStage
                0x000000000800819c       0x60 ./Drivers/STM32F4xx_HAL_Driver/Src/stm32f4xx_hal_tim.o
 .text.TIM_TI3_SetConfig
                0x00000000080081fc       0x78 ./Drivers/STM32F4xx_HAL_Driver/Src/stm32f4xx_hal_tim.o
 .text.TIM_TI4_SetConfig
                0x0000000008008274       0x7a ./Drivers/STM32F4xx_HAL_Driver/Src/stm32f4xx_hal_tim.o
 .text.TIM_ITRx_SetConfig
                0x00000000080082ee       0x36 ./Drivers/STM32F4xx_HAL_Driver/Src/stm32f4xx_hal_tim.o
 .text.TIM_ETR_SetConfig
                0x0000000008008324       0x40 ./Drivers/STM32F4xx_HAL_Driver/Src/stm32f4xx_hal_tim.o
                0x0000000008008324                TIM_ETR_SetConfig
 .text.TIM_CCxChannelCmd
                0x0000000008008364       0x4a ./Drivers/STM32F4xx_HAL_Driver/Src/stm32f4xx_hal_tim.o
                0x0000000008008364                TIM_CCxChannelCmd
 *fill*         0x00000000080083ae        0x2 
 .text.HAL_TIMEx_MasterConfigSynchronization
                0x00000000080083b0       0xf8 ./Drivers/STM32F4xx_HAL_Driver/Src/stm32f4xx_hal_tim_ex.o
                0x00000000080083b0                HAL_TIMEx_MasterConfigSynchronization
 .text.HAL_TIMEx_ConfigBreakDeadTime
                0x00000000080084a8       0xa4 ./Drivers/STM32F4xx_HAL_Driver/Src/stm32f4xx_hal_tim_ex.o
                0x00000000080084a8                HAL_TIMEx_ConfigBreakDeadTime
 .text.HAL_TIMEx_CommutCallback
                0x000000000800854c       0x14 ./Drivers/STM32F4xx_HAL_Driver/Src/stm32f4xx_hal_tim_ex.o
                0x000000000800854c                HAL_TIMEx_CommutCallback
 .text.HAL_TIMEx_BreakCallback
                0x0000000008008560       0x14 ./Drivers/STM32F4xx_HAL_Driver/Src/stm32f4xx_hal_tim_ex.o
                0x0000000008008560                HAL_TIMEx_BreakCallback
 .text.HAL_UART_Init
                0x0000000008008574       0x9a ./Drivers/STM32F4xx_HAL_Driver/Src/stm32f4xx_hal_uart.o
                0x0000000008008574                HAL_UART_Init
 .text.HAL_UART_Transmit
                0x000000000800860e      0x124 ./Drivers/STM32F4xx_HAL_Driver/Src/stm32f4xx_hal_uart.o
                0x000000000800860e                HAL_UART_Transmit
 .text.HAL_UART_Receive_IT
                0x0000000008008732       0x60 ./Drivers/STM32F4xx_HAL_Driver/Src/stm32f4xx_hal_uart.o
                0x0000000008008732                HAL_UART_Receive_IT
 *fill*         0x0000000008008792        0x2 
 .text.HAL_UART_IRQHandler
                0x0000000008008794      0x51c ./Drivers/STM32F4xx_HAL_Driver/Src/stm32f4xx_hal_uart.o
                0x0000000008008794                HAL_UART_IRQHandler
 .text.HAL_UART_TxCpltCallback
                0x0000000008008cb0       0x14 ./Drivers/STM32F4xx_HAL_Driver/Src/stm32f4xx_hal_uart.o
                0x0000000008008cb0                HAL_UART_TxCpltCallback
 .text.HAL_UART_ErrorCallback
                0x0000000008008cc4       0x14 ./Drivers/STM32F4xx_HAL_Driver/Src/stm32f4xx_hal_uart.o
                0x0000000008008cc4                HAL_UART_ErrorCallback
 .text.HAL_UARTEx_RxEventCallback
                0x0000000008008cd8       0x18 ./Drivers/STM32F4xx_HAL_Driver/Src/stm32f4xx_hal_uart.o
                0x0000000008008cd8                HAL_UARTEx_RxEventCallback
 .text.UART_WaitOnFlagUntilTimeout
                0x0000000008008cf0       0xdc ./Drivers/STM32F4xx_HAL_Driver/Src/stm32f4xx_hal_uart.o
 .text.UART_Start_Receive_IT
                0x0000000008008dcc       0x7c ./Drivers/STM32F4xx_HAL_Driver/Src/stm32f4xx_hal_uart.o
                0x0000000008008dcc                UART_Start_Receive_IT
 .text.UART_EndRxTransfer
                0x0000000008008e48       0xc6 ./Drivers/STM32F4xx_HAL_Driver/Src/stm32f4xx_hal_uart.o
 .text.UART_DMAAbortOnError
                0x0000000008008f0e       0x28 ./Drivers/STM32F4xx_HAL_Driver/Src/stm32f4xx_hal_uart.o
 .text.UART_Transmit_IT
                0x0000000008008f36       0xa0 ./Drivers/STM32F4xx_HAL_Driver/Src/stm32f4xx_hal_uart.o
 .text.UART_EndTransmit_IT
                0x0000000008008fd6       0x30 ./Drivers/STM32F4xx_HAL_Driver/Src/stm32f4xx_hal_uart.o
 .text.UART_Receive_IT
                0x0000000008009006      0x176 ./Drivers/STM32F4xx_HAL_Driver/Src/stm32f4xx_hal_uart.o
 .text.UART_SetConfig
                0x000000000800917c      0x4e8 ./Drivers/STM32F4xx_HAL_Driver/Src/stm32f4xx_hal_uart.o
 .text.__NVIC_SetPriority
                0x0000000008009664       0x54 ./Middlewares/Third_Party/FreeRTOS/Source/CMSIS_RTOS_V2/cmsis_os2.o
 .text.SVC_Setup
                0x00000000080096b8       0x12 ./Middlewares/Third_Party/FreeRTOS/Source/CMSIS_RTOS_V2/cmsis_os2.o
 *fill*         0x00000000080096ca        0x2 
 .text.osKernelInitialize
                0x00000000080096cc       0x48 ./Middlewares/Third_Party/FreeRTOS/Source/CMSIS_RTOS_V2/cmsis_os2.o
                0x00000000080096cc                osKernelInitialize
 .text.osKernelStart
                0x0000000008009714       0x4c ./Middlewares/Third_Party/FreeRTOS/Source/CMSIS_RTOS_V2/cmsis_os2.o
                0x0000000008009714                osKernelStart
 .text.osThreadNew
                0x0000000008009760      0x124 ./Middlewares/Third_Party/FreeRTOS/Source/CMSIS_RTOS_V2/cmsis_os2.o
                0x0000000008009760                osThreadNew
 .text.osDelay  0x0000000008009884       0x36 ./Middlewares/Third_Party/FreeRTOS/Source/CMSIS_RTOS_V2/cmsis_os2.o
                0x0000000008009884                osDelay
 *fill*         0x00000000080098ba        0x2 
 .text.vApplicationGetIdleTaskMemory
                0x00000000080098bc       0x34 ./Middlewares/Third_Party/FreeRTOS/Source/CMSIS_RTOS_V2/cmsis_os2.o
                0x00000000080098bc                vApplicationGetIdleTaskMemory
 .text.vApplicationGetTimerTaskMemory
                0x00000000080098f0       0x34 ./Middlewares/Third_Party/FreeRTOS/Source/CMSIS_RTOS_V2/cmsis_os2.o
                0x00000000080098f0                vApplicationGetTimerTaskMemory
 .text.vListInitialise
                0x0000000008009924       0x40 ./Middlewares/Third_Party/FreeRTOS/Source/list.o
                0x0000000008009924                vListInitialise
 .text.vListInitialiseItem
                0x0000000008009964       0x1a ./Middlewares/Third_Party/FreeRTOS/Source/list.o
                0x0000000008009964                vListInitialiseItem
 .text.vListInsertEnd
                0x000000000800997e       0x48 ./Middlewares/Third_Party/FreeRTOS/Source/list.o
                0x000000000800997e                vListInsertEnd
 .text.vListInsert
                0x00000000080099c6       0x72 ./Middlewares/Third_Party/FreeRTOS/Source/list.o
                0x00000000080099c6                vListInsert
 .text.uxListRemove
                0x0000000008009a38       0x54 ./Middlewares/Third_Party/FreeRTOS/Source/list.o
                0x0000000008009a38                uxListRemove
 .text.xQueueGenericReset
                0x0000000008009a8c       0xd0 ./Middlewares/Third_Party/FreeRTOS/Source/queue.o
                0x0000000008009a8c                xQueueGenericReset
 .text.xQueueGenericCreateStatic
                0x0000000008009b5c       0xf0 ./Middlewares/Third_Party/FreeRTOS/Source/queue.o
                0x0000000008009b5c                xQueueGenericCreateStatic
 .text.prvInitialiseNewQueue
                0x0000000008009c4c       0x46 ./Middlewares/Third_Party/FreeRTOS/Source/queue.o
 *fill*         0x0000000008009c92        0x2 
 .text.xQueueGenericSend
                0x0000000008009c94      0x1fc ./Middlewares/Third_Party/FreeRTOS/Source/queue.o
                0x0000000008009c94                xQueueGenericSend
 .text.xQueueGenericSendFromISR
                0x0000000008009e90      0x136 ./Middlewares/Third_Party/FreeRTOS/Source/queue.o
                0x0000000008009e90                xQueueGenericSendFromISR
 *fill*         0x0000000008009fc6        0x2 
 .text.xQueueReceive
                0x0000000008009fc8      0x1c0 ./Middlewares/Third_Party/FreeRTOS/Source/queue.o
                0x0000000008009fc8                xQueueReceive
 .text.prvCopyDataToQueue
                0x000000000800a188       0xd4 ./Middlewares/Third_Party/FreeRTOS/Source/queue.o
 .text.prvCopyDataFromQueue
                0x000000000800a25c       0x4c ./Middlewares/Third_Party/FreeRTOS/Source/queue.o
 .text.prvUnlockQueue
                0x000000000800a2a8       0xa4 ./Middlewares/Third_Party/FreeRTOS/Source/queue.o
 .text.prvIsQueueEmpty
                0x000000000800a34c       0x2c ./Middlewares/Third_Party/FreeRTOS/Source/queue.o
 .text.prvIsQueueFull
                0x000000000800a378       0x30 ./Middlewares/Third_Party/FreeRTOS/Source/queue.o
 .text.vQueueAddToRegistry
                0x000000000800a3a8       0x54 ./Middlewares/Third_Party/FreeRTOS/Source/queue.o
                0x000000000800a3a8                vQueueAddToRegistry
 .text.vQueueWaitForMessageRestricted
                0x000000000800a3fc       0x68 ./Middlewares/Third_Party/FreeRTOS/Source/queue.o
                0x000000000800a3fc                vQueueWaitForMessageRestricted
 .text.xTaskCreateStatic
                0x000000000800a464       0xba ./Middlewares/Third_Party/FreeRTOS/Source/tasks.o
                0x000000000800a464                xTaskCreateStatic
 .text.xTaskCreate
                0x000000000800a51e       0x8a ./Middlewares/Third_Party/FreeRTOS/Source/tasks.o
                0x000000000800a51e                xTaskCreate
 .text.prvInitialiseNewTask
                0x000000000800a5a8      0x11e ./Middlewares/Third_Party/FreeRTOS/Source/tasks.o
 *fill*         0x000000000800a6c6        0x2 
 .text.prvAddNewTaskToReadyList
                0x000000000800a6c8       0xe0 ./Middlewares/Third_Party/FreeRTOS/Source/tasks.o
 .text.vTaskDelay
                0x000000000800a7a8       0x68 ./Middlewares/Third_Party/FreeRTOS/Source/tasks.o
                0x000000000800a7a8                vTaskDelay
 .text.vTaskStartScheduler
                0x000000000800a810       0xcc ./Middlewares/Third_Party/FreeRTOS/Source/tasks.o
                0x000000000800a810                vTaskStartScheduler
 .text.vTaskSuspendAll
                0x000000000800a8dc       0x1c ./Middlewares/Third_Party/FreeRTOS/Source/tasks.o
                0x000000000800a8dc                vTaskSuspendAll
 .text.xTaskResumeAll
                0x000000000800a8f8      0x13c ./Middlewares/Third_Party/FreeRTOS/Source/tasks.o
                0x000000000800a8f8                xTaskResumeAll
 .text.xTaskGetTickCount
                0x000000000800aa34       0x20 ./Middlewares/Third_Party/FreeRTOS/Source/tasks.o
                0x000000000800aa34                xTaskGetTickCount
 .text.xTaskIncrementTick
                0x000000000800aa54      0x174 ./Middlewares/Third_Party/FreeRTOS/Source/tasks.o
                0x000000000800aa54                xTaskIncrementTick
 .text.vTaskSwitchContext
                0x000000000800abc8       0xbc ./Middlewares/Third_Party/FreeRTOS/Source/tasks.o
                0x000000000800abc8                vTaskSwitchContext
 .text.vTaskPlaceOnEventList
                0x000000000800ac84       0x48 ./Middlewares/Third_Party/FreeRTOS/Source/tasks.o
                0x000000000800ac84                vTaskPlaceOnEventList
 .text.vTaskPlaceOnEventListRestricted
                0x000000000800accc       0x58 ./Middlewares/Third_Party/FreeRTOS/Source/tasks.o
                0x000000000800accc                vTaskPlaceOnEventListRestricted
 .text.xTaskRemoveFromEventList
                0x000000000800ad24       0xc8 ./Middlewares/Third_Party/FreeRTOS/Source/tasks.o
                0x000000000800ad24                xTaskRemoveFromEventList
 .text.vTaskInternalSetTimeOutState
                0x000000000800adec       0x2c ./Middlewares/Third_Party/FreeRTOS/Source/tasks.o
                0x000000000800adec                vTaskInternalSetTimeOutState
 .text.xTaskCheckForTimeOut
                0x000000000800ae18       0xc4 ./Middlewares/Third_Party/FreeRTOS/Source/tasks.o
                0x000000000800ae18                xTaskCheckForTimeOut
 .text.vTaskMissedYield
                0x000000000800aedc       0x18 ./Middlewares/Third_Party/FreeRTOS/Source/tasks.o
                0x000000000800aedc                vTaskMissedYield
 .text.prvIdleTask
                0x000000000800aef4       0x30 ./Middlewares/Third_Party/FreeRTOS/Source/tasks.o
 .text.prvInitialiseTaskLists
                0x000000000800af24       0x80 ./Middlewares/Third_Party/FreeRTOS/Source/tasks.o
 .text.prvCheckTasksWaitingTermination
                0x000000000800afa4       0x5c ./Middlewares/Third_Party/FreeRTOS/Source/tasks.o
 .text.prvDeleteTCB
                0x000000000800b000       0x5e ./Middlewares/Third_Party/FreeRTOS/Source/tasks.o
 *fill*         0x000000000800b05e        0x2 
 .text.prvResetNextTaskUnblockTime
                0x000000000800b060       0x40 ./Middlewares/Third_Party/FreeRTOS/Source/tasks.o
 .text.xTaskGetSchedulerState
                0x000000000800b0a0       0x3c ./Middlewares/Third_Party/FreeRTOS/Source/tasks.o
                0x000000000800b0a0                xTaskGetSchedulerState
 .text.xTaskPriorityDisinherit
                0x000000000800b0dc       0xdc ./Middlewares/Third_Party/FreeRTOS/Source/tasks.o
                0x000000000800b0dc                xTaskPriorityDisinherit
 .text.prvAddCurrentTaskToDelayedList
                0x000000000800b1b8       0xa8 ./Middlewares/Third_Party/FreeRTOS/Source/tasks.o
 .text.xTimerCreateTimerTask
                0x000000000800b260       0x90 ./Middlewares/Third_Party/FreeRTOS/Source/timers.o
                0x000000000800b260                xTimerCreateTimerTask
 .text.xTimerGenericCommand
                0x000000000800b2f0       0x9c ./Middlewares/Third_Party/FreeRTOS/Source/timers.o
                0x000000000800b2f0                xTimerGenericCommand
 .text.prvProcessExpiredTimer
                0x000000000800b38c       0x98 ./Middlewares/Third_Party/FreeRTOS/Source/timers.o
 .text.prvTimerTask
                0x000000000800b424       0x24 ./Middlewares/Third_Party/FreeRTOS/Source/timers.o
 .text.prvProcessTimerOrBlockTask
                0x000000000800b448       0x9c ./Middlewares/Third_Party/FreeRTOS/Source/timers.o
 .text.prvGetNextExpireTime
                0x000000000800b4e4       0x48 ./Middlewares/Third_Party/FreeRTOS/Source/timers.o
 .text.prvSampleTimeNow
                0x000000000800b52c       0x40 ./Middlewares/Third_Party/FreeRTOS/Source/timers.o
 .text.prvInsertTimerInActiveList
                0x000000000800b56c       0x84 ./Middlewares/Third_Party/FreeRTOS/Source/timers.o
 .text.prvProcessReceivedCommands
                0x000000000800b5f0      0x1c4 ./Middlewares/Third_Party/FreeRTOS/Source/timers.o
 .text.prvSwitchTimerLists
                0x000000000800b7b4       0xc8 ./Middlewares/Third_Party/FreeRTOS/Source/timers.o
 .text.prvCheckForValidListAndQueue
                0x000000000800b87c       0x80 ./Middlewares/Third_Party/FreeRTOS/Source/timers.o
 .text.pxPortInitialiseStack
                0x000000000800b8fc       0x68 ./Middlewares/Third_Party/FreeRTOS/Source/portable/GCC/ARM_CM4F/port.o
                0x000000000800b8fc                pxPortInitialiseStack
 .text.prvTaskExitError
                0x000000000800b964       0x58 ./Middlewares/Third_Party/FreeRTOS/Source/portable/GCC/ARM_CM4F/port.o
 *fill*         0x000000000800b9bc        0x4 
 .text.SVC_Handler
                0x000000000800b9c0       0x28 ./Middlewares/Third_Party/FreeRTOS/Source/portable/GCC/ARM_CM4F/port.o
                0x000000000800b9c0                SVC_Handler
 .text.prvPortStartFirstTask
                0x000000000800b9e8       0x28 ./Middlewares/Third_Party/FreeRTOS/Source/portable/GCC/ARM_CM4F/port.o
 .text.xPortStartScheduler
                0x000000000800ba10      0x144 ./Middlewares/Third_Party/FreeRTOS/Source/portable/GCC/ARM_CM4F/port.o
                0x000000000800ba10                xPortStartScheduler
 .text.vPortEnterCritical
                0x000000000800bb54       0x60 ./Middlewares/Third_Party/FreeRTOS/Source/portable/GCC/ARM_CM4F/port.o
                0x000000000800bb54                vPortEnterCritical
 .text.vPortExitCritical
                0x000000000800bbb4       0x54 ./Middlewares/Third_Party/FreeRTOS/Source/portable/GCC/ARM_CM4F/port.o
                0x000000000800bbb4                vPortExitCritical
 *fill*         0x000000000800bc08        0x8 
 .text.PendSV_Handler
                0x000000000800bc10       0x68 ./Middlewares/Third_Party/FreeRTOS/Source/portable/GCC/ARM_CM4F/port.o
                0x000000000800bc10                PendSV_Handler
 .text.xPortSysTickHandler
                0x000000000800bc78       0x44 ./Middlewares/Third_Party/FreeRTOS/Source/portable/GCC/ARM_CM4F/port.o
                0x000000000800bc78                xPortSysTickHandler
 .text.vPortSetupTimerInterrupt
                0x000000000800bcbc       0x48 ./Middlewares/Third_Party/FreeRTOS/Source/portable/GCC/ARM_CM4F/port.o
                0x000000000800bcbc                vPortSetupTimerInterrupt
 .text.vPortEnableVFP
                0x000000000800bd04       0x14 ./Middlewares/Third_Party/FreeRTOS/Source/portable/GCC/ARM_CM4F/port.o
 .text.vPortValidateInterruptPriority
                0x000000000800bd18       0x80 ./Middlewares/Third_Party/FreeRTOS/Source/portable/GCC/ARM_CM4F/port.o
                0x000000000800bd18                vPortValidateInterruptPriority
 .text.pvPortMalloc
                0x000000000800bd98      0x198 ./Middlewares/Third_Party/FreeRTOS/Source/portable/MemMang/heap_4.o
                0x000000000800bd98                pvPortMalloc
 .text.vPortFree
                0x000000000800bf30       0xc4 ./Middlewares/Third_Party/FreeRTOS/Source/portable/MemMang/heap_4.o
                0x000000000800bf30                vPortFree
 .text.prvHeapInit
                0x000000000800bff4       0xc4 ./Middlewares/Third_Party/FreeRTOS/Source/portable/MemMang/heap_4.o
 .text.prvInsertBlockIntoFreeList
                0x000000000800c0b8       0xb4 ./Middlewares/Third_Party/FreeRTOS/Source/portable/MemMang/heap_4.o
 .text.__cvt    0x000000000800c16c       0xc4 C:/ST/STM32CubeIDE_1.14.1/STM32CubeIDE/plugins/com.st.stm32cube.ide.mcu.externaltools.gnu-tools-for-stm32.11.3.rel1.win32_1.1.100.202309141235/tools/bin/../lib/gcc/arm-none-eabi/11.3.1/../../../../arm-none-eabi/lib/thumb/v7e-m+fp/hard\libc_nano.a(libc_a-nano-vfprintf_float.o)
                0x000000000800c16c                __cvt
 .text.__exponent
                0x000000000800c230       0x7c C:/ST/STM32CubeIDE_1.14.1/STM32CubeIDE/plugins/com.st.stm32cube.ide.mcu.externaltools.gnu-tools-for-stm32.11.3.rel1.win32_1.1.100.202309141235/tools/bin/../lib/gcc/arm-none-eabi/11.3.1/../../../../arm-none-eabi/lib/thumb/v7e-m+fp/hard\libc_nano.a(libc_a-nano-vfprintf_float.o)
                0x000000000800c230                __exponent
 .text._printf_float
                0x000000000800c2ac      0x46c C:/ST/STM32CubeIDE_1.14.1/STM32CubeIDE/plugins/com.st.stm32cube.ide.mcu.externaltools.gnu-tools-for-stm32.11.3.rel1.win32_1.1.100.202309141235/tools/bin/../lib/gcc/arm-none-eabi/11.3.1/../../../../arm-none-eabi/lib/thumb/v7e-m+fp/hard\libc_nano.a(libc_a-nano-vfprintf_float.o)
                0x000000000800c2ac                _printf_float
 .text._printf_common
                0x000000000800c718       0xda C:/ST/STM32CubeIDE_1.14.1/STM32CubeIDE/plugins/com.st.stm32cube.ide.mcu.externaltools.gnu-tools-for-stm32.11.3.rel1.win32_1.1.100.202309141235/tools/bin/../lib/gcc/arm-none-eabi/11.3.1/../../../../arm-none-eabi/lib/thumb/v7e-m+fp/hard\libc_nano.a(libc_a-nano-vfprintf_i.o)
                0x000000000800c718                _printf_common
 *fill*         0x000000000800c7f2        0x2 
 .text._printf_i
                0x000000000800c7f4      0x244 C:/ST/STM32CubeIDE_1.14.1/STM32CubeIDE/plugins/com.st.stm32cube.ide.mcu.externaltools.gnu-tools-for-stm32.11.3.rel1.win32_1.1.100.202309141235/tools/bin/../lib/gcc/arm-none-eabi/11.3.1/../../../../arm-none-eabi/lib/thumb/v7e-m+fp/hard\libc_nano.a(libc_a-nano-vfprintf_i.o)
                0x000000000800c7f4                _printf_i
 .text.std      0x000000000800ca38       0x6c C:/ST/STM32CubeIDE_1.14.1/STM32CubeIDE/plugins/com.st.stm32cube.ide.mcu.externaltools.gnu-tools-for-stm32.11.3.rel1.win32_1.1.100.202309141235/tools/bin/../lib/gcc/arm-none-eabi/11.3.1/../../../../arm-none-eabi/lib/thumb/v7e-m+fp/hard\libc_nano.a(libc_a-findfp.o)
 .text.stdio_exit_handler
                0x000000000800caa4       0x18 C:/ST/STM32CubeIDE_1.14.1/STM32CubeIDE/plugins/com.st.stm32cube.ide.mcu.externaltools.gnu-tools-for-stm32.11.3.rel1.win32_1.1.100.202309141235/tools/bin/../lib/gcc/arm-none-eabi/11.3.1/../../../../arm-none-eabi/lib/thumb/v7e-m+fp/hard\libc_nano.a(libc_a-findfp.o)
 .text.cleanup_stdio
                0x000000000800cabc       0x40 C:/ST/STM32CubeIDE_1.14.1/STM32CubeIDE/plugins/com.st.stm32cube.ide.mcu.externaltools.gnu-tools-for-stm32.11.3.rel1.win32_1.1.100.202309141235/tools/bin/../lib/gcc/arm-none-eabi/11.3.1/../../../../arm-none-eabi/lib/thumb/v7e-m+fp/hard\libc_nano.a(libc_a-findfp.o)
 .text.global_stdio_init.part.0
                0x000000000800cafc       0x3c C:/ST/STM32CubeIDE_1.14.1/STM32CubeIDE/plugins/com.st.stm32cube.ide.mcu.externaltools.gnu-tools-for-stm32.11.3.rel1.win32_1.1.100.202309141235/tools/bin/../lib/gcc/arm-none-eabi/11.3.1/../../../../arm-none-eabi/lib/thumb/v7e-m+fp/hard\libc_nano.a(libc_a-findfp.o)
 .text.__sfp_lock_acquire
                0x000000000800cb38        0xc C:/ST/STM32CubeIDE_1.14.1/STM32CubeIDE/plugins/com.st.stm32cube.ide.mcu.externaltools.gnu-tools-for-stm32.11.3.rel1.win32_1.1.100.202309141235/tools/bin/../lib/gcc/arm-none-eabi/11.3.1/../../../../arm-none-eabi/lib/thumb/v7e-m+fp/hard\libc_nano.a(libc_a-findfp.o)
                0x000000000800cb38                __sfp_lock_acquire
 .text.__sfp_lock_release
                0x000000000800cb44        0xc C:/ST/STM32CubeIDE_1.14.1/STM32CubeIDE/plugins/com.st.stm32cube.ide.mcu.externaltools.gnu-tools-for-stm32.11.3.rel1.win32_1.1.100.202309141235/tools/bin/../lib/gcc/arm-none-eabi/11.3.1/../../../../arm-none-eabi/lib/thumb/v7e-m+fp/hard\libc_nano.a(libc_a-findfp.o)
                0x000000000800cb44                __sfp_lock_release
 .text.__sinit  0x000000000800cb50       0x30 C:/ST/STM32CubeIDE_1.14.1/STM32CubeIDE/plugins/com.st.stm32cube.ide.mcu.externaltools.gnu-tools-for-stm32.11.3.rel1.win32_1.1.100.202309141235/tools/bin/../lib/gcc/arm-none-eabi/11.3.1/../../../../arm-none-eabi/lib/thumb/v7e-m+fp/hard\libc_nano.a(libc_a-findfp.o)
                0x000000000800cb50                __sinit
 .text._fwalk_sglue
                0x000000000800cb80       0x3c C:/ST/STM32CubeIDE_1.14.1/STM32CubeIDE/plugins/com.st.stm32cube.ide.mcu.externaltools.gnu-tools-for-stm32.11.3.rel1.win32_1.1.100.202309141235/tools/bin/../lib/gcc/arm-none-eabi/11.3.1/../../../../arm-none-eabi/lib/thumb/v7e-m+fp/hard\libc_nano.a(libc_a-fwalk.o)
                0x000000000800cb80                _fwalk_sglue
 .text.__sread  0x000000000800cbbc       0x22 C:/ST/STM32CubeIDE_1.14.1/STM32CubeIDE/plugins/com.st.stm32cube.ide.mcu.externaltools.gnu-tools-for-stm32.11.3.rel1.win32_1.1.100.202309141235/tools/bin/../lib/gcc/arm-none-eabi/11.3.1/../../../../arm-none-eabi/lib/thumb/v7e-m+fp/hard\libc_nano.a(libc_a-stdio.o)
                0x000000000800cbbc                __sread
 .text.__swrite
                0x000000000800cbde       0x38 C:/ST/STM32CubeIDE_1.14.1/STM32CubeIDE/plugins/com.st.stm32cube.ide.mcu.externaltools.gnu-tools-for-stm32.11.3.rel1.win32_1.1.100.202309141235/tools/bin/../lib/gcc/arm-none-eabi/11.3.1/../../../../arm-none-eabi/lib/thumb/v7e-m+fp/hard\libc_nano.a(libc_a-stdio.o)
                0x000000000800cbde                __swrite
 .text.__sseek  0x000000000800cc16       0x24 C:/ST/STM32CubeIDE_1.14.1/STM32CubeIDE/plugins/com.st.stm32cube.ide.mcu.externaltools.gnu-tools-for-stm32.11.3.rel1.win32_1.1.100.202309141235/tools/bin/../lib/gcc/arm-none-eabi/11.3.1/../../../../arm-none-eabi/lib/thumb/v7e-m+fp/hard\libc_nano.a(libc_a-stdio.o)
                0x000000000800cc16                __sseek
 .text.__sclose
                0x000000000800cc3a        0x8 C:/ST/STM32CubeIDE_1.14.1/STM32CubeIDE/plugins/com.st.stm32cube.ide.mcu.externaltools.gnu-tools-for-stm32.11.3.rel1.win32_1.1.100.202309141235/tools/bin/../lib/gcc/arm-none-eabi/11.3.1/../../../../arm-none-eabi/lib/thumb/v7e-m+fp/hard\libc_nano.a(libc_a-stdio.o)
                0x000000000800cc3a                __sclose
 .text.memset   0x000000000800cc42       0x10 C:/ST/STM32CubeIDE_1.14.1/STM32CubeIDE/plugins/com.st.stm32cube.ide.mcu.externaltools.gnu-tools-for-stm32.11.3.rel1.win32_1.1.100.202309141235/tools/bin/../lib/gcc/arm-none-eabi/11.3.1/../../../../arm-none-eabi/lib/thumb/v7e-m+fp/hard\libc_nano.a(libc_a-memset.o)
                0x000000000800cc42                memset
 *fill*         0x000000000800cc52        0x2 
 .text._localeconv_r
                0x000000000800cc54        0x8 C:/ST/STM32CubeIDE_1.14.1/STM32CubeIDE/plugins/com.st.stm32cube.ide.mcu.externaltools.gnu-tools-for-stm32.11.3.rel1.win32_1.1.100.202309141235/tools/bin/../lib/gcc/arm-none-eabi/11.3.1/../../../../arm-none-eabi/lib/thumb/v7e-m+fp/hard\libc_nano.a(libc_a-localeconv.o)
                0x000000000800cc54                _localeconv_r
 .text._close_r
                0x000000000800cc5c       0x20 C:/ST/STM32CubeIDE_1.14.1/STM32CubeIDE/plugins/com.st.stm32cube.ide.mcu.externaltools.gnu-tools-for-stm32.11.3.rel1.win32_1.1.100.202309141235/tools/bin/../lib/gcc/arm-none-eabi/11.3.1/../../../../arm-none-eabi/lib/thumb/v7e-m+fp/hard\libc_nano.a(libc_a-closer.o)
                0x000000000800cc5c                _close_r
 .text._lseek_r
                0x000000000800cc7c       0x24 C:/ST/STM32CubeIDE_1.14.1/STM32CubeIDE/plugins/com.st.stm32cube.ide.mcu.externaltools.gnu-tools-for-stm32.11.3.rel1.win32_1.1.100.202309141235/tools/bin/../lib/gcc/arm-none-eabi/11.3.1/../../../../arm-none-eabi/lib/thumb/v7e-m+fp/hard\libc_nano.a(libc_a-lseekr.o)
                0x000000000800cc7c                _lseek_r
 .text._read_r  0x000000000800cca0       0x24 C:/ST/STM32CubeIDE_1.14.1/STM32CubeIDE/plugins/com.st.stm32cube.ide.mcu.externaltools.gnu-tools-for-stm32.11.3.rel1.win32_1.1.100.202309141235/tools/bin/../lib/gcc/arm-none-eabi/11.3.1/../../../../arm-none-eabi/lib/thumb/v7e-m+fp/hard\libc_nano.a(libc_a-readr.o)
                0x000000000800cca0                _read_r
 .text._write_r
                0x000000000800ccc4       0x24 C:/ST/STM32CubeIDE_1.14.1/STM32CubeIDE/plugins/com.st.stm32cube.ide.mcu.externaltools.gnu-tools-for-stm32.11.3.rel1.win32_1.1.100.202309141235/tools/bin/../lib/gcc/arm-none-eabi/11.3.1/../../../../arm-none-eabi/lib/thumb/v7e-m+fp/hard\libc_nano.a(libc_a-writer.o)
                0x000000000800ccc4                _write_r
 .text.__errno  0x000000000800cce8        0xc C:/ST/STM32CubeIDE_1.14.1/STM32CubeIDE/plugins/com.st.stm32cube.ide.mcu.externaltools.gnu-tools-for-stm32.11.3.rel1.win32_1.1.100.202309141235/tools/bin/../lib/gcc/arm-none-eabi/11.3.1/../../../../arm-none-eabi/lib/thumb/v7e-m+fp/hard\libc_nano.a(libc_a-errno.o)
                0x000000000800cce8                __errno
 .text.__libc_init_array
                0x000000000800ccf4       0x48 C:/ST/STM32CubeIDE_1.14.1/STM32CubeIDE/plugins/com.st.stm32cube.ide.mcu.externaltools.gnu-tools-for-stm32.11.3.rel1.win32_1.1.100.202309141235/tools/bin/../lib/gcc/arm-none-eabi/11.3.1/../../../../arm-none-eabi/lib/thumb/v7e-m+fp/hard\libc_nano.a(libc_a-init.o)
                0x000000000800ccf4                __libc_init_array
 .text.__retarget_lock_init_recursive
                0x000000000800cd3c        0x2 C:/ST/STM32CubeIDE_1.14.1/STM32CubeIDE/plugins/com.st.stm32cube.ide.mcu.externaltools.gnu-tools-for-stm32.11.3.rel1.win32_1.1.100.202309141235/tools/bin/../lib/gcc/arm-none-eabi/11.3.1/../../../../arm-none-eabi/lib/thumb/v7e-m+fp/hard\libc_nano.a(libc_a-lock.o)
                0x000000000800cd3c                __retarget_lock_init_recursive
 .text.__retarget_lock_acquire_recursive
                0x000000000800cd3e        0x2 C:/ST/STM32CubeIDE_1.14.1/STM32CubeIDE/plugins/com.st.stm32cube.ide.mcu.externaltools.gnu-tools-for-stm32.11.3.rel1.win32_1.1.100.202309141235/tools/bin/../lib/gcc/arm-none-eabi/11.3.1/../../../../arm-none-eabi/lib/thumb/v7e-m+fp/hard\libc_nano.a(libc_a-lock.o)
                0x000000000800cd3e                __retarget_lock_acquire_recursive
 .text.__retarget_lock_release_recursive
                0x000000000800cd40        0x2 C:/ST/STM32CubeIDE_1.14.1/STM32CubeIDE/plugins/com.st.stm32cube.ide.mcu.externaltools.gnu-tools-for-stm32.11.3.rel1.win32_1.1.100.202309141235/tools/bin/../lib/gcc/arm-none-eabi/11.3.1/../../../../arm-none-eabi/lib/thumb/v7e-m+fp/hard\libc_nano.a(libc_a-lock.o)
                0x000000000800cd40                __retarget_lock_release_recursive
 .text.memcpy   0x000000000800cd42       0x1c C:/ST/STM32CubeIDE_1.14.1/STM32CubeIDE/plugins/com.st.stm32cube.ide.mcu.externaltools.gnu-tools-for-stm32.11.3.rel1.win32_1.1.100.202309141235/tools/bin/../lib/gcc/arm-none-eabi/11.3.1/../../../../arm-none-eabi/lib/thumb/v7e-m+fp/hard\libc_nano.a(libc_a-memcpy-stub.o)
                0x000000000800cd42                memcpy
 .text.quorem   0x000000000800cd5e      0x110 C:/ST/STM32CubeIDE_1.14.1/STM32CubeIDE/plugins/com.st.stm32cube.ide.mcu.externaltools.gnu-tools-for-stm32.11.3.rel1.win32_1.1.100.202309141235/tools/bin/../lib/gcc/arm-none-eabi/11.3.1/../../../../arm-none-eabi/lib/thumb/v7e-m+fp/hard\libc_nano.a(libc_a-dtoa.o)
 *fill*         0x000000000800ce6e        0x2 
 .text._dtoa_r  0x000000000800ce70      0xbe4 C:/ST/STM32CubeIDE_1.14.1/STM32CubeIDE/plugins/com.st.stm32cube.ide.mcu.externaltools.gnu-tools-for-stm32.11.3.rel1.win32_1.1.100.202309141235/tools/bin/../lib/gcc/arm-none-eabi/11.3.1/../../../../arm-none-eabi/lib/thumb/v7e-m+fp/hard\libc_nano.a(libc_a-dtoa.o)
                0x000000000800ce70                _dtoa_r
 .text._free_r  0x000000000800da54       0x98 C:/ST/STM32CubeIDE_1.14.1/STM32CubeIDE/plugins/com.st.stm32cube.ide.mcu.externaltools.gnu-tools-for-stm32.11.3.rel1.win32_1.1.100.202309141235/tools/bin/../lib/gcc/arm-none-eabi/11.3.1/../../../../arm-none-eabi/lib/thumb/v7e-m+fp/hard\libc_nano.a(libc_a-freer.o)
                0x000000000800da54                _free_r
 .text.malloc   0x000000000800daec       0x10 C:/ST/STM32CubeIDE_1.14.1/STM32CubeIDE/plugins/com.st.stm32cube.ide.mcu.externaltools.gnu-tools-for-stm32.11.3.rel1.win32_1.1.100.202309141235/tools/bin/../lib/gcc/arm-none-eabi/11.3.1/../../../../arm-none-eabi/lib/thumb/v7e-m+fp/hard\libc_nano.a(libc_a-malloc.o)
                0x000000000800daec                malloc
 .text.sbrk_aligned
                0x000000000800dafc       0x40 C:/ST/STM32CubeIDE_1.14.1/STM32CubeIDE/plugins/com.st.stm32cube.ide.mcu.externaltools.gnu-tools-for-stm32.11.3.rel1.win32_1.1.100.202309141235/tools/bin/../lib/gcc/arm-none-eabi/11.3.1/../../../../arm-none-eabi/lib/thumb/v7e-m+fp/hard\libc_nano.a(libc_a-mallocr.o)
 .text._malloc_r
                0x000000000800db3c      0x100 C:/ST/STM32CubeIDE_1.14.1/STM32CubeIDE/plugins/com.st.stm32cube.ide.mcu.externaltools.gnu-tools-for-stm32.11.3.rel1.win32_1.1.100.202309141235/tools/bin/../lib/gcc/arm-none-eabi/11.3.1/../../../../arm-none-eabi/lib/thumb/v7e-m+fp/hard\libc_nano.a(libc_a-mallocr.o)
                0x000000000800db3c                _malloc_r
 .text.__malloc_lock
                0x000000000800dc3c        0xc C:/ST/STM32CubeIDE_1.14.1/STM32CubeIDE/plugins/com.st.stm32cube.ide.mcu.externaltools.gnu-tools-for-stm32.11.3.rel1.win32_1.1.100.202309141235/tools/bin/../lib/gcc/arm-none-eabi/11.3.1/../../../../arm-none-eabi/lib/thumb/v7e-m+fp/hard\libc_nano.a(libc_a-mlock.o)
                0x000000000800dc3c                __malloc_lock
 .text.__malloc_unlock
                0x000000000800dc48        0xc C:/ST/STM32CubeIDE_1.14.1/STM32CubeIDE/plugins/com.st.stm32cube.ide.mcu.externaltools.gnu-tools-for-stm32.11.3.rel1.win32_1.1.100.202309141235/tools/bin/../lib/gcc/arm-none-eabi/11.3.1/../../../../arm-none-eabi/lib/thumb/v7e-m+fp/hard\libc_nano.a(libc_a-mlock.o)
                0x000000000800dc48                __malloc_unlock
 .text._Balloc  0x000000000800dc54       0x80 C:/ST/STM32CubeIDE_1.14.1/STM32CubeIDE/plugins/com.st.stm32cube.ide.mcu.externaltools.gnu-tools-for-stm32.11.3.rel1.win32_1.1.100.202309141235/tools/bin/../lib/gcc/arm-none-eabi/11.3.1/../../../../arm-none-eabi/lib/thumb/v7e-m+fp/hard\libc_nano.a(libc_a-mprec.o)
                0x000000000800dc54                _Balloc
 .text._Bfree   0x000000000800dcd4       0x44 C:/ST/STM32CubeIDE_1.14.1/STM32CubeIDE/plugins/com.st.stm32cube.ide.mcu.externaltools.gnu-tools-for-stm32.11.3.rel1.win32_1.1.100.202309141235/tools/bin/../lib/gcc/arm-none-eabi/11.3.1/../../../../arm-none-eabi/lib/thumb/v7e-m+fp/hard\libc_nano.a(libc_a-mprec.o)
                0x000000000800dcd4                _Bfree
 .text.__multadd
                0x000000000800dd18       0x8c C:/ST/STM32CubeIDE_1.14.1/STM32CubeIDE/plugins/com.st.stm32cube.ide.mcu.externaltools.gnu-tools-for-stm32.11.3.rel1.win32_1.1.100.202309141235/tools/bin/../lib/gcc/arm-none-eabi/11.3.1/../../../../arm-none-eabi/lib/thumb/v7e-m+fp/hard\libc_nano.a(libc_a-mprec.o)
                0x000000000800dd18                __multadd
 .text.__hi0bits
                0x000000000800dda4       0x40 C:/ST/STM32CubeIDE_1.14.1/STM32CubeIDE/plugins/com.st.stm32cube.ide.mcu.externaltools.gnu-tools-for-stm32.11.3.rel1.win32_1.1.100.202309141235/tools/bin/../lib/gcc/arm-none-eabi/11.3.1/../../../../arm-none-eabi/lib/thumb/v7e-m+fp/hard\libc_nano.a(libc_a-mprec.o)
                0x000000000800dda4                __hi0bits
 .text.__lo0bits
                0x000000000800dde4       0x5a C:/ST/STM32CubeIDE_1.14.1/STM32CubeIDE/plugins/com.st.stm32cube.ide.mcu.externaltools.gnu-tools-for-stm32.11.3.rel1.win32_1.1.100.202309141235/tools/bin/../lib/gcc/arm-none-eabi/11.3.1/../../../../arm-none-eabi/lib/thumb/v7e-m+fp/hard\libc_nano.a(libc_a-mprec.o)
                0x000000000800dde4                __lo0bits
 *fill*         0x000000000800de3e        0x2 
 .text.__i2b    0x000000000800de40       0x2c C:/ST/STM32CubeIDE_1.14.1/STM32CubeIDE/plugins/com.st.stm32cube.ide.mcu.externaltools.gnu-tools-for-stm32.11.3.rel1.win32_1.1.100.202309141235/tools/bin/../lib/gcc/arm-none-eabi/11.3.1/../../../../arm-none-eabi/lib/thumb/v7e-m+fp/hard\libc_nano.a(libc_a-mprec.o)
                0x000000000800de40                __i2b
 .text.__multiply
                0x000000000800de6c      0x154 C:/ST/STM32CubeIDE_1.14.1/STM32CubeIDE/plugins/com.st.stm32cube.ide.mcu.externaltools.gnu-tools-for-stm32.11.3.rel1.win32_1.1.100.202309141235/tools/bin/../lib/gcc/arm-none-eabi/11.3.1/../../../../arm-none-eabi/lib/thumb/v7e-m+fp/hard\libc_nano.a(libc_a-mprec.o)
                0x000000000800de6c                __multiply
 .text.__pow5mult
                0x000000000800dfc0       0xb4 C:/ST/STM32CubeIDE_1.14.1/STM32CubeIDE/plugins/com.st.stm32cube.ide.mcu.externaltools.gnu-tools-for-stm32.11.3.rel1.win32_1.1.100.202309141235/tools/bin/../lib/gcc/arm-none-eabi/11.3.1/../../../../arm-none-eabi/lib/thumb/v7e-m+fp/hard\libc_nano.a(libc_a-mprec.o)
                0x000000000800dfc0                __pow5mult
 .text.__lshift
                0x000000000800e074       0xd8 C:/ST/STM32CubeIDE_1.14.1/STM32CubeIDE/plugins/com.st.stm32cube.ide.mcu.externaltools.gnu-tools-for-stm32.11.3.rel1.win32_1.1.100.202309141235/tools/bin/../lib/gcc/arm-none-eabi/11.3.1/../../../../arm-none-eabi/lib/thumb/v7e-m+fp/hard\libc_nano.a(libc_a-mprec.o)
                0x000000000800e074                __lshift
 .text.__mcmp   0x000000000800e14c       0x38 C:/ST/STM32CubeIDE_1.14.1/STM32CubeIDE/plugins/com.st.stm32cube.ide.mcu.externaltools.gnu-tools-for-stm32.11.3.rel1.win32_1.1.100.202309141235/tools/bin/../lib/gcc/arm-none-eabi/11.3.1/../../../../arm-none-eabi/lib/thumb/v7e-m+fp/hard\libc_nano.a(libc_a-mprec.o)
                0x000000000800e14c                __mcmp
 .text.__mdiff  0x000000000800e184      0x114 C:/ST/STM32CubeIDE_1.14.1/STM32CubeIDE/plugins/com.st.stm32cube.ide.mcu.externaltools.gnu-tools-for-stm32.11.3.rel1.win32_1.1.100.202309141235/tools/bin/../lib/gcc/arm-none-eabi/11.3.1/../../../../arm-none-eabi/lib/thumb/v7e-m+fp/hard\libc_nano.a(libc_a-mprec.o)
                0x000000000800e184                __mdiff
 .text.__d2b    0x000000000800e298       0xb4 C:/ST/STM32CubeIDE_1.14.1/STM32CubeIDE/plugins/com.st.stm32cube.ide.mcu.externaltools.gnu-tools-for-stm32.11.3.rel1.win32_1.1.100.202309141235/tools/bin/../lib/gcc/arm-none-eabi/11.3.1/../../../../arm-none-eabi/lib/thumb/v7e-m+fp/hard\libc_nano.a(libc_a-mprec.o)
                0x000000000800e298                __d2b
 .text.__sflush_r
                0x000000000800e34c      0x10c C:/ST/STM32CubeIDE_1.14.1/STM32CubeIDE/plugins/com.st.stm32cube.ide.mcu.externaltools.gnu-tools-for-stm32.11.3.rel1.win32_1.1.100.202309141235/tools/bin/../lib/gcc/arm-none-eabi/11.3.1/../../../../arm-none-eabi/lib/thumb/v7e-m+fp/hard\libc_nano.a(libc_a-fflush.o)
                0x000000000800e34c                __sflush_r
 .text._fflush_r
                0x000000000800e458       0x50 C:/ST/STM32CubeIDE_1.14.1/STM32CubeIDE/plugins/com.st.stm32cube.ide.mcu.externaltools.gnu-tools-for-stm32.11.3.rel1.win32_1.1.100.202309141235/tools/bin/../lib/gcc/arm-none-eabi/11.3.1/../../../../arm-none-eabi/lib/thumb/v7e-m+fp/hard\libc_nano.a(libc_a-fflush.o)
                0x000000000800e458                _fflush_r
 .text._sbrk_r  0x000000000800e4a8       0x20 C:/ST/STM32CubeIDE_1.14.1/STM32CubeIDE/plugins/com.st.stm32cube.ide.mcu.externaltools.gnu-tools-for-stm32.11.3.rel1.win32_1.1.100.202309141235/tools/bin/../lib/gcc/arm-none-eabi/11.3.1/../../../../arm-none-eabi/lib/thumb/v7e-m+fp/hard\libc_nano.a(libc_a-sbrkr.o)
                0x000000000800e4a8                _sbrk_r
 .text.__assert_func
                0x000000000800e4c8       0x3c C:/ST/STM32CubeIDE_1.14.1/STM32CubeIDE/plugins/com.st.stm32cube.ide.mcu.externaltools.gnu-tools-for-stm32.11.3.rel1.win32_1.1.100.202309141235/tools/bin/../lib/gcc/arm-none-eabi/11.3.1/../../../../arm-none-eabi/lib/thumb/v7e-m+fp/hard\libc_nano.a(libc_a-assert.o)
                0x000000000800e4c8                __assert_func
 .text._calloc_r
                0x000000000800e504       0x2c C:/ST/STM32CubeIDE_1.14.1/STM32CubeIDE/plugins/com.st.stm32cube.ide.mcu.externaltools.gnu-tools-for-stm32.11.3.rel1.win32_1.1.100.202309141235/tools/bin/../lib/gcc/arm-none-eabi/11.3.1/../../../../arm-none-eabi/lib/thumb/v7e-m+fp/hard\libc_nano.a(libc_a-callocr.o)
                0x000000000800e504                _calloc_r
 .text.__ascii_mbtowc
                0x000000000800e530       0x24 C:/ST/STM32CubeIDE_1.14.1/STM32CubeIDE/plugins/com.st.stm32cube.ide.mcu.externaltools.gnu-tools-for-stm32.11.3.rel1.win32_1.1.100.202309141235/tools/bin/../lib/gcc/arm-none-eabi/11.3.1/../../../../arm-none-eabi/lib/thumb/v7e-m+fp/hard\libc_nano.a(libc_a-mbtowc_r.o)
                0x000000000800e530                __ascii_mbtowc
 .text.__ascii_wctomb
                0x000000000800e554       0x1a C:/ST/STM32CubeIDE_1.14.1/STM32CubeIDE/plugins/com.st.stm32cube.ide.mcu.externaltools.gnu-tools-for-stm32.11.3.rel1.win32_1.1.100.202309141235/tools/bin/../lib/gcc/arm-none-eabi/11.3.1/../../../../arm-none-eabi/lib/thumb/v7e-m+fp/hard\libc_nano.a(libc_a-wctomb_r.o)
                0x000000000800e554                __ascii_wctomb
 *fill*         0x000000000800e56e        0x2 
 .text.fprintf  0x000000000800e570       0x24 C:/ST/STM32CubeIDE_1.14.1/STM32CubeIDE/plugins/com.st.stm32cube.ide.mcu.externaltools.gnu-tools-for-stm32.11.3.rel1.win32_1.1.100.202309141235/tools/bin/../lib/gcc/arm-none-eabi/11.3.1/../../../../arm-none-eabi/lib/thumb/v7e-m+fp/hard\libc_nano.a(libc_a-fprintf.o)
                0x000000000800e570                fiprintf
                0x000000000800e570                fprintf
 .text.abort    0x000000000800e594        0xe C:/ST/STM32CubeIDE_1.14.1/STM32CubeIDE/plugins/com.st.stm32cube.ide.mcu.externaltools.gnu-tools-for-stm32.11.3.rel1.win32_1.1.100.202309141235/tools/bin/../lib/gcc/arm-none-eabi/11.3.1/../../../../arm-none-eabi/lib/thumb/v7e-m+fp/hard\libc_nano.a(libc_a-abort.o)
                0x000000000800e594                abort
 .text.__sfputc_r
                0x000000000800e5a2       0x2e C:/ST/STM32CubeIDE_1.14.1/STM32CubeIDE/plugins/com.st.stm32cube.ide.mcu.externaltools.gnu-tools-for-stm32.11.3.rel1.win32_1.1.100.202309141235/tools/bin/../lib/gcc/arm-none-eabi/11.3.1/../../../../arm-none-eabi/lib/thumb/v7e-m+fp/hard\libc_nano.a(libc_a-nano-vfprintf.o)
 .text.__sfputs_r
                0x000000000800e5d0       0x24 C:/ST/STM32CubeIDE_1.14.1/STM32CubeIDE/plugins/com.st.stm32cube.ide.mcu.externaltools.gnu-tools-for-stm32.11.3.rel1.win32_1.1.100.202309141235/tools/bin/../lib/gcc/arm-none-eabi/11.3.1/../../../../arm-none-eabi/lib/thumb/v7e-m+fp/hard\libc_nano.a(libc_a-nano-vfprintf.o)
                0x000000000800e5d0                __sfputs_r
 .text._vfprintf_r
                0x000000000800e5f4      0x234 C:/ST/STM32CubeIDE_1.14.1/STM32CubeIDE/plugins/com.st.stm32cube.ide.mcu.externaltools.gnu-tools-for-stm32.11.3.rel1.win32_1.1.100.202309141235/tools/bin/../lib/gcc/arm-none-eabi/11.3.1/../../../../arm-none-eabi/lib/thumb/v7e-m+fp/hard\libc_nano.a(libc_a-nano-vfprintf.o)
                0x000000000800e5f4                _vfprintf_r
                0x000000000800e5f4                _vfiprintf_r
 .text.__swbuf_r
                0x000000000800e828       0x7a C:/ST/STM32CubeIDE_1.14.1/STM32CubeIDE/plugins/com.st.stm32cube.ide.mcu.externaltools.gnu-tools-for-stm32.11.3.rel1.win32_1.1.100.202309141235/tools/bin/../lib/gcc/arm-none-eabi/11.3.1/../../../../arm-none-eabi/lib/thumb/v7e-m+fp/hard\libc_nano.a(libc_a-wbuf.o)
                0x000000000800e828                __swbuf_r
 *fill*         0x000000000800e8a2        0x2 
 .text.__swsetup_r
                0x000000000800e8a4       0xb0 C:/ST/STM32CubeIDE_1.14.1/STM32CubeIDE/plugins/com.st.stm32cube.ide.mcu.externaltools.gnu-tools-for-stm32.11.3.rel1.win32_1.1.100.202309141235/tools/bin/../lib/gcc/arm-none-eabi/11.3.1/../../../../arm-none-eabi/lib/thumb/v7e-m+fp/hard\libc_nano.a(libc_a-wsetup.o)
                0x000000000800e8a4                __swsetup_r
 .text._raise_r
                0x000000000800e954       0x50 C:/ST/STM32CubeIDE_1.14.1/STM32CubeIDE/plugins/com.st.stm32cube.ide.mcu.externaltools.gnu-tools-for-stm32.11.3.rel1.win32_1.1.100.202309141235/tools/bin/../lib/gcc/arm-none-eabi/11.3.1/../../../../arm-none-eabi/lib/thumb/v7e-m+fp/hard\libc_nano.a(libc_a-signal.o)
                0x000000000800e954                _raise_r
 .text.raise    0x000000000800e9a4       0x10 C:/ST/STM32CubeIDE_1.14.1/STM32CubeIDE/plugins/com.st.stm32cube.ide.mcu.externaltools.gnu-tools-for-stm32.11.3.rel1.win32_1.1.100.202309141235/tools/bin/../lib/gcc/arm-none-eabi/11.3.1/../../../../arm-none-eabi/lib/thumb/v7e-m+fp/hard\libc_nano.a(libc_a-signal.o)
                0x000000000800e9a4                raise
 .text._kill_r  0x000000000800e9b4       0x24 C:/ST/STM32CubeIDE_1.14.1/STM32CubeIDE/plugins/com.st.stm32cube.ide.mcu.externaltools.gnu-tools-for-stm32.11.3.rel1.win32_1.1.100.202309141235/tools/bin/../lib/gcc/arm-none-eabi/11.3.1/../../../../arm-none-eabi/lib/thumb/v7e-m+fp/hard\libc_nano.a(libc_a-signalr.o)
                0x000000000800e9b4                _kill_r
 .text._getpid_r
                0x000000000800e9d8        0x4 C:/ST/STM32CubeIDE_1.14.1/STM32CubeIDE/plugins/com.st.stm32cube.ide.mcu.externaltools.gnu-tools-for-stm32.11.3.rel1.win32_1.1.100.202309141235/tools/bin/../lib/gcc/arm-none-eabi/11.3.1/../../../../arm-none-eabi/lib/thumb/v7e-m+fp/hard\libc_nano.a(libc_a-signalr.o)
                0x000000000800e9d8                _getpid_r
 .text.__swhatbuf_r
                0x000000000800e9dc       0x4c C:/ST/STM32CubeIDE_1.14.1/STM32CubeIDE/plugins/com.st.stm32cube.ide.mcu.externaltools.gnu-tools-for-stm32.11.3.rel1.win32_1.1.100.202309141235/tools/bin/../lib/gcc/arm-none-eabi/11.3.1/../../../../arm-none-eabi/lib/thumb/v7e-m+fp/hard\libc_nano.a(libc_a-makebuf.o)
                0x000000000800e9dc                __swhatbuf_r
 .text.__smakebuf_r
                0x000000000800ea28       0x78 C:/ST/STM32CubeIDE_1.14.1/STM32CubeIDE/plugins/com.st.stm32cube.ide.mcu.externaltools.gnu-tools-for-stm32.11.3.rel1.win32_1.1.100.202309141235/tools/bin/../lib/gcc/arm-none-eabi/11.3.1/../../../../arm-none-eabi/lib/thumb/v7e-m+fp/hard\libc_nano.a(libc_a-makebuf.o)
                0x000000000800ea28                __smakebuf_r
 .text._fstat_r
                0x000000000800eaa0       0x24 C:/ST/STM32CubeIDE_1.14.1/STM32CubeIDE/plugins/com.st.stm32cube.ide.mcu.externaltools.gnu-tools-for-stm32.11.3.rel1.win32_1.1.100.202309141235/tools/bin/../lib/gcc/arm-none-eabi/11.3.1/../../../../arm-none-eabi/lib/thumb/v7e-m+fp/hard\libc_nano.a(libc_a-fstatr.o)
                0x000000000800eaa0                _fstat_r
 .text._isatty_r
                0x000000000800eac4       0x20 C:/ST/STM32CubeIDE_1.14.1/STM32CubeIDE/plugins/com.st.stm32cube.ide.mcu.externaltools.gnu-tools-for-stm32.11.3.rel1.win32_1.1.100.202309141235/tools/bin/../lib/gcc/arm-none-eabi/11.3.1/../../../../arm-none-eabi/lib/thumb/v7e-m+fp/hard\libc_nano.a(libc_a-isattyr.o)
                0x000000000800eac4                _isatty_r
 *(.glue_7)
 .glue_7        0x000000000800eae4        0x0 linker stubs
 *(.glue_7t)
 .glue_7t       0x000000000800eae4        0x0 linker stubs
 *(.eh_frame)
 .eh_frame      0x000000000800eae4        0x0 C:/ST/STM32CubeIDE_1.14.1/STM32CubeIDE/plugins/com.st.stm32cube.ide.mcu.externaltools.gnu-tools-for-stm32.11.3.rel1.win32_1.1.100.202309141235/tools/bin/../lib/gcc/arm-none-eabi/11.3.1/thumb/v7e-m+fp/hard/crtbegin.o
 *(.init)
 .init          0x000000000800eae4        0x4 C:/ST/STM32CubeIDE_1.14.1/STM32CubeIDE/plugins/com.st.stm32cube.ide.mcu.externaltools.gnu-tools-for-stm32.11.3.rel1.win32_1.1.100.202309141235/tools/bin/../lib/gcc/arm-none-eabi/11.3.1/thumb/v7e-m+fp/hard/crti.o
                0x000000000800eae4                _init
 .init          0x000000000800eae8        0x8 C:/ST/STM32CubeIDE_1.14.1/STM32CubeIDE/plugins/com.st.stm32cube.ide.mcu.externaltools.gnu-tools-for-stm32.11.3.rel1.win32_1.1.100.202309141235/tools/bin/../lib/gcc/arm-none-eabi/11.3.1/thumb/v7e-m+fp/hard/crtn.o
 *(.fini)
 .fini          0x000000000800eaf0        0x4 C:/ST/STM32CubeIDE_1.14.1/STM32CubeIDE/plugins/com.st.stm32cube.ide.mcu.externaltools.gnu-tools-for-stm32.11.3.rel1.win32_1.1.100.202309141235/tools/bin/../lib/gcc/arm-none-eabi/11.3.1/thumb/v7e-m+fp/hard/crti.o
                0x000000000800eaf0                _fini
 .fini          0x000000000800eaf4        0x8 C:/ST/STM32CubeIDE_1.14.1/STM32CubeIDE/plugins/com.st.stm32cube.ide.mcu.externaltools.gnu-tools-for-stm32.11.3.rel1.win32_1.1.100.202309141235/tools/bin/../lib/gcc/arm-none-eabi/11.3.1/thumb/v7e-m+fp/hard/crtn.o
                0x000000000800eafc                . = ALIGN (0x4)
                0x000000000800eafc                _etext = .

.vfp11_veneer   0x000000000800eafc        0x0
 .vfp11_veneer  0x000000000800eafc        0x0 linker stubs

.v4_bx          0x000000000800eafc        0x0
 .v4_bx         0x000000000800eafc        0x0 linker stubs

.iplt           0x000000000800eafc        0x0
 .iplt          0x000000000800eafc        0x0 C:/ST/STM32CubeIDE_1.14.1/STM32CubeIDE/plugins/com.st.stm32cube.ide.mcu.externaltools.gnu-tools-for-stm32.11.3.rel1.win32_1.1.100.202309141235/tools/bin/../lib/gcc/arm-none-eabi/11.3.1/thumb/v7e-m+fp/hard/crtbegin.o

.rodata         0x000000000800eb00      0x4f4
                0x000000000800eb00                . = ALIGN (0x4)
 *(.rodata)
 .rodata        0x000000000800eb00       0x70 ./Core/Src/main.o
 .rodata        0x000000000800eb70        0x5 ./Middlewares/Third_Party/FreeRTOS/Source/tasks.o
 *fill*         0x000000000800eb75        0x3 
 .rodata        0x000000000800eb78        0xd ./Middlewares/Third_Party/FreeRTOS/Source/timers.o
 *(.rodata*)
 *fill*         0x000000000800eb85        0x3 
 .rodata.defaultTask_attributes
                0x000000000800eb88       0x24 ./Core/Src/main.o
                0x000000000800eb88                defaultTask_attributes
 .rodata.MotorTask_attributes
                0x000000000800ebac       0x24 ./Core/Src/main.o
                0x000000000800ebac                MotorTask_attributes
 .rodata.EncoderTask_attributes
                0x000000000800ebd0       0x24 ./Core/Src/main.o
                0x000000000800ebd0                EncoderTask_attributes
 .rodata.GyroTask_attributes
                0x000000000800ebf4       0x24 ./Core/Src/main.o
                0x000000000800ebf4                GyroTask_attributes
 .rodata.Ultrasonic_attributes
                0x000000000800ec18       0x24 ./Core/Src/main.o
                0x000000000800ec18                Ultrasonic_attributes
 .rodata.IR_Task_attributes
                0x000000000800ec3c       0x24 ./Core/Src/main.o
                0x000000000800ec3c                IR_Task_attributes
 .rodata.AHBPrescTable
                0x000000000800ec60       0x10 ./Core/Src/system_stm32f4xx.o
                0x000000000800ec60                AHBPrescTable
 .rodata.APBPrescTable
                0x000000000800ec70        0x8 ./Core/Src/system_stm32f4xx.o
                0x000000000800ec70                APBPrescTable
 .rodata.flagBitshiftOffset.0
                0x000000000800ec78        0x8 ./Drivers/STM32F4xx_HAL_Driver/Src/stm32f4xx_hal_dma.o
 .rodata._printf_float.str1.1
                0x000000000800ec80       0x12 C:/ST/STM32CubeIDE_1.14.1/STM32CubeIDE/plugins/com.st.stm32cube.ide.mcu.externaltools.gnu-tools-for-stm32.11.3.rel1.win32_1.1.100.202309141235/tools/bin/../lib/gcc/arm-none-eabi/11.3.1/../../../../arm-none-eabi/lib/thumb/v7e-m+fp/hard\libc_nano.a(libc_a-nano-vfprintf_float.o)
 .rodata._printf_i.str1.1
                0x000000000800ec92       0x22 C:/ST/STM32CubeIDE_1.14.1/STM32CubeIDE/plugins/com.st.stm32cube.ide.mcu.externaltools.gnu-tools-for-stm32.11.3.rel1.win32_1.1.100.202309141235/tools/bin/../lib/gcc/arm-none-eabi/11.3.1/../../../../arm-none-eabi/lib/thumb/v7e-m+fp/hard\libc_nano.a(libc_a-nano-vfprintf_i.o)
 .rodata._dtoa_r.str1.1
                0x000000000800ecb4       0x8d C:/ST/STM32CubeIDE_1.14.1/STM32CubeIDE/plugins/com.st.stm32cube.ide.mcu.externaltools.gnu-tools-for-stm32.11.3.rel1.win32_1.1.100.202309141235/tools/bin/../lib/gcc/arm-none-eabi/11.3.1/../../../../arm-none-eabi/lib/thumb/v7e-m+fp/hard\libc_nano.a(libc_a-dtoa.o)
                                         0x8f (size before relaxing)
 .rodata._Balloc.str1.1
                0x000000000800ed41       0x59 C:/ST/STM32CubeIDE_1.14.1/STM32CubeIDE/plugins/com.st.stm32cube.ide.mcu.externaltools.gnu-tools-for-stm32.11.3.rel1.win32_1.1.100.202309141235/tools/bin/../lib/gcc/arm-none-eabi/11.3.1/../../../../arm-none-eabi/lib/thumb/v7e-m+fp/hard\libc_nano.a(libc_a-mprec.o)
                                         0x70 (size before relaxing)
 .rodata.__multadd.str1.1
                0x000000000800ed9a       0x11 C:/ST/STM32CubeIDE_1.14.1/STM32CubeIDE/plugins/com.st.stm32cube.ide.mcu.externaltools.gnu-tools-for-stm32.11.3.rel1.win32_1.1.100.202309141235/tools/bin/../lib/gcc/arm-none-eabi/11.3.1/../../../../arm-none-eabi/lib/thumb/v7e-m+fp/hard\libc_nano.a(libc_a-mprec.o)
 *fill*         0x000000000800ed9a        0x6 
 .rodata.__mprec_bigtens
                0x000000000800eda0       0x28 C:/ST/STM32CubeIDE_1.14.1/STM32CubeIDE/plugins/com.st.stm32cube.ide.mcu.externaltools.gnu-tools-for-stm32.11.3.rel1.win32_1.1.100.202309141235/tools/bin/../lib/gcc/arm-none-eabi/11.3.1/../../../../arm-none-eabi/lib/thumb/v7e-m+fp/hard\libc_nano.a(libc_a-mprec.o)