../Core/Src/main.c:228:5:main	8	static
../Core/Src/main.c:333:6:SystemClock_Config	88	static
../Core/Src/main.c:375:13:MX_ADC1_Init	24	static
../Core/Src/main.c:436:13:MX_I2C1_Init	8	static
../Core/Src/main.c:470:13:MX_I2C2_Init	8	static
../Core/Src/main.c:504:13:MX_TIM1_Init	80	static
../Core/Src/main.c:568:13:MX_TIM2_Init	56	static
../Core/Src/main.c:617:13:MX_TIM3_Init	56	static
../Core/Src/main.c:666:13:MX_TIM4_Init	32	static
../Core/Src/main.c:714:13:MX_TIM6_Init	16	static
../Core/Src/main.c:752:13:MX_TIM8_Init	96	static
../Core/Src/main.c:830:13:MX_USART3_UART_Init	8	static
../Core/Src/main.c:861:13:MX_DMA_Init	16	static
../Core/Src/main.c:883:13:MX_GPIO_Init	56	static
../Core/Src/main.c:952:6:HAL_TIM_IC_CaptureCallback	16	static
../Core/Src/main.c:990:6:delay_us	16	static
../Core/Src/main.c:996:6:HCSR04_Read	8	static
../Core/Src/main.c:1006:6:HAL_UART_RxCpltCallback	16	static
../Core/Src/main.c:1023:6:HAL_ADC_ConvHalfCpltCallback	16	static
../Core/Src/main.c:1030:6:HAL_ADC_ConvCpltCallback	16	static
../Core/Src/main.c:1036:10:ADC_To_Dist	24	static
../Core/Src/main.c:1043:11:IMU_Initialise	64	static
../Core/Src/main.c:1071:19:IMU_ReadOneByte	40	static
../Core/Src/main.c:1078:19:IMU_WriteOneByte	40	static
../Core/Src/main.c:1084:6:HAL_I2C_MemRxCpltCallback	16	static
../Core/Src/main.c:1092:6:turnLeft	32	static
../Core/Src/main.c:1164:6:turnRight	32	static
../Core/Src/main.c:1236:6:maintainStraightPath	64	static
../Core/Src/main.c:1374:7:adjustServoToCenter	24	static
../Core/Src/main.c:1392:6:StartDefaultTask	16	static
../Core/Src/main.c:1410:6:motor	48	static
../Core/Src/main.c:1804:6:encoder	40	static
../Core/Src/main.c:1863:6:Gyro	72	static
../Core/Src/main.c:1903:6:start_ultrasonic	16	static
../Core/Src/main.c:1927:6:ir_task	16	static
../Core/Src/main.c:1945:6:Error_Handler	4	static,ignoring_inline_asm
