../Core/Src/main.c:222:5:main	8	static
../Core/Src/main.c:327:6:SystemClock_Config	88	static
../Core/Src/main.c:369:13:MX_ADC1_Init	24	static
../Core/Src/main.c:430:13:MX_I2C1_Init	8	static
../Core/Src/main.c:464:13:MX_I2C2_Init	8	static
../Core/Src/main.c:498:13:MX_TIM1_Init	80	static
../Core/Src/main.c:562:13:MX_TIM2_Init	56	static
../Core/Src/main.c:611:13:MX_TIM3_Init	56	static
../Core/Src/main.c:660:13:MX_TIM4_Init	32	static
../Core/Src/main.c:708:13:MX_TIM6_Init	16	static
../Core/Src/main.c:746:13:MX_TIM8_Init	96	static
../Core/Src/main.c:824:13:MX_USART3_UART_Init	8	static
../Core/Src/main.c:855:13:MX_DMA_Init	16	static
../Core/Src/main.c:877:13:MX_GPIO_Init	56	static
../Core/Src/main.c:946:6:HAL_TIM_IC_CaptureCallback	16	static
../Core/Src/main.c:984:6:delay_us	16	static
../Core/Src/main.c:990:6:HCSR04_Read	8	static
../Core/Src/main.c:1000:6:HAL_UART_RxCpltCallback	16	static
../Core/Src/main.c:1017:6:HAL_ADC_ConvHalfCpltCallback	16	static
../Core/Src/main.c:1024:6:HAL_ADC_ConvCpltCallback	16	static
../Core/Src/main.c:1030:10:ADC_To_Dist	24	static
../Core/Src/main.c:1037:11:IMU_Initialise	64	static
../Core/Src/main.c:1065:19:IMU_ReadOneByte	40	static
../Core/Src/main.c:1072:19:IMU_WriteOneByte	40	static
../Core/Src/main.c:1078:6:HAL_I2C_MemRxCpltCallback	16	static
../Core/Src/main.c:1086:6:turnLeft	32	static
../Core/Src/main.c:1158:6:turnRight	32	static
../Core/Src/main.c:1230:6:maintainStraightPath	64	static
../Core/Src/main.c:1368:7:adjustServoToCenter	24	static
../Core/Src/main.c:1386:6:StartDefaultTask	16	static
../Core/Src/main.c:1404:6:motor	48	static
../Core/Src/main.c:1798:6:encoder	40	static
../Core/Src/main.c:1857:6:Gyro	72	static
../Core/Src/main.c:1897:6:start_ultrasonic	16	static
../Core/Src/main.c:1921:6:ir_task	16	static
../Core/Src/main.c:1939:6:Error_Handler	4	static,ignoring_inline_asm
