Archive member included to satisfy reference by file (symbol)

C:/Users/guoch/Desktop/SC2079/stm32/STM32CubeIDE_1.14.1/STM32CubeIDE/plugins/com.st.stm32cube.ide.mcu.externaltools.gnu-tools-for-stm32.11.3.rel1.win32_1.1.100.202309141235/tools/bin/../lib/gcc/arm-none-eabi/11.3.1/../../../../arm-none-eabi/lib/thumb/v7e-m+fp/hard\libc_nano.a(libc_a-exit.o)
                              C:/Users/guoch/Desktop/SC2079/stm32/STM32CubeIDE_1.14.1/STM32CubeIDE/plugins/com.st.stm32cube.ide.mcu.externaltools.gnu-tools-for-stm32.11.3.rel1.win32_1.1.100.202309141235/tools/bin/../lib/gcc/arm-none-eabi/11.3.1/../../../../arm-none-eabi/lib/thumb/v7e-m+fp/hard/crt0.o (exit)
C:/Users/guoch/Desktop/SC2079/stm32/STM32CubeIDE_1.14.1/STM32CubeIDE/plugins/com.st.stm32cube.ide.mcu.externaltools.gnu-tools-for-stm32.11.3.rel1.win32_1.1.100.202309141235/tools/bin/../lib/gcc/arm-none-eabi/11.3.1/../../../../arm-none-eabi/lib/thumb/v7e-m+fp/hard\libc_nano.a(libc_a-nano-vfprintf_float.o)
                              (_printf_float)
C:/Users/guoch/Desktop/SC2079/stm32/STM32CubeIDE_1.14.1/STM32CubeIDE/plugins/com.st.stm32cube.ide.mcu.externaltools.gnu-tools-for-stm32.11.3.rel1.win32_1.1.100.202309141235/tools/bin/../lib/gcc/arm-none-eabi/11.3.1/../../../../arm-none-eabi/lib/thumb/v7e-m+fp/hard\libc_nano.a(libc_a-nano-vfprintf_i.o)
                              C:/Users/guoch/Desktop/SC2079/stm32/STM32CubeIDE_1.14.1/STM32CubeIDE/plugins/com.st.stm32cube.ide.mcu.externaltools.gnu-tools-for-stm32.11.3.rel1.win32_1.1.100.202309141235/tools/bin/../lib/gcc/arm-none-eabi/11.3.1/../../../../arm-none-eabi/lib/thumb/v7e-m+fp/hard\libc_nano.a(libc_a-nano-vfprintf_float.o) (_printf_common)
C:/Users/guoch/Desktop/SC2079/stm32/STM32CubeIDE_1.14.1/STM32CubeIDE/plugins/com.st.stm32cube.ide.mcu.externaltools.gnu-tools-for-stm32.11.3.rel1.win32_1.1.100.202309141235/tools/bin/../lib/gcc/arm-none-eabi/11.3.1/../../../../arm-none-eabi/lib/thumb/v7e-m+fp/hard\libc_nano.a(libc_a-findfp.o)
                              C:/Users/guoch/Desktop/SC2079/stm32/STM32CubeIDE_1.14.1/STM32CubeIDE/plugins/com.st.stm32cube.ide.mcu.externaltools.gnu-tools-for-stm32.11.3.rel1.win32_1.1.100.202309141235/tools/bin/../lib/gcc/arm-none-eabi/11.3.1/../../../../arm-none-eabi/lib/thumb/v7e-m+fp/hard\libc_nano.a(libc_a-exit.o) (__stdio_exit_handler)
C:/Users/guoch/Desktop/SC2079/stm32/STM32CubeIDE_1.14.1/STM32CubeIDE/plugins/com.st.stm32cube.ide.mcu.externaltools.gnu-tools-for-stm32.11.3.rel1.win32_1.1.100.202309141235/tools/bin/../lib/gcc/arm-none-eabi/11.3.1/../../../../arm-none-eabi/lib/thumb/v7e-m+fp/hard\libc_nano.a(libc_a-fwalk.o)
                              C:/Users/guoch/Desktop/SC2079/stm32/STM32CubeIDE_1.14.1/STM32CubeIDE/plugins/com.st.stm32cube.ide.mcu.externaltools.gnu-tools-for-stm32.11.3.rel1.win32_1.1.100.202309141235/tools/bin/../lib/gcc/arm-none-eabi/11.3.1/../../../../arm-none-eabi/lib/thumb/v7e-m+fp/hard\libc_nano.a(libc_a-findfp.o) (_fwalk_sglue)
C:/Users/guoch/Desktop/SC2079/stm32/STM32CubeIDE_1.14.1/STM32CubeIDE/plugins/com.st.stm32cube.ide.mcu.externaltools.gnu-tools-for-stm32.11.3.rel1.win32_1.1.100.202309141235/tools/bin/../lib/gcc/arm-none-eabi/11.3.1/../../../../arm-none-eabi/lib/thumb/v7e-m+fp/hard\libc_nano.a(libc_a-sprintf.o)
                              ./Core/Src/main.o (sprintf)
C:/Users/guoch/Desktop/SC2079/stm32/STM32CubeIDE_1.14.1/STM32CubeIDE/plugins/com.st.stm32cube.ide.mcu.externaltools.gnu-tools-for-stm32.11.3.rel1.win32_1.1.100.202309141235/tools/bin/../lib/gcc/arm-none-eabi/11.3.1/../../../../arm-none-eabi/lib/thumb/v7e-m+fp/hard\libc_nano.a(libc_a-stdio.o)
                              C:/Users/guoch/Desktop/SC2079/stm32/STM32CubeIDE_1.14.1/STM32CubeIDE/plugins/com.st.stm32cube.ide.mcu.externaltools.gnu-tools-for-stm32.11.3.rel1.win32_1.1.100.202309141235/tools/bin/../lib/gcc/arm-none-eabi/11.3.1/../../../../arm-none-eabi/lib/thumb/v7e-m+fp/hard\libc_nano.a(libc_a-findfp.o) (__sread)
C:/Users/guoch/Desktop/SC2079/stm32/STM32CubeIDE_1.14.1/STM32CubeIDE/plugins/com.st.stm32cube.ide.mcu.externaltools.gnu-tools-for-stm32.11.3.rel1.win32_1.1.100.202309141235/tools/bin/../lib/gcc/arm-none-eabi/11.3.1/../../../../arm-none-eabi/lib/thumb/v7e-m+fp/hard\libc_nano.a(libc_a-memset.o)
                              C:/Users/guoch/Desktop/SC2079/stm32/STM32CubeIDE_1.14.1/STM32CubeIDE/plugins/com.st.stm32cube.ide.mcu.externaltools.gnu-tools-for-stm32.11.3.rel1.win32_1.1.100.202309141235/tools/bin/../lib/gcc/arm-none-eabi/11.3.1/../../../../arm-none-eabi/lib/thumb/v7e-m+fp/hard/crt0.o (memset)
C:/Users/guoch/Desktop/SC2079/stm32/STM32CubeIDE_1.14.1/STM32CubeIDE/plugins/com.st.stm32cube.ide.mcu.externaltools.gnu-tools-for-stm32.11.3.rel1.win32_1.1.100.202309141235/tools/bin/../lib/gcc/arm-none-eabi/11.3.1/../../../../arm-none-eabi/lib/thumb/v7e-m+fp/hard\libc_nano.a(libc_a-localeconv.o)
[...]
Memory Configuration

Name             Origin             Length             Attributes
CCMRAM           0x0000000010000000 0x0000000000010000 xrw
RAM              0x0000000020000000 0x0000000000020000 xrw
FLASH            0x0000000008000000 0x0000000000080000 xr
*default*        0x0000000000000000 0xffffffffffffffff

Linker script and memory map

LOAD C:/Users/guoch/Desktop/SC2079/stm32/STM32CubeIDE_1.14.1/STM32CubeIDE/plugins/com.st.stm32cube.ide.mcu.externaltools.gnu-tools-for-stm32.11.3.rel1.win32_1.1.100.202309141235/tools/bin/../lib/gcc/arm-none-eabi/11.3.1/thumb/v7e-m+fp/hard/crti.o
LOAD C:/Users/guoch/Desktop/SC2079/stm32/STM32CubeIDE_1.14.1/STM32CubeIDE/plugins/com.st.stm32cube.ide.mcu.externaltools.gnu-tools-for-stm32.11.3.rel1.win32_1.1.100.202309141235/tools/bin/../lib/gcc/arm-none-eabi/11.3.1/thumb/v7e-m+fp/hard/crtbegin.o
LOAD C:/Users/guoch/Desktop/SC2079/stm32/STM32CubeIDE_1.14.1/STM32CubeIDE/plugins/com.st.stm32cube.ide.mcu.externaltools.gnu-tools-for-stm32.11.3.rel1.win32_1.1.100.202309141235/tools/bin/../lib/gcc/arm-none-eabi/11.3.1/../../../../arm-none-eabi/lib/thumb/v7e-m+fp/hard/crt0.o
LOAD ./Core/Src/freertos.o
LOAD ./Core/Src/main.o
LOAD ./Core/Src/oled.o
LOAD ./Core/Src/stm32f4xx_hal_msp.o
LOAD ./Core/Src/stm32f4xx_it.o
LOAD ./Core/Src/syscalls.o
LOAD ./Core/Src/sysmem.o
LOAD ./Core/Src/system_stm32f4xx.o
LOAD ./Core/Startup/startup_stm32f407vetx.o
LOAD ./Drivers/STM32F4xx_HAL_Driver/Src/stm32f4xx_hal.o
LOAD ./Drivers/STM32F4xx_HAL_Driver/Src/stm32f4xx_hal_adc.o
LOAD ./Drivers/STM32F4xx_HAL_Driver/Src/stm32f4xx_hal_adc_ex.o
LOAD ./Drivers/STM32F4xx_HAL_Driver/Src/stm32f4xx_hal_cortex.o
LOAD ./Drivers/STM32F4xx_HAL_Driver/Src/stm32f4xx_hal_dma.o
LOAD ./Drivers/STM32F4xx_HAL_Driver/Src/stm32f4xx_hal_dma_ex.o
LOAD ./Drivers/STM32F4xx_HAL_Driver/Src/stm32f4xx_hal_exti.o
LOAD ./Drivers/STM32F4xx_HAL_Driver/Src/stm32f4xx_hal_flash.o
LOAD ./Drivers/STM32F4xx_HAL_Driver/Src/stm32f4xx_hal_flash_ex.o
LOAD ./Drivers/STM32F4xx_HAL_Driver/Src/stm32f4xx_hal_flash_ramfunc.o
LOAD ./Drivers/STM32F4xx_HAL_Driver/Src/stm32f4xx_hal_gpio.o
LOAD ./Drivers/STM32F4xx_HAL_Driver/Src/stm32f4xx_hal_i2c.o
LOAD ./Drivers/STM32F4xx_HAL_Driver/Src/stm32f4xx_hal_i2c_ex.o
LOAD ./Drivers/STM32F4xx_HAL_Driver/Src/stm32f4xx_hal_pwr.o
LOAD ./Drivers/STM32F4xx_HAL_Driver/Src/stm32f4xx_hal_pwr_ex.o
LOAD ./Drivers/STM32F4xx_HAL_Driver/Src/stm32f4xx_hal_rcc.o
LOAD ./Drivers/STM32F4xx_HAL_Driver/Src/stm32f4xx_hal_rcc_ex.o
LOAD ./Drivers/STM32F4xx_HAL_Driver/Src/stm32f4xx_hal_tim.o
LOAD ./Drivers/STM32F4xx_HAL_Driver/Src/stm32f4xx_hal_tim_ex.o
LOAD ./Drivers/STM32F4xx_HAL_Driver/Src/stm32f4xx_hal_uart.o
LOAD ./Drivers/STM32F4xx_HAL_Driver/Src/stm32f4xx_ll_adc.o
LOAD ./Middlewares/Third_Party/FreeRTOS/Source/CMSIS_RTOS_V2/cmsis_os2.o
LOAD ./Middlewares/Third_Party/FreeRTOS/Source/croutine.o
LOAD ./Middlewares/Third_Party/FreeRTOS/Source/event_groups.o
LOAD ./Middlewares/Third_Party/FreeRTOS/Source/list.o
LOAD ./Middlewares/Third_Party/FreeRTOS/Source/queue.o
LOAD ./Middlewares/Third_Party/FreeRTOS/Source/stream_buffer.o
LOAD ./Middlewares/Third_Party/FreeRTOS/Source/tasks.o
LOAD ./Middlewares/Third_Party/FreeRTOS/Source/timers.o
LOAD ./Middlewares/Third_Party/FreeRTOS/Source/portable/GCC/ARM_CM4F/port.o
LOAD ./Middlewares/Third_Party/FreeRTOS/Source/portable/MemMang/heap_4.o
START GROUP
LOAD C:/Users/guoch/Desktop/SC2079/stm32/STM32CubeIDE_1.14.1/STM32CubeIDE/plugins/com.st.stm32cube.ide.mcu.externaltools.gnu-tools-for-stm32.11.3.rel1.win32_1.1.100.202309141235/tools/bin/../lib/gcc/arm-none-eabi/11.3.1/../../../../arm-none-eabi/lib/thumb/v7e-m+fp/hard\libc_nano.a
LOAD C:/Users/guoch/Desktop/SC2079/stm32/STM32CubeIDE_1.14.1/STM32CubeIDE/plugins/com.st.stm32cube.ide.mcu.externaltools.gnu-tools-for-stm32.11.3.rel1.win32_1.1.100.202309141235/tools/bin/../lib/gcc/arm-none-eabi/11.3.1/../../../../arm-none-eabi/lib/thumb/v7e-m+fp/hard\libm.a
END GROUP
START GROUP
LOAD C:/Users/guoch/Desktop/SC2079/stm32/STM32CubeIDE_1.14.1/STM32CubeIDE/plugins/com.st.stm32cube.ide.mcu.externaltools.gnu-tools-for-stm32.11.3.rel1.win32_1.1.100.202309141235/tools/bin/../lib/gcc/arm-none-eabi/11.3.1/thumb/v7e-m+fp/hard\libgcc.a
LOAD C:/Users/guoch/Desktop/SC2079/stm32/STM32CubeIDE_1.14.1/STM32CubeIDE/plugins/com.st.stm32cube.ide.mcu.externaltools.gnu-tools-for-stm32.11.3.rel1.win32_1.1.100.202309141235/tools/bin/../lib/gcc/arm-none-eabi/11.3.1/../../../../arm-none-eabi/lib/thumb/v7e-m+fp/hard\libc_nano.a
END GROUP
START GROUP
LOAD C:/Users/guoch/Desktop/SC2079/stm32/STM32CubeIDE_1.14.1/STM32CubeIDE/plugins/com.st.stm32cube.ide.mcu.externaltools.gnu-tools-for-stm32.11.3.rel1.win32_1.1.100.202309141235/tools/bin/../lib/gcc/arm-none-eabi/11.3.1/thumb/v7e-m+fp/hard\libgcc.a
LOAD C:/Users/guoch/Desktop/SC2079/stm32/STM32CubeIDE_1.14.1/STM32CubeIDE/plugins/com.st.stm32cube.ide.mcu.externaltools.gnu-tools-for-stm32.11.3.rel1.win32_1.1.100.202309141235/tools/bin/../lib/gcc/arm-none-eabi/11.3.1/../../../../arm-none-eabi/lib/thumb/v7e-m+fp/hard\libc_nano.a
LOAD C:/Users/guoch/Desktop/SC2079/stm32/STM32CubeIDE_1.14.1/STM32CubeIDE/plugins/com.st.stm32cube.ide.mcu.externaltools.gnu-tools-for-stm32.11.3.rel1.win32_1.1.100.202309141235/tools/bin/../lib/gcc/arm-none-eabi/11.3.1/../../../../arm-none-eabi/lib/thumb/v7e-m+fp/hard\libnosys.a
END GROUP
START GROUP
LOAD C:/Users/guoch/Desktop/SC2079/stm32/STM32CubeIDE_1.14.1/STM32CubeIDE/plugins/com.st.stm32cube.ide.mcu.externaltools.gnu-tools-for-stm32.11.3.rel1.win32_1.1.100.202309141235/tools/bin/../lib/gcc/arm-none-eabi/11.3.1/thumb/v7e-m+fp/hard\libgcc.a
LOAD C:/Users/guoch/Desktop/SC2079/stm32/STM32CubeIDE_1.14.1/STM32CubeIDE/plugins/com.st.stm32cube.ide.mcu.externaltools.gnu-tools-for-stm32.11.3.rel1.win32_1.1.100.202309141235/tools/bin/../lib/gcc/arm-none-eabi/11.3.1/../../../../arm-none-eabi/lib/thumb/v7e-m+fp/hard\libc_nano.a
LOAD C:/Users/guoch/Desktop/SC2079/stm32/STM32CubeIDE_1.14.1/STM32CubeIDE/plugins/com.st.stm32cube.ide.mcu.externaltools.gnu-tools-for-stm32.11.3.rel1.win32_1.1.100.202309141235/tools/bin/../lib/gcc/arm-none-eabi/11.3.1/../../../../arm-none-eabi/lib/thumb/v7e-m+fp/hard\libnosys.a
END GROUP
LOAD C:/Users/guoch/Desktop/SC2079/stm32/STM32CubeIDE_1.14.1/STM32CubeIDE/plugins/com.st.stm32cube.ide.mcu.externaltools.gnu-tools-for-stm32.11.3.rel1.win32_1.1.100.202309141235/tools/bin/../lib/gcc/arm-none-eabi/11.3.1/thumb/v7e-m+fp/hard/crtend.o
LOAD C:/Users/guoch/Desktop/SC2079/stm32/STM32CubeIDE_1.14.1/STM32CubeIDE/plugins/com.st.stm32cube.ide.mcu.externaltools.gnu-tools-for-stm32.11.3.rel1.win32_1.1.100.202309141235/tools/bin/../lib/gcc/arm-none-eabi/11.3.1/thumb/v7e-m+fp/hard/crtn.o
                0x0000000020020000                _estack = (ORIGIN (RAM) + LENGTH (RAM))
                0x0000000000000200                _Min_Heap_Size = 0x200
                0x0000000000000400                _Min_Stack_Size = 0x400

.isr_vector     0x0000000008000000      0x188
                0x0000000008000000                . = ALIGN (0x4)
 *(.isr_vector)
 .isr_vector    0x0000000008000000      0x188 ./Core/Startup/startup_stm32f407vetx.o
                0x0000000008000000                g_pfnVectors
                0x0000000008000188                . = ALIGN (0x4)

.text           0x0000000008000190     0xafd8
                0x0000000008000190                . = ALIGN (0x4)
 *(.text)
 .text          0x0000000008000190       0x40 C:/Users/guoch/Desktop/SC2079/stm32/STM32CubeIDE_1.14.1/STM32CubeIDE/plugins/com.st.stm32cube.ide.mcu.externaltools.gnu-tools-for-stm32.11.3.rel1.win32_1.1.100.202309141235/tools/bin/../lib/gcc/arm-none-eabi/11.3.1/thumb/v7e-m+fp/hard/crtbegin.o
 .text          0x00000000080001d0       0xa0 C:/Users/guoch/Desktop/SC2079/stm32/STM32CubeIDE_1.14.1/STM32CubeIDE/plugins/com.st.stm32cube.ide.mcu.externaltools.gnu-tools-for-stm32.11.3.rel1.win32_1.1.100.202309141235/tools/bin/../lib/gcc/arm-none-eabi/11.3.1/../../../../arm-none-eabi/lib/thumb/v7e-m+fp/hard\libc_nano.a(libc_a-memchr.o)
                0x00000000080001d0                memchr
 .text          0x0000000008000270       0x10 C:/Users/guoch/Desktop/SC2079/stm32/STM32CubeIDE_1.14.1/STM32CubeIDE/plugins/com.st.stm32cube.ide.mcu.externaltools.gnu-tools-for-stm32.11.3.rel1.win32_1.1.100.202309141235/tools/bin/../lib/gcc/arm-none-eabi/11.3.1/../../../../arm-none-eabi/lib/thumb/v7e-m+fp/hard\libc_nano.a(libc_a-strlen.o)
                0x0000000008000270                strlen
 .text          0x0000000008000280      0x378 C:/Users/guoch/Desktop/SC2079/stm32/STM32CubeIDE_1.14.1/STM32CubeIDE/plugins/com.st.stm32cube.ide.mcu.externaltools.gnu-tools-for-stm32.11.3.rel1.win32_1.1.100.202309141235/tools/bin/../lib/gcc/arm-none-eabi/11.3.1/thumb/v7e-m+fp/hard\libgcc.a(_arm_addsubdf3.o)
                0x0000000008000280                __aeabi_drsub
                0x0000000008000288                __aeabi_dsub
                0x0000000008000288                __subdf3
                0x000000000800028c                __aeabi_dadd
                0x000000000800028c                __adddf3
                0x0000000008000504                __floatunsidf
                0x0000000008000504                __aeabi_ui2d
                0x0000000008000524                __floatsidf
                0x0000000008000524                __aeabi_i2d
                0x0000000008000548                __aeabi_f2d
                0x0000000008000548                __extendsfdf2
                0x000000000800058c                __floatundidf
                0x000000000800058c                __aeabi_ul2d
                0x000000000800059c                __floatdidf
                0x000000000800059c                __aeabi_l2d
 .text          0x00000000080005f8      0x424 C:/Users/guoch/Desktop/SC2079/stm32/STM32CubeIDE_1.14.1/STM32CubeIDE/plugins/com.st.stm32cube.ide.mcu.externaltools.gnu-tools-for-stm32.11.3.rel1.win32_1.1.100.202309141235/tools/bin/../lib/gcc/arm-none-eabi/11.3.1/thumb/v7e-m+fp/hard\libgcc.a(_arm_muldivdf3.o)
                0x00000000080005f8                __aeabi_dmul
                0x00000000080005f8                __muldf3
                0x000000000800084c                __divdf3
                0x000000000800084c                __aeabi_ddiv
 .text          0x0000000008000a1c      0x110 C:/Users/guoch/Desktop/SC2079/stm32/STM32CubeIDE_1.14.1/STM32CubeIDE/plugins/com.st.stm32cube.ide.mcu.externaltools.gnu-tools-for-stm32.11.3.rel1.win32_1.1.100.202309141235/tools/bin/../lib/gcc/arm-none-eabi/11.3.1/thumb/v7e-m+fp/hard\libgcc.a(_arm_cmpdf2.o)
                0x0000000008000a1c                __gtdf2
                0x0000000008000a1c                __gedf2
                0x0000000008000a24                __ltdf2
                0x0000000008000a24                __ledf2
                0x0000000008000a2c                __nedf2
                0x0000000008000a2c                __eqdf2
                0x0000000008000a2c                __cmpdf2
                0x0000000008000aa8                __aeabi_cdrcmple
                0x0000000008000ab8                __aeabi_cdcmpeq
                0x0000000008000ab8                __aeabi_cdcmple
                0x0000000008000ac8                __aeabi_dcmpeq
                0x0000000008000adc                __aeabi_dcmplt
                0x0000000008000af0                __aeabi_dcmple
                0x0000000008000b04                __aeabi_dcmpge
                0x0000000008000b18                __aeabi_dcmpgt
 .text          0x0000000008000b2c       0x2c C:/Users/guoch/Desktop/SC2079/stm32/STM32CubeIDE_1.14.1/STM32CubeIDE/plugins/com.st.stm32cube.ide.mcu.externaltools.gnu-tools-for-stm32.11.3.rel1.win32_1.1.100.202309141235/tools/bin/../lib/gcc/arm-none-eabi/11.3.1/thumb/v7e-m+fp/hard\libgcc.a(_arm_unorddf2.o)
                0x0000000008000b2c                __unorddf2
                0x0000000008000b2c                __aeabi_dcmpun
 .text          0x0000000008000b58       0x50 C:/Users/guoch/Desktop/SC2079/stm32/STM32CubeIDE_1.14.1/STM32CubeIDE/plugins/com.st.stm32cube.ide.mcu.externaltools.gnu-tools-for-stm32.11.3.rel1.win32_1.1.100.202309141235/tools/bin/../lib/gcc/arm-none-eabi/11.3.1/thumb/v7e-m+fp/hard\libgcc.a(_arm_fixdfsi.o)
                0x0000000008000b58                __aeabi_d2iz
                0x0000000008000b58                __fixdfsi
 .text          0x0000000008000ba8       0x40 C:/Users/guoch/Desktop/SC2079/stm32/STM32CubeIDE_1.14.1/STM32CubeIDE/plugins/com.st.stm32cube.ide.mcu.externaltools.gnu-tools-for-stm32.11.3.rel1.win32_1.1.100.202309141235/tools/bin/../lib/gcc/arm-none-eabi/11.3.1/thumb/v7e-m+fp/hard\libgcc.a(_arm_fixunsdfsi.o)
                0x0000000008000ba8                __aeabi_d2uiz
                0x0000000008000ba8                __fixunsdfsi
 .text          0x0000000008000be8       0xa0 C:/Users/guoch/Desktop/SC2079/stm32/STM32CubeIDE_1.14.1/STM32CubeIDE/plugins/com.st.stm32cube.ide.mcu.externaltools.gnu-tools-for-stm32.11.3.rel1.win32_1.1.100.202309141235/tools/bin/../lib/gcc/arm-none-eabi/11.3.1/thumb/v7e-m+fp/hard\libgcc.a(_arm_truncdfsf2.o)
                0x0000000008000be8                __truncdfsf2
                0x0000000008000be8                __aeabi_d2f
 .text          0x0000000008000c88       0x30 C:/Users/guoch/Desktop/SC2079/stm32/STM32CubeIDE_1.14.1/STM32CubeIDE/plugins/com.st.stm32cube.ide.mcu.externaltools.gnu-tools-for-stm32.11.3.rel1.win32_1.1.100.202309141235/tools/bin/../lib/gcc/arm-none-eabi/11.3.1/thumb/v7e-m+fp/hard\libgcc.a(_aeabi_uldivmod.o)
                0x0000000008000c88                __aeabi_uldivmod
 .text          0x0000000008000cb8      0x2c8 C:/Users/guoch/Desktop/SC2079/stm32/STM32CubeIDE_1.14.1/STM32CubeIDE/plugins/com.st.stm32cube.ide.mcu.externaltools.gnu-tools-for-stm32.11.3.rel1.win32_1.1.100.202309141235/tools/bin/../lib/gcc/arm-none-eabi/11.3.1/thumb/v7e-m+fp/hard\libgcc.a(_udivmoddi4.o)
                0x0000000008000cb8                __udivmoddi4
 .text          0x0000000008000f80        0x4 C:/Users/guoch/Desktop/SC2079/stm32/STM32CubeIDE_1.14.1/STM32CubeIDE/plugins/com.st.stm32cube.ide.mcu.externaltools.gnu-tools-for-stm32.11.3.rel1.win32_1.1.100.202309141235/tools/bin/../lib/gcc/arm-none-eabi/11.3.1/thumb/v7e-m+fp/hard\libgcc.a(_dvmd_tls.o)
                0x0000000008000f80                __aeabi_idiv0
                0x0000000008000f80                __aeabi_ldiv0
 *(.text*)
 .text.StartDefaultTask
                0x0000000008000f84        0xa ./Core/Src/main.o
                0x0000000008000f84                StartDefaultTask
 *fill*         0x0000000008000f8e        0x2 
 .text.encoder  0x0000000008000f90      0x130 ./Core/Src/main.o
                0x0000000008000f90                encoder
 .text.Gyro     0x00000000080010c0      0x110 ./Core/Src/main.o
                0x00000000080010c0                Gyro
 .text.SystemClock_Config
                0x00000000080011d0       0x88 ./Core/Src/main.o
                0x00000000080011d0                SystemClock_Config
 .text.startup.main
                0x0000000008001258      0x5ec ./Core/Src/main.o
                0x0000000008001258                main
 *fill*         0x0000000008001844        0x4 
 .text.HAL_TIM_IC_CaptureCallback
                0x0000000008001848       0xb0 ./Core/Src/main.o
                0x0000000008001848                HAL_TIM_IC_CaptureCallback
 .text.delay_us
                0x00000000080018f8       0x14 ./Core/Src/main.o
                0x00000000080018f8                delay_us
 .text.HCSR04_Read
                0x000000000800190c       0x38 ./Core/Src/main.o
                0x000000000800190c                HCSR04_Read
 .text.start_ultrasonic
                0x0000000008001944       0x58 ./Core/Src/main.o
                0x0000000008001944                start_ultrasonic
 .text.HAL_UART_RxCpltCallback
                0x000000000800199c       0x64 ./Core/Src/main.o
                0x000000000800199c                HAL_UART_RxCpltCallback
 .text.HAL_ADC_ConvHalfCpltCallback
                0x0000000008001a00       0x58 ./Core/Src/main.o
                0x0000000008001a00                HAL_ADC_ConvHalfCpltCallback
 .text.HAL_ADC_ConvCpltCallback
                0x0000000008001a58       0x58 ./Core/Src/main.o
                0x0000000008001a58                HAL_ADC_ConvCpltCallback
 .text.ADC_To_Dist
                0x0000000008001ab0       0x64 ./Core/Src/main.o
                0x0000000008001ab0                ADC_To_Dist
 .text.ir_task  0x0000000008001b14       0x4c ./Core/Src/main.o
                0x0000000008001b14                ir_task
 .text.IMU_ReadOneByte
                0x0000000008001b60       0x28 ./Core/Src/main.o
                0x0000000008001b60                IMU_ReadOneByte
 .text.IMU_WriteOneByte
                0x0000000008001b88       0x26 ./Core/Src/main.o
                0x0000000008001b88                IMU_WriteOneByte
 *fill*         0x0000000008001bae        0x2 
 .text.IMU_Initialise
                0x0000000008001bb0       0xc4 ./Core/Src/main.o
                0x0000000008001bb0                IMU_Initialise
 .text.HAL_I2C_MemRxCpltCallback
                0x0000000008001c74       0x18 ./Core/Src/main.o
                0x0000000008001c74                HAL_I2C_MemRxCpltCallback
 *fill*         0x0000000008001c8c        0x4 
 .text.turnLeft
                0x0000000008001c90      0x13c ./Core/Src/main.o
                0x0000000008001c90                turnLeft
 *fill*         0x0000000008001dcc        0x4 
 .text.turnRight
                0x0000000008001dd0      0x130 ./Core/Src/main.o
                0x0000000008001dd0                turnRight
 .text.maintainStraightPath
                0x0000000008001f00      0x1f4 ./Core/Src/main.o
                0x0000000008001f00                maintainStraightPath
 .text.motor    0x00000000080020f4      0x28c ./Core/Src/main.o
                0x00000000080020f4                motor
 .text.Error_Handler
                0x0000000008002380        0x4 ./Core/Src/main.o
                0x0000000008002380                Error_Handler
 .text.OLED_WR_Byte
                0x0000000008002384       0x5c ./Core/Src/oled.o
                0x0000000008002384                OLED_WR_Byte
 .text.OLED_Refresh_Gram
                0x00000000080023e0       0x44 ./Core/Src/oled.o
                0x00000000080023e0                OLED_Refresh_Gram
 .text.OLED_Clear
                0x0000000008002424       0x28 ./Core/Src/oled.o
                0x0000000008002424                OLED_Clear
 .text.OLED_DrawPoint
                0x000000000800244c       0x38 ./Core/Src/oled.o
                0x000000000800244c                OLED_DrawPoint
 .text.OLED_ShowChar
                0x0000000008002484       0x8c ./Core/Src/oled.o
                0x0000000008002484                OLED_ShowChar
 .text.OLED_ShowString
                0x0000000008002510       0x3e ./Core/Src/oled.o
                0x0000000008002510                OLED_ShowString
 *fill*         0x000000000800254e        0x2 
 .text.OLED_Init
                0x0000000008002550      0x110 ./Core/Src/oled.o
                0x0000000008002550                OLED_Init
 .text.HAL_MspInit
                0x0000000008002660       0x54 ./Core/Src/stm32f4xx_hal_msp.o
                0x0000000008002660                HAL_MspInit
 .text.HAL_ADC_MspInit
                0x00000000080026b4       0xa0 ./Core/Src/stm32f4xx_hal_msp.o
                0x00000000080026b4                HAL_ADC_MspInit
 .text.HAL_I2C_MspInit
                0x0000000008002754      0x104 ./Core/Src/stm32f4xx_hal_msp.o
                0x0000000008002754                HAL_I2C_MspInit
 .text.HAL_TIM_PWM_MspInit
                0x0000000008002858       0x30 ./Core/Src/stm32f4xx_hal_msp.o
                0x0000000008002858                HAL_TIM_PWM_MspInit
 .text.HAL_TIM_Encoder_MspInit
                0x0000000008002888       0xdc ./Core/Src/stm32f4xx_hal_msp.o
                0x0000000008002888                HAL_TIM_Encoder_MspInit
 .text.HAL_TIM_IC_MspInit
                0x0000000008002964       0x78 ./Core/Src/stm32f4xx_hal_msp.o
                0x0000000008002964                HAL_TIM_IC_MspInit
 .text.HAL_TIM_Base_MspInit
                0x00000000080029dc       0x8c ./Core/Src/stm32f4xx_hal_msp.o
                0x00000000080029dc                HAL_TIM_Base_MspInit
 .text.HAL_TIM_MspPostInit
                0x0000000008002a68       0x58 ./Core/Src/stm32f4xx_hal_msp.o
                0x0000000008002a68                HAL_TIM_MspPostInit
 .text.HAL_UART_MspInit
                0x0000000008002ac0       0x7c ./Core/Src/stm32f4xx_hal_msp.o
                0x0000000008002ac0                HAL_UART_MspInit
 .text.NMI_Handler
                0x0000000008002b3c        0x2 ./Core/Src/stm32f4xx_it.o
                0x0000000008002b3c                NMI_Handler
 .text.HardFault_Handler
                0x0000000008002b3e        0x2 ./Core/Src/stm32f4xx_it.o
                0x0000000008002b3e                HardFault_Handler
 .text.MemManage_Handler
                0x0000000008002b40        0x2 ./Core/Src/stm32f4xx_it.o
                0x0000000008002b40                MemManage_Handler
 .text.BusFault_Handler
                0x0000000008002b42        0x2 ./Core/Src/stm32f4xx_it.o
                0x0000000008002b42                BusFault_Handler
 .text.UsageFault_Handler
                0x0000000008002b44        0x2 ./Core/Src/stm32f4xx_it.o
                0x0000000008002b44                UsageFault_Handler
 .text.DebugMon_Handler
                0x0000000008002b46        0x2 ./Core/Src/stm32f4xx_it.o
                0x0000000008002b46                DebugMon_Handler
 .text.SysTick_Handler
                0x0000000008002b48       0x18 ./Core/Src/stm32f4xx_it.o
                0x0000000008002b48                SysTick_Handler
 .text.RCC_IRQHandler
                0x0000000008002b60        0x2 ./Core/Src/stm32f4xx_it.o
                0x0000000008002b60                RCC_IRQHandler
 *fill*         0x0000000008002b62        0x2 
 .text.DMA1_Stream0_IRQHandler
                0x0000000008002b64        0xc ./Core/Src/stm32f4xx_it.o
                0x0000000008002b64                DMA1_Stream0_IRQHandler
 .text.TIM4_IRQHandler
                0x0000000008002b70        0xc ./Core/Src/stm32f4xx_it.o
                0x0000000008002b70                TIM4_IRQHandler
 .text.USART3_IRQHandler
                0x0000000008002b7c        0xc ./Core/Src/stm32f4xx_it.o
                0x0000000008002b7c                USART3_IRQHandler
 .text.DMA2_Stream0_IRQHandler
                0x0000000008002b88        0xc ./Core/Src/stm32f4xx_it.o
                0x0000000008002b88                DMA2_Stream0_IRQHandler
 .text._getpid  0x0000000008002b94        0x4 ./Core/Src/syscalls.o
                0x0000000008002b94                _getpid
 .text._kill    0x0000000008002b98       0x10 ./Core/Src/syscalls.o
                0x0000000008002b98                _kill
 .text._exit    0x0000000008002ba8        0xc ./Core/Src/syscalls.o
                0x0000000008002ba8                _exit
 .text._read    0x0000000008002bb4       0x1c ./Core/Src/syscalls.o
                0x0000000008002bb4                _read
 .text._write   0x0000000008002bd0       0x1c ./Core/Src/syscalls.o
                0x0000000008002bd0                _write
 .text._close   0x0000000008002bec        0x6 ./Core/Src/syscalls.o
                0x0000000008002bec                _close
 .text._fstat   0x0000000008002bf2        0xa ./Core/Src/syscalls.o
                0x0000000008002bf2                _fstat
 .text._isatty  0x0000000008002bfc        0x4 ./Core/Src/syscalls.o
                0x0000000008002bfc                _isatty
 .text._lseek   0x0000000008002c00        0x4 ./Core/Src/syscalls.o
                0x0000000008002c00                _lseek
 .text._sbrk    0x0000000008002c04       0x40 ./Core/Src/sysmem.o
                0x0000000008002c04                _sbrk
 .text.SystemInit
                0x0000000008002c44       0x14 ./Core/Src/system_stm32f4xx.o
                0x0000000008002c44                SystemInit
 .text.Reset_Handler
                0x0000000008002c58       0x50 ./Core/Startup/startup_stm32f407vetx.o
                0x0000000008002c58                Reset_Handler
 .text.Default_Handler
                0x0000000008002ca8        0x2 ./Core/Startup/startup_stm32f407vetx.o
                0x0000000008002ca8                RTC_Alarm_IRQHandler
                0x0000000008002ca8                HASH_RNG_IRQHandler
                0x0000000008002ca8                EXTI2_IRQHandler
                0x0000000008002ca8                TIM8_CC_IRQHandler
                0x0000000008002ca8                TIM1_CC_IRQHandler
                0x0000000008002ca8                DMA2_Stream5_IRQHandler
                0x0000000008002ca8                DMA1_Stream5_IRQHandler
                0x0000000008002ca8                PVD_IRQHandler
                0x0000000008002ca8                SDIO_IRQHandler
                0x0000000008002ca8                TAMP_STAMP_IRQHandler
                0x0000000008002ca8                CAN2_RX1_IRQHandler
                0x0000000008002ca8                EXTI3_IRQHandler
                0x0000000008002ca8                TIM8_TRG_COM_TIM14_IRQHandler
                0x0000000008002ca8                TIM1_UP_TIM10_IRQHandler
                0x0000000008002ca8                TIM8_UP_TIM13_IRQHandler
                0x0000000008002ca8                I2C3_ER_IRQHandler
                0x0000000008002ca8                EXTI0_IRQHandler
                0x0000000008002ca8                I2C2_EV_IRQHandler
                0x0000000008002ca8                DMA1_Stream2_IRQHandler
                0x0000000008002ca8                CAN1_RX0_IRQHandler
                0x0000000008002ca8                FPU_IRQHandler
                0x0000000008002ca8                OTG_HS_WKUP_IRQHandler
                0x0000000008002ca8                CAN2_SCE_IRQHandler
                0x0000000008002ca8                DMA2_Stream2_IRQHandler
                0x0000000008002ca8                SPI1_IRQHandler
                0x0000000008002ca8                TIM6_DAC_IRQHandler
                0x0000000008002ca8                TIM1_BRK_TIM9_IRQHandler
                0x0000000008002ca8                DCMI_IRQHandler
                0x0000000008002ca8                CAN2_RX0_IRQHandler
                0x0000000008002ca8                DMA2_Stream3_IRQHandler
                0x0000000008002ca8                USART6_IRQHandler
                0x0000000008002ca8                CAN1_RX1_IRQHandler
                0x0000000008002ca8                UART5_IRQHandler
                0x0000000008002ca8                I2C1_EV_IRQHandler
                0x0000000008002ca8                DMA1_Stream6_IRQHandler
                0x0000000008002ca8                DMA1_Stream1_IRQHandler
                0x0000000008002ca8                UART4_IRQHandler
                0x0000000008002ca8                TIM3_IRQHandler
                0x0000000008002ca8                TIM8_BRK_TIM12_IRQHandler
                0x0000000008002ca8                Default_Handler
                0x0000000008002ca8                EXTI15_10_IRQHandler
                0x0000000008002ca8                ADC_IRQHandler
                0x0000000008002ca8                DMA1_Stream7_IRQHandler
                0x0000000008002ca8                TIM7_IRQHandler
                0x0000000008002ca8                CAN2_TX_IRQHandler
                0x0000000008002ca8                TIM5_IRQHandler
                0x0000000008002ca8                DMA2_Stream7_IRQHandler
                0x0000000008002ca8                I2C3_EV_IRQHandler
                0x0000000008002ca8                EXTI9_5_IRQHandler
                0x0000000008002ca8                RTC_WKUP_IRQHandler
                0x0000000008002ca8                ETH_WKUP_IRQHandler
                0x0000000008002ca8                SPI2_IRQHandler
                0x0000000008002ca8                OTG_HS_EP1_IN_IRQHandler
                0x0000000008002ca8                CAN1_TX_IRQHandler
                0x0000000008002ca8                EXTI4_IRQHandler
                0x0000000008002ca8                FSMC_IRQHandler
                0x0000000008002ca8                ETH_IRQHandler
                0x0000000008002ca8                OTG_HS_EP1_OUT_IRQHandler
                0x0000000008002ca8                WWDG_IRQHandler
                0x0000000008002ca8                TIM2_IRQHandler
                0x0000000008002ca8                OTG_FS_WKUP_IRQHandler
                0x0000000008002ca8                TIM1_TRG_COM_TIM11_IRQHandler
                0x0000000008002ca8                OTG_HS_IRQHandler
                0x0000000008002ca8                EXTI1_IRQHandler
                0x0000000008002ca8                USART2_IRQHandler
                0x0000000008002ca8                I2C2_ER_IRQHandler
                0x0000000008002ca8                DMA2_Stream1_IRQHandler
                0x0000000008002ca8                CAN1_SCE_IRQHandler
                0x0000000008002ca8                FLASH_IRQHandler
                0x0000000008002ca8                DMA2_Stream4_IRQHandler
                0x0000000008002ca8                USART1_IRQHandler
                0x0000000008002ca8                OTG_FS_IRQHandler
                0x0000000008002ca8                SPI3_IRQHandler
                0x0000000008002ca8                DMA1_Stream4_IRQHandler
                0x0000000008002ca8                I2C1_ER_IRQHandler
                0x0000000008002ca8                DMA2_Stream6_IRQHandler
                0x0000000008002ca8                DMA1_Stream3_IRQHandler
 *fill*         0x0000000008002caa        0x2 
 .text.HAL_InitTick
                0x0000000008002cac       0x48 ./Drivers/STM32F4xx_HAL_Driver/Src/stm32f4xx_hal.o
                0x0000000008002cac                HAL_InitTick
 .text.HAL_Init
                0x0000000008002cf4       0x34 ./Drivers/STM32F4xx_HAL_Driver/Src/stm32f4xx_hal.o
                0x0000000008002cf4                HAL_Init
 .text.HAL_IncTick
                0x0000000008002d28       0x18 ./Drivers/STM32F4xx_HAL_Driver/Src/stm32f4xx_hal.o
                0x0000000008002d28                HAL_IncTick
 .text.HAL_GetTick
                0x0000000008002d40        0xc ./Drivers/STM32F4xx_HAL_Driver/Src/stm32f4xx_hal.o
                0x0000000008002d40                HAL_GetTick
 .text.HAL_Delay
                0x0000000008002d4c       0x28 ./Drivers/STM32F4xx_HAL_Driver/Src/stm32f4xx_hal.o
                0x0000000008002d4c                HAL_Delay
 .text.HAL_ADC_Init
                0x0000000008002d74      0x14c ./Drivers/STM32F4xx_HAL_Driver/Src/stm32f4xx_hal_adc.o
                0x0000000008002d74                HAL_ADC_Init
 .text.HAL_ADC_Start_DMA
                0x0000000008002ec0      0x15c ./Drivers/STM32F4xx_HAL_Driver/Src/stm32f4xx_hal_adc.o
                0x0000000008002ec0                HAL_ADC_Start_DMA
 .text.ADC_DMAHalfConvCplt
                0x000000000800301c        0xa ./Drivers/STM32F4xx_HAL_Driver/Src/stm32f4xx_hal_adc.o
 .text.HAL_ADC_ErrorCallback
                0x0000000008003026        0x2 ./Drivers/STM32F4xx_HAL_Driver/Src/stm32f4xx_hal_adc.o
                0x0000000008003026                HAL_ADC_ErrorCallback
 .text.ADC_DMAError
                0x0000000008003028       0x16 ./Drivers/STM32F4xx_HAL_Driver/Src/stm32f4xx_hal_adc.o
 .text.ADC_DMAConvCplt
                0x000000000800303e       0x6c ./Drivers/STM32F4xx_HAL_Driver/Src/stm32f4xx_hal_adc.o
 *fill*         0x00000000080030aa        0x2 
 .text.HAL_ADC_ConfigChannel
                0x00000000080030ac      0x120 ./Drivers/STM32F4xx_HAL_Driver/Src/stm32f4xx_hal_adc.o
                0x00000000080030ac                HAL_ADC_ConfigChannel
 .text.HAL_NVIC_SetPriorityGrouping
                0x00000000080031cc       0x24 ./Drivers/STM32F4xx_HAL_Driver/Src/stm32f4xx_hal_cortex.o
                0x00000000080031cc                HAL_NVIC_SetPriorityGrouping
 .text.HAL_NVIC_SetPriority
                0x00000000080031f0       0x64 ./Drivers/STM32F4xx_HAL_Driver/Src/stm32f4xx_hal_cortex.o
                0x00000000080031f0                HAL_NVIC_SetPriority
 .text.HAL_NVIC_EnableIRQ
                0x0000000008003254       0x1c ./Drivers/STM32F4xx_HAL_Driver/Src/stm32f4xx_hal_cortex.o
                0x0000000008003254                HAL_NVIC_EnableIRQ
 .text.HAL_SYSTICK_Config
                0x0000000008003270       0x28 ./Drivers/STM32F4xx_HAL_Driver/Src/stm32f4xx_hal_cortex.o
                0x0000000008003270                HAL_SYSTICK_Config
 .text.DMA_CalcBaseAndBitshift
                0x0000000008003298       0x2c ./Drivers/STM32F4xx_HAL_Driver/Src/stm32f4xx_hal_dma.o
 .text.HAL_DMA_Init
                0x00000000080032c4       0xfc ./Drivers/STM32F4xx_HAL_Driver/Src/stm32f4xx_hal_dma.o
                0x00000000080032c4                HAL_DMA_Init
 .text.HAL_DMA_Start_IT
                0x00000000080033c0       0x74 ./Drivers/STM32F4xx_HAL_Driver/Src/stm32f4xx_hal_dma.o
                0x00000000080033c0                HAL_DMA_Start_IT
 .text.HAL_DMA_Abort
                0x0000000008003434       0x7e ./Drivers/STM32F4xx_HAL_Driver/Src/stm32f4xx_hal_dma.o
                0x0000000008003434                HAL_DMA_Abort
 .text.HAL_DMA_Abort_IT
                0x00000000080034b2       0x24 ./Drivers/STM32F4xx_HAL_Driver/Src/stm32f4xx_hal_dma.o
                0x00000000080034b2                HAL_DMA_Abort_IT
 *fill*         0x00000000080034d6        0x2 
 .text.HAL_DMA_IRQHandler
                0x00000000080034d8      0x17c ./Drivers/STM32F4xx_HAL_Driver/Src/stm32f4xx_hal_dma.o
                0x00000000080034d8                HAL_DMA_IRQHandler
 .text.HAL_DMA_GetError
                0x0000000008003654        0x4 ./Drivers/STM32F4xx_HAL_Driver/Src/stm32f4xx_hal_dma.o
                0x0000000008003654                HAL_DMA_GetError
 .text.HAL_GPIO_Init
                0x0000000008003658      0x1b4 ./Drivers/STM32F4xx_HAL_Driver/Src/stm32f4xx_hal_gpio.o
                0x0000000008003658                HAL_GPIO_Init
 .text.HAL_GPIO_WritePin
                0x000000000800380c        0xa ./Drivers/STM32F4xx_HAL_Driver/Src/stm32f4xx_hal_gpio.o
                0x000000000800380c                HAL_GPIO_WritePin
 .text.I2C_IsAcknowledgeFailed
                0x0000000008003816       0x34 ./Drivers/STM32F4xx_HAL_Driver/Src/stm32f4xx_hal_i2c.o
 .text.I2C_WaitOnFlagUntilTimeout
                0x000000000800384a       0x64 ./Drivers/STM32F4xx_HAL_Driver/Src/stm32f4xx_hal_i2c.o
 .text.I2C_WaitOnMasterAddressFlagUntilTimeout
                0x00000000080038ae       0x76 ./Drivers/STM32F4xx_HAL_Driver/Src/stm32f4xx_hal_i2c.o
 .text.I2C_WaitOnRXNEFlagUntilTimeout
                0x0000000008003924       0x5e ./Drivers/STM32F4xx_HAL_Driver/Src/stm32f4xx_hal_i2c.o
 .text.I2C_WaitOnTXEFlagUntilTimeout
                0x0000000008003982       0x4c ./Drivers/STM32F4xx_HAL_Driver/Src/stm32f4xx_hal_i2c.o
 *fill*         0x00000000080039ce        0x2 
 .text.I2C_RequestMemoryWrite
                0x00000000080039d0       0xb0 ./Drivers/STM32F4xx_HAL_Driver/Src/stm32f4xx_hal_i2c.o
 .text.I2C_RequestMemoryRead
                0x0000000008003a80      0x104 ./Drivers/STM32F4xx_HAL_Driver/Src/stm32f4xx_hal_i2c.o
 .text.I2C_WaitOnBTFFlagUntilTimeout
                0x0000000008003b84       0x4c ./Drivers/STM32F4xx_HAL_Driver/Src/stm32f4xx_hal_i2c.o
 .text.HAL_I2C_Init
                0x0000000008003bd0      0x150 ./Drivers/STM32F4xx_HAL_Driver/Src/stm32f4xx_hal_i2c.o
                0x0000000008003bd0                HAL_I2C_Init
 .text.HAL_I2C_Mem_Write
                0x0000000008003d20      0x120 ./Drivers/STM32F4xx_HAL_Driver/Src/stm32f4xx_hal_i2c.o
                0x0000000008003d20                HAL_I2C_Mem_Write
 .text.HAL_I2C_Mem_Read
                0x0000000008003e40      0x210 ./Drivers/STM32F4xx_HAL_Driver/Src/stm32f4xx_hal_i2c.o
                0x0000000008003e40                HAL_I2C_Mem_Read
 .text.HAL_I2C_Mem_Read_DMA
                0x0000000008004050      0x1d4 ./Drivers/STM32F4xx_HAL_Driver/Src/stm32f4xx_hal_i2c.o
                0x0000000008004050                HAL_I2C_Mem_Read_DMA
 .text.HAL_I2C_MasterRxCpltCallback
                0x0000000008004224        0x2 ./Drivers/STM32F4xx_HAL_Driver/Src/stm32f4xx_hal_i2c.o
                0x0000000008004224                HAL_I2C_MasterRxCpltCallback
 .text.HAL_I2C_SlaveTxCpltCallback
                0x0000000008004226        0x2 ./Drivers/STM32F4xx_HAL_Driver/Src/stm32f4xx_hal_i2c.o
                0x0000000008004226                HAL_I2C_SlaveTxCpltCallback
 .text.HAL_I2C_SlaveRxCpltCallback
                0x0000000008004228        0x2 ./Drivers/STM32F4xx_HAL_Driver/Src/stm32f4xx_hal_i2c.o
                0x0000000008004228                HAL_I2C_SlaveRxCpltCallback
 .text.HAL_I2C_ErrorCallback
                0x000000000800422a        0x2 ./Drivers/STM32F4xx_HAL_Driver/Src/stm32f4xx_hal_i2c.o
                0x000000000800422a                HAL_I2C_ErrorCallback
 .text.I2C_DMAError
                0x000000000800422c       0x44 ./Drivers/STM32F4xx_HAL_Driver/Src/stm32f4xx_hal_i2c.o
 .text.I2C_DMAXferCplt
                0x0000000008004270      0x108 ./Drivers/STM32F4xx_HAL_Driver/Src/stm32f4xx_hal_i2c.o
 .text.HAL_PWR_EnableBkUpAccess
                0x0000000008004378       0x1c ./Drivers/STM32F4xx_HAL_Driver/Src/stm32f4xx_hal_pwr.o
                0x0000000008004378                HAL_PWR_EnableBkUpAccess
 .text.HAL_PWR_DisableBkUpAccess
                0x0000000008004394       0x1c ./Drivers/STM32F4xx_HAL_Driver/Src/stm32f4xx_hal_pwr.o
                0x0000000008004394                HAL_PWR_DisableBkUpAccess
 .text.HAL_RCC_OscConfig
                0x00000000080043b0      0x358 ./Drivers/STM32F4xx_HAL_Driver/Src/stm32f4xx_hal_rcc.o
                0x00000000080043b0                HAL_RCC_OscConfig
 .text.HAL_RCC_GetSysClockFreq
                0x0000000008004708       0x5c ./Drivers/STM32F4xx_HAL_Driver/Src/stm32f4xx_hal_rcc.o
                0x0000000008004708                HAL_RCC_GetSysClockFreq
 .text.HAL_RCC_ClockConfig
                0x0000000008004764      0x134 ./Drivers/STM32F4xx_HAL_Driver/Src/stm32f4xx_hal_rcc.o
                0x0000000008004764                HAL_RCC_ClockConfig
 .text.HAL_RCC_GetPCLK1Freq
                0x0000000008004898       0x20 ./Drivers/STM32F4xx_HAL_Driver/Src/stm32f4xx_hal_rcc.o
                0x0000000008004898                HAL_RCC_GetPCLK1Freq
 .text.HAL_RCC_GetPCLK2Freq
                0x00000000080048b8       0x20 ./Drivers/STM32F4xx_HAL_Driver/Src/stm32f4xx_hal_rcc.o
                0x00000000080048b8                HAL_RCC_GetPCLK2Freq
 .text.TIM_OC1_SetConfig
                0x00000000080048d8       0x64 ./Drivers/STM32F4xx_HAL_Driver/Src/stm32f4xx_hal_tim.o
 .text.TIM_OC3_SetConfig
                0x000000000800493c       0x6c ./Drivers/STM32F4xx_HAL_Driver/Src/stm32f4xx_hal_tim.o
 .text.TIM_OC4_SetConfig
                0x00000000080049a8       0x4c ./Drivers/STM32F4xx_HAL_Driver/Src/stm32f4xx_hal_tim.o
 .text.HAL_TIM_Encoder_Start
                0x00000000080049f4       0xb2 ./Drivers/STM32F4xx_HAL_Driver/Src/stm32f4xx_hal_tim.o
                0x00000000080049f4                HAL_TIM_Encoder_Start
 .text.HAL_TIM_ReadCapturedValue
                0x0000000008004aa6       0x2c ./Drivers/STM32F4xx_HAL_Driver/Src/stm32f4xx_hal_tim.o
                0x0000000008004aa6                HAL_TIM_ReadCapturedValue
 .text.HAL_TIM_PeriodElapsedCallback
                0x0000000008004ad2        0x2 ./Drivers/STM32F4xx_HAL_Driver/Src/stm32f4xx_hal_tim.o
                0x0000000008004ad2                HAL_TIM_PeriodElapsedCallback
 .text.HAL_TIM_OC_DelayElapsedCallback
                0x0000000008004ad4        0x2 ./Drivers/STM32F4xx_HAL_Driver/Src/stm32f4xx_hal_tim.o
                0x0000000008004ad4                HAL_TIM_OC_DelayElapsedCallback
 .text.HAL_TIM_PWM_PulseFinishedCallback
                0x0000000008004ad6        0x2 ./Drivers/STM32F4xx_HAL_Driver/Src/stm32f4xx_hal_tim.o
                0x0000000008004ad6                HAL_TIM_PWM_PulseFinishedCallback
 .text.HAL_TIM_TriggerCallback
                0x0000000008004ad8        0x2 ./Drivers/STM32F4xx_HAL_Driver/Src/stm32f4xx_hal_tim.o
                0x0000000008004ad8                HAL_TIM_TriggerCallback
 .text.HAL_TIM_IRQHandler
                0x0000000008004ada      0x144 ./Drivers/STM32F4xx_HAL_Driver/Src/stm32f4xx_hal_tim.o
                0x0000000008004ada                HAL_TIM_IRQHandler
 *fill*         0x0000000008004c1e        0x2 
 .text.TIM_Base_SetConfig
                0x0000000008004c20       0xcc ./Drivers/STM32F4xx_HAL_Driver/Src/stm32f4xx_hal_tim.o
                0x0000000008004c20                TIM_Base_SetConfig
 .text.HAL_TIM_Base_Init
                0x0000000008004cec       0x58 ./Drivers/STM32F4xx_HAL_Driver/Src/stm32f4xx_hal_tim.o
                0x0000000008004cec                HAL_TIM_Base_Init
 .text.HAL_TIM_PWM_Init
                0x0000000008004d44       0x58 ./Drivers/STM32F4xx_HAL_Driver/Src/stm32f4xx_hal_tim.o
                0x0000000008004d44                HAL_TIM_PWM_Init
 .text.HAL_TIM_IC_Init
                0x0000000008004d9c       0x58 ./Drivers/STM32F4xx_HAL_Driver/Src/stm32f4xx_hal_tim.o
                0x0000000008004d9c                HAL_TIM_IC_Init
 .text.HAL_TIM_Encoder_Init
                0x0000000008004df4       0xa8 ./Drivers/STM32F4xx_HAL_Driver/Src/stm32f4xx_hal_tim.o
                0x0000000008004df4                HAL_TIM_Encoder_Init
 .text.TIM_OC2_SetConfig
                0x0000000008004e9c       0x6c ./Drivers/STM32F4xx_HAL_Driver/Src/stm32f4xx_hal_tim.o
                0x0000000008004e9c                TIM_OC2_SetConfig
 .text.HAL_TIM_PWM_ConfigChannel
                0x0000000008004f08       0xb2 ./Drivers/STM32F4xx_HAL_Driver/Src/stm32f4xx_hal_tim.o
                0x0000000008004f08                HAL_TIM_PWM_ConfigChannel
 *fill*         0x0000000008004fba        0x2 
 .text.TIM_TI1_SetConfig
                0x0000000008004fbc       0x74 ./Drivers/STM32F4xx_HAL_Driver/Src/stm32f4xx_hal_tim.o
                0x0000000008004fbc                TIM_TI1_SetConfig
 .text.HAL_TIM_IC_ConfigChannel
                0x0000000008005030      0x12a ./Drivers/STM32F4xx_HAL_Driver/Src/stm32f4xx_hal_tim.o
                0x0000000008005030                HAL_TIM_IC_ConfigChannel
 .text.TIM_ETR_SetConfig
                0x000000000800515a       0x14 ./Drivers/STM32F4xx_HAL_Driver/Src/stm32f4xx_hal_tim.o
                0x000000000800515a                TIM_ETR_SetConfig
 .text.HAL_TIM_ConfigClockSource
                0x000000000800516e      0x132 ./Drivers/STM32F4xx_HAL_Driver/Src/stm32f4xx_hal_tim.o
                0x000000000800516e                HAL_TIM_ConfigClockSource
 .text.TIM_CCxChannelCmd
                0x00000000080052a0       0x1c ./Drivers/STM32F4xx_HAL_Driver/Src/stm32f4xx_hal_tim.o
                0x00000000080052a0                TIM_CCxChannelCmd
 .text.HAL_TIM_OC_Start
                0x00000000080052bc       0xcc ./Drivers/STM32F4xx_HAL_Driver/Src/stm32f4xx_hal_tim.o
                0x00000000080052bc                HAL_TIM_OC_Start
 .text.HAL_TIM_PWM_Start
                0x0000000008005388        0x4 ./Drivers/STM32F4xx_HAL_Driver/Src/stm32f4xx_hal_tim.o
                0x0000000008005388                HAL_TIM_PWM_Start
 .text.HAL_TIM_IC_Start_IT
                0x000000000800538c      0x104 ./Drivers/STM32F4xx_HAL_Driver/Src/stm32f4xx_hal_tim.o
                0x000000000800538c                HAL_TIM_IC_Start_IT
 .text.HAL_TIMEx_MasterConfigSynchronization
                0x0000000008005490       0x7c ./Drivers/STM32F4xx_HAL_Driver/Src/stm32f4xx_hal_tim_ex.o
                0x0000000008005490                HAL_TIMEx_MasterConfigSynchronization
 .text.HAL_TIMEx_ConfigBreakDeadTime
                0x000000000800550c       0x4c ./Drivers/STM32F4xx_HAL_Driver/Src/stm32f4xx_hal_tim_ex.o
                0x000000000800550c                HAL_TIMEx_ConfigBreakDeadTime
 .text.HAL_TIMEx_CommutCallback
                0x0000000008005558        0x2 ./Drivers/STM32F4xx_HAL_Driver/Src/stm32f4xx_hal_tim_ex.o
                0x0000000008005558                HAL_TIMEx_CommutCallback
 .text.HAL_TIMEx_BreakCallback
                0x000000000800555a        0x2 ./Drivers/STM32F4xx_HAL_Driver/Src/stm32f4xx_hal_tim_ex.o
                0x000000000800555a                HAL_TIMEx_BreakCallback
 .text.UART_EndRxTransfer
                0x000000000800555c       0x5c ./Drivers/STM32F4xx_HAL_Driver/Src/stm32f4xx_hal_uart.o
 .text.UART_SetConfig
                0x00000000080055b8       0xbc ./Drivers/STM32F4xx_HAL_Driver/Src/stm32f4xx_hal_uart.o
 .text.UART_WaitOnFlagUntilTimeout.constprop.0
                0x0000000008005674       0x6c ./Drivers/STM32F4xx_HAL_Driver/Src/stm32f4xx_hal_uart.o
 .text.HAL_UART_Init
                0x00000000080056e0       0x5c ./Drivers/STM32F4xx_HAL_Driver/Src/stm32f4xx_hal_uart.o
                0x00000000080056e0                HAL_UART_Init
 .text.HAL_UART_Transmit
                0x000000000800573c       0xaa ./Drivers/STM32F4xx_HAL_Driver/Src/stm32f4xx_hal_uart.o
                0x000000000800573c                HAL_UART_Transmit
 .text.HAL_UART_TxCpltCallback
                0x00000000080057e6        0x2 ./Drivers/STM32F4xx_HAL_Driver/Src/stm32f4xx_hal_uart.o
                0x00000000080057e6                HAL_UART_TxCpltCallback
 .text.HAL_UART_ErrorCallback
                0x00000000080057e8        0x2 ./Drivers/STM32F4xx_HAL_Driver/Src/stm32f4xx_hal_uart.o
                0x00000000080057e8                HAL_UART_ErrorCallback
 .text.UART_DMAAbortOnError
                0x00000000080057ea       0x10 ./Drivers/STM32F4xx_HAL_Driver/Src/stm32f4xx_hal_uart.o
 .text.HAL_UARTEx_RxEventCallback
                0x00000000080057fa        0x2 ./Drivers/STM32F4xx_HAL_Driver/Src/stm32f4xx_hal_uart.o
                0x00000000080057fa                HAL_UARTEx_RxEventCallback
 .text.UART_Receive_IT.isra.0
                0x00000000080057fc       0xb4 ./Drivers/STM32F4xx_HAL_Driver/Src/stm32f4xx_hal_uart.o
 .text.HAL_UART_IRQHandler
                0x00000000080058b0      0x28c ./Drivers/STM32F4xx_HAL_Driver/Src/stm32f4xx_hal_uart.o
                0x00000000080058b0                HAL_UART_IRQHandler
 .text.UART_Start_Receive_IT
                0x0000000008005b3c       0x36 ./Drivers/STM32F4xx_HAL_Driver/Src/stm32f4xx_hal_uart.o
                0x0000000008005b3c                UART_Start_Receive_IT
 .text.HAL_UART_Receive_IT
                0x0000000008005b72       0x30 ./Drivers/STM32F4xx_HAL_Driver/Src/stm32f4xx_hal_uart.o
                0x0000000008005b72                HAL_UART_Receive_IT
 *fill*         0x0000000008005ba2        0x2 
 .text.osKernelInitialize
                0x0000000008005ba4       0x24 ./Middlewares/Third_Party/FreeRTOS/Source/CMSIS_RTOS_V2/cmsis_os2.o
                0x0000000008005ba4                osKernelInitialize
 .text.osKernelStart
                0x0000000008005bc8       0x34 ./Middlewares/Third_Party/FreeRTOS/Source/CMSIS_RTOS_V2/cmsis_os2.o
                0x0000000008005bc8                osKernelStart
 .text.osThreadNew
                0x0000000008005bfc       0x8e ./Middlewares/Third_Party/FreeRTOS/Source/CMSIS_RTOS_V2/cmsis_os2.o
                0x0000000008005bfc                osThreadNew
 .text.osDelay  0x0000000008005c8a       0x18 ./Middlewares/Third_Party/FreeRTOS/Source/CMSIS_RTOS_V2/cmsis_os2.o
                0x0000000008005c8a                osDelay
 *fill*         0x0000000008005ca2        0x2 
 .text.vApplicationGetIdleTaskMemory
                0x0000000008005ca4       0x18 ./Middlewares/Third_Party/FreeRTOS/Source/CMSIS_RTOS_V2/cmsis_os2.o
                0x0000000008005ca4                vApplicationGetIdleTaskMemory
 .text.vApplicationGetTimerTaskMemory
                0x0000000008005cbc       0x18 ./Middlewares/Third_Party/FreeRTOS/Source/CMSIS_RTOS_V2/cmsis_os2.o
                0x0000000008005cbc                vApplicationGetTimerTaskMemory
 .text.vListInitialise
                0x0000000008005cd4       0x16 ./Middlewares/Third_Party/FreeRTOS/Source/list.o
                0x0000000008005cd4                vListInitialise
 .text.vListInitialiseItem
                0x0000000008005cea        0x6 ./Middlewares/Third_Party/FreeRTOS/Source/list.o
                0x0000000008005cea                vListInitialiseItem
 .text.vListInsertEnd
                0x0000000008005cf0       0x18 ./Middlewares/Third_Party/FreeRTOS/Source/list.o
                0x0000000008005cf0                vListInsertEnd
 .text.vListInsert
                0x0000000008005d08       0x2e ./Middlewares/Third_Party/FreeRTOS/Source/list.o
                0x0000000008005d08                vListInsert
 .text.uxListRemove
                0x0000000008005d36       0x20 ./Middlewares/Third_Party/FreeRTOS/Source/list.o
                0x0000000008005d36                uxListRemove
 .text.prvIsQueueEmpty
                0x0000000008005d56       0x16 ./Middlewares/Third_Party/FreeRTOS/Source/queue.o
 .text.prvCopyDataToQueue
                0x0000000008005d6c       0x6a ./Middlewares/Third_Party/FreeRTOS/Source/queue.o
 .text.prvCopyDataFromQueue
                0x0000000008005dd6       0x2c ./Middlewares/Third_Party/FreeRTOS/Source/queue.o
 .text.prvUnlockQueue
                0x0000000008005e02       0x70 ./Middlewares/Third_Party/FreeRTOS/Source/queue.o
 .text.xQueueGenericReset
                0x0000000008005e72       0x7e ./Middlewares/Third_Party/FreeRTOS/Source/queue.o
                0x0000000008005e72                xQueueGenericReset
 .text.xQueueGenericCreateStatic
                0x0000000008005ef0       0x9c ./Middlewares/Third_Party/FreeRTOS/Source/queue.o
                0x0000000008005ef0                xQueueGenericCreateStatic
 .text.xQueueGenericSend
                0x0000000008005f8c      0x166 ./Middlewares/Third_Party/FreeRTOS/Source/queue.o
                0x0000000008005f8c                xQueueGenericSend
 .text.xQueueGenericSendFromISR
                0x00000000080060f2       0xc4 ./Middlewares/Third_Party/FreeRTOS/Source/queue.o
                0x00000000080060f2                xQueueGenericSendFromISR
 .text.xQueueReceive
                0x00000000080061b6      0x13e ./Middlewares/Third_Party/FreeRTOS/Source/queue.o
                0x00000000080061b6                xQueueReceive
 .text.vQueueAddToRegistry
                0x00000000080062f4       0x24 ./Middlewares/Third_Party/FreeRTOS/Source/queue.o
                0x00000000080062f4                vQueueAddToRegistry
 .text.vQueueWaitForMessageRestricted
                0x0000000008006318       0x46 ./Middlewares/Third_Party/FreeRTOS/Source/queue.o
                0x0000000008006318                vQueueWaitForMessageRestricted
 *fill*         0x000000000800635e        0x2 
 .text.prvAddNewTaskToReadyList
                0x0000000008006360      0x100 ./Middlewares/Third_Party/FreeRTOS/Source/tasks.o
 .text.prvAddCurrentTaskToDelayedList
                0x0000000008006460       0x70 ./Middlewares/Third_Party/FreeRTOS/Source/tasks.o
 .text.prvResetNextTaskUnblockTime
                0x00000000080064d0       0x24 ./Middlewares/Third_Party/FreeRTOS/Source/tasks.o
 .text.prvDeleteTCB
                0x00000000080064f4       0x36 ./Middlewares/Third_Party/FreeRTOS/Source/tasks.o
 *fill*         0x000000000800652a        0x2 
 .text.prvIdleTask
                0x000000000800652c       0x60 ./Middlewares/Third_Party/FreeRTOS/Source/tasks.o
 .text.prvInitialiseNewTask.constprop.0
                0x000000000800658c       0x9a ./Middlewares/Third_Party/FreeRTOS/Source/tasks.o
 .text.xTaskCreateStatic
                0x0000000008006626       0x70 ./Middlewares/Third_Party/FreeRTOS/Source/tasks.o
                0x0000000008006626                xTaskCreateStatic
 .text.xTaskCreate
                0x0000000008006696       0x5a ./Middlewares/Third_Party/FreeRTOS/Source/tasks.o
                0x0000000008006696                xTaskCreate
 .text.vTaskStartScheduler
                0x00000000080066f0       0x8c ./Middlewares/Third_Party/FreeRTOS/Source/tasks.o
                0x00000000080066f0                vTaskStartScheduler
 .text.vTaskSuspendAll
                0x000000000800677c       0x10 ./Middlewares/Third_Party/FreeRTOS/Source/tasks.o
                0x000000000800677c                vTaskSuspendAll
 .text.xTaskGetTickCount
                0x000000000800678c        0xc ./Middlewares/Third_Party/FreeRTOS/Source/tasks.o
                0x000000000800678c                xTaskGetTickCount
 .text.xTaskIncrementTick
                0x0000000008006798      0x12c ./Middlewares/Third_Party/FreeRTOS/Source/tasks.o
                0x0000000008006798                xTaskIncrementTick
 .text.xTaskResumeAll
                0x00000000080068c4       0xe8 ./Middlewares/Third_Party/FreeRTOS/Source/tasks.o
                0x00000000080068c4                xTaskResumeAll
 .text.vTaskDelay
                0x00000000080069ac       0x48 ./Middlewares/Third_Party/FreeRTOS/Source/tasks.o
                0x00000000080069ac                vTaskDelay
 .text.vTaskSwitchContext
                0x00000000080069f4       0x74 ./Middlewares/Third_Party/FreeRTOS/Source/tasks.o
                0x00000000080069f4                vTaskSwitchContext
 .text.vTaskPlaceOnEventList
                0x0000000008006a68       0x34 ./Middlewares/Third_Party/FreeRTOS/Source/tasks.o
                0x0000000008006a68                vTaskPlaceOnEventList
 .text.vTaskPlaceOnEventListRestricted
                0x0000000008006a9c       0x3c ./Middlewares/Third_Party/FreeRTOS/Source/tasks.o
                0x0000000008006a9c                vTaskPlaceOnEventListRestricted
 .text.xTaskRemoveFromEventList
                0x0000000008006ad8       0x88 ./Middlewares/Third_Party/FreeRTOS/Source/tasks.o
                0x0000000008006ad8                xTaskRemoveFromEventList
 .text.vTaskInternalSetTimeOutState
                0x0000000008006b60       0x18 ./Middlewares/Third_Party/FreeRTOS/Source/tasks.o
                0x0000000008006b60                vTaskInternalSetTimeOutState
 .text.xTaskCheckForTimeOut
                0x0000000008006b78       0x78 ./Middlewares/Third_Party/FreeRTOS/Source/tasks.o
                0x0000000008006b78                xTaskCheckForTimeOut
 .text.vTaskMissedYield
                0x0000000008006bf0        0xc ./Middlewares/Third_Party/FreeRTOS/Source/tasks.o
                0x0000000008006bf0                vTaskMissedYield
 .text.xTaskGetSchedulerState
                0x0000000008006bfc       0x20 ./Middlewares/Third_Party/FreeRTOS/Source/tasks.o
                0x0000000008006bfc                xTaskGetSchedulerState
 .text.xTaskPriorityDisinherit
                0x0000000008006c1c       0x88 ./Middlewares/Third_Party/FreeRTOS/Source/tasks.o
                0x0000000008006c1c                xTaskPriorityDisinherit
 .text.prvCheckForValidListAndQueue
                0x0000000008006ca4       0x68 ./Middlewares/Third_Party/FreeRTOS/Source/timers.o
 .text.prvInsertTimerInActiveList
                0x0000000008006d0c       0x3c ./Middlewares/Third_Party/FreeRTOS/Source/timers.o
 .text.xTimerCreateTimerTask
                0x0000000008006d48       0x64 ./Middlewares/Third_Party/FreeRTOS/Source/timers.o
                0x0000000008006d48                xTimerCreateTimerTask
 .text.xTimerGenericCommand
                0x0000000008006dac       0x58 ./Middlewares/Third_Party/FreeRTOS/Source/timers.o
                0x0000000008006dac                xTimerGenericCommand
 .text.prvSampleTimeNow
                0x0000000008006e04       0xac ./Middlewares/Third_Party/FreeRTOS/Source/timers.o
 .text.prvTimerTask
                0x0000000008006eb0      0x1cc ./Middlewares/Third_Party/FreeRTOS/Source/timers.o
 .text.prvPortStartFirstTask
                0x000000000800707c       0x28 ./Middlewares/Third_Party/FreeRTOS/Source/portable/GCC/ARM_CM4F/port.o
 .text.vPortEnableVFP
                0x00000000080070a4       0x14 ./Middlewares/Third_Party/FreeRTOS/Source/portable/GCC/ARM_CM4F/port.o
 .text.prvTaskExitError
                0x00000000080070b8       0x40 ./Middlewares/Third_Party/FreeRTOS/Source/portable/GCC/ARM_CM4F/port.o
 .text.pxPortInitialiseStack
                0x00000000080070f8       0x2c ./Middlewares/Third_Party/FreeRTOS/Source/portable/GCC/ARM_CM4F/port.o
                0x00000000080070f8                pxPortInitialiseStack
 *fill*         0x0000000008007124        0xc 
 .text.SVC_Handler
                0x0000000008007130       0x24 ./Middlewares/Third_Party/FreeRTOS/Source/portable/GCC/ARM_CM4F/port.o
                0x0000000008007130                SVC_Handler
 .text.vPortEnterCritical
                0x0000000008007154       0x40 ./Middlewares/Third_Party/FreeRTOS/Source/portable/GCC/ARM_CM4F/port.o
                0x0000000008007154                vPortEnterCritical
 .text.vPortExitCritical
                0x0000000008007194       0x28 ./Middlewares/Third_Party/FreeRTOS/Source/portable/GCC/ARM_CM4F/port.o
                0x0000000008007194                vPortExitCritical
 *fill*         0x00000000080071bc        0x4 
 .text.PendSV_Handler
                0x00000000080071c0       0x64 ./Middlewares/Third_Party/FreeRTOS/Source/portable/GCC/ARM_CM4F/port.o
                0x00000000080071c0                PendSV_Handler
 .text.xPortSysTickHandler
                0x0000000008007224       0x2c ./Middlewares/Third_Party/FreeRTOS/Source/portable/GCC/ARM_CM4F/port.o
                0x0000000008007224                xPortSysTickHandler
 .text.vPortSetupTimerInterrupt
                0x0000000008007250       0x24 ./Middlewares/Third_Party/FreeRTOS/Source/portable/GCC/ARM_CM4F/port.o
                0x0000000008007250                vPortSetupTimerInterrupt
 .text.xPortStartScheduler
                0x0000000008007274      0x10c ./Middlewares/Third_Party/FreeRTOS/Source/portable/GCC/ARM_CM4F/port.o
                0x0000000008007274                xPortStartScheduler
 .text.vPortValidateInterruptPriority
                0x0000000008007380       0x5c ./Middlewares/Third_Party/FreeRTOS/Source/portable/GCC/ARM_CM4F/port.o
                0x0000000008007380                vPortValidateInterruptPriority
 .text.prvInsertBlockIntoFreeList
                0x00000000080073dc       0x4c ./Middlewares/Third_Party/FreeRTOS/Source/portable/MemMang/heap_4.o
 .text.pvPortMalloc
                0x0000000008007428      0x130 ./Middlewares/Third_Party/FreeRTOS/Source/portable/MemMang/heap_4.o
                0x0000000008007428                pvPortMalloc
 .text.vPortFree
                0x0000000008007558       0x7c ./Middlewares/Third_Party/FreeRTOS/Source/portable/MemMang/heap_4.o
                0x0000000008007558                vPortFree
 .text.__cvt    0x00000000080075d4       0xc4 C:/Users/guoch/Desktop/SC2079/stm32/STM32CubeIDE_1.14.1/STM32CubeIDE/plugins/com.st.stm32cube.ide.mcu.externaltools.gnu-tools-for-stm32.11.3.rel1.win32_1.1.100.202309141235/tools/bin/../lib/gcc/arm-none-eabi/11.3.1/../../../../arm-none-eabi/lib/thumb/v7e-m+fp/hard\libc_nano.a(libc_a-nano-vfprintf_float.o)
                0x00000000080075d4                __cvt
 .text.__exponent
                0x0000000008007698       0x7c C:/Users/guoch/Desktop/SC2079/stm32/STM32CubeIDE_1.14.1/STM32CubeIDE/plugins/com.st.stm32cube.ide.mcu.externaltools.gnu-tools-for-stm32.11.3.rel1.win32_1.1.100.202309141235/tools/bin/../lib/gcc/arm-none-eabi/11.3.1/../../../../arm-none-eabi/lib/thumb/v7e-m+fp/hard\libc_nano.a(libc_a-nano-vfprintf_float.o)
                0x0000000008007698                __exponent
 .text._printf_float
                0x0000000008007714      0x46c C:/Users/guoch/Desktop/SC2079/stm32/STM32CubeIDE_1.14.1/STM32CubeIDE/plugins/com.st.stm32cube.ide.mcu.externaltools.gnu-tools-for-stm32.11.3.rel1.win32_1.1.100.202309141235/tools/bin/../lib/gcc/arm-none-eabi/11.3.1/../../../../arm-none-eabi/lib/thumb/v7e-m+fp/hard\libc_nano.a(libc_a-nano-vfprintf_float.o)
                0x0000000008007714                _printf_float
 .text._printf_common
                0x0000000008007b80       0xda C:/Users/guoch/Desktop/SC2079/stm32/STM32CubeIDE_1.14.1/STM32CubeIDE/plugins/com.st.stm32cube.ide.mcu.externaltools.gnu-tools-for-stm32.11.3.rel1.win32_1.1.100.202309141235/tools/bin/../lib/gcc/arm-none-eabi/11.3.1/../../../../arm-none-eabi/lib/thumb/v7e-m+fp/hard\libc_nano.a(libc_a-nano-vfprintf_i.o)
                0x0000000008007b80                _printf_common
 *fill*         0x0000000008007c5a        0x2 
 .text._printf_i
                0x0000000008007c5c      0x244 C:/Users/guoch/Desktop/SC2079/stm32/STM32CubeIDE_1.14.1/STM32CubeIDE/plugins/com.st.stm32cube.ide.mcu.externaltools.gnu-tools-for-stm32.11.3.rel1.win32_1.1.100.202309141235/tools/bin/../lib/gcc/arm-none-eabi/11.3.1/../../../../arm-none-eabi/lib/thumb/v7e-m+fp/hard\libc_nano.a(libc_a-nano-vfprintf_i.o)
                0x0000000008007c5c                _printf_i
 .text.std      0x0000000008007ea0       0x6c C:/Users/guoch/Desktop/SC2079/stm32/STM32CubeIDE_1.14.1/STM32CubeIDE/plugins/com.st.stm32cube.ide.mcu.externaltools.gnu-tools-for-stm32.11.3.rel1.win32_1.1.100.202309141235/tools/bin/../lib/gcc/arm-none-eabi/11.3.1/../../../../arm-none-eabi/lib/thumb/v7e-m+fp/hard\libc_nano.a(libc_a-findfp.o)
 .text.stdio_exit_handler
                0x0000000008007f0c       0x18 C:/Users/guoch/Desktop/SC2079/stm32/STM32CubeIDE_1.14.1/STM32CubeIDE/plugins/com.st.stm32cube.ide.mcu.externaltools.gnu-tools-for-stm32.11.3.rel1.win32_1.1.100.202309141235/tools/bin/../lib/gcc/arm-none-eabi/11.3.1/../../../../arm-none-eabi/lib/thumb/v7e-m+fp/hard\libc_nano.a(libc_a-findfp.o)
 .text.cleanup_stdio
                0x0000000008007f24       0x40 C:/Users/guoch/Desktop/SC2079/stm32/STM32CubeIDE_1.14.1/STM32CubeIDE/plugins/com.st.stm32cube.ide.mcu.externaltools.gnu-tools-for-stm32.11.3.rel1.win32_1.1.100.202309141235/tools/bin/../lib/gcc/arm-none-eabi/11.3.1/../../../../arm-none-eabi/lib/thumb/v7e-m+fp/hard\libc_nano.a(libc_a-findfp.o)
 .text.global_stdio_init.part.0
                0x0000000008007f64       0x3c C:/Users/guoch/Desktop/SC2079/stm32/STM32CubeIDE_1.14.1/STM32CubeIDE/plugins/com.st.stm32cube.ide.mcu.externaltools.gnu-tools-for-stm32.11.3.rel1.win32_1.1.100.202309141235/tools/bin/../lib/gcc/arm-none-eabi/11.3.1/../../../../arm-none-eabi/lib/thumb/v7e-m+fp/hard\libc_nano.a(libc_a-findfp.o)
 .text.__sfp_lock_acquire
                0x0000000008007fa0        0xc C:/Users/guoch/Desktop/SC2079/stm32/STM32CubeIDE_1.14.1/STM32CubeIDE/plugins/com.st.stm32cube.ide.mcu.externaltools.gnu-tools-for-stm32.11.3.rel1.win32_1.1.100.202309141235/tools/bin/../lib/gcc/arm-none-eabi/11.3.1/../../../../arm-none-eabi/lib/thumb/v7e-m+fp/hard\libc_nano.a(libc_a-findfp.o)
                0x0000000008007fa0                __sfp_lock_acquire
 .text.__sfp_lock_release
                0x0000000008007fac        0xc C:/Users/guoch/Desktop/SC2079/stm32/STM32CubeIDE_1.14.1/STM32CubeIDE/plugins/com.st.stm32cube.ide.mcu.externaltools.gnu-tools-for-stm32.11.3.rel1.win32_1.1.100.202309141235/tools/bin/../lib/gcc/arm-none-eabi/11.3.1/../../../../arm-none-eabi/lib/thumb/v7e-m+fp/hard\libc_nano.a(libc_a-findfp.o)
                0x0000000008007fac                __sfp_lock_release
 .text.__sinit  0x0000000008007fb8       0x30 C:/Users/guoch/Desktop/SC2079/stm32/STM32CubeIDE_1.14.1/STM32CubeIDE/plugins/com.st.stm32cube.ide.mcu.externaltools.gnu-tools-for-stm32.11.3.rel1.win32_1.1.100.202309141235/tools/bin/../lib/gcc/arm-none-eabi/11.3.1/../../../../arm-none-eabi/lib/thumb/v7e-m+fp/hard\libc_nano.a(libc_a-findfp.o)
                0x0000000008007fb8                __sinit
 .text._fwalk_sglue
                0x0000000008007fe8       0x3c C:/Users/guoch/Desktop/SC2079/stm32/STM32CubeIDE_1.14.1/STM32CubeIDE/plugins/com.st.stm32cube.ide.mcu.externaltools.gnu-tools-for-stm32.11.3.rel1.win32_1.1.100.202309141235/tools/bin/../lib/gcc/arm-none-eabi/11.3.1/../../../../arm-none-eabi/lib/thumb/v7e-m+fp/hard\libc_nano.a(libc_a-fwalk.o)
                0x0000000008007fe8                _fwalk_sglue
 .text.sprintf  0x0000000008008024       0x40 C:/Users/guoch/Desktop/SC2079/stm32/STM32CubeIDE_1.14.1/STM32CubeIDE/plugins/com.st.stm32cube.ide.mcu.externaltools.gnu-tools-for-stm32.11.3.rel1.win32_1.1.100.202309141235/tools/bin/../lib/gcc/arm-none-eabi/11.3.1/../../../../arm-none-eabi/lib/thumb/v7e-m+fp/hard\libc_nano.a(libc_a-sprintf.o)
                0x0000000008008024                siprintf
                0x0000000008008024                sprintf
 .text.__sread  0x0000000008008064       0x22 C:/Users/guoch/Desktop/SC2079/stm32/STM32CubeIDE_1.14.1/STM32CubeIDE/plugins/com.st.stm32cube.ide.mcu.externaltools.gnu-tools-for-stm32.11.3.rel1.win32_1.1.100.202309141235/tools/bin/../lib/gcc/arm-none-eabi/11.3.1/../../../../arm-none-eabi/lib/thumb/v7e-m+fp/hard\libc_nano.a(libc_a-stdio.o)
                0x0000000008008064                __sread
 .text.__swrite
                0x0000000008008086       0x38 C:/Users/guoch/Desktop/SC2079/stm32/STM32CubeIDE_1.14.1/STM32CubeIDE/plugins/com.st.stm32cube.ide.mcu.externaltools.gnu-tools-for-stm32.11.3.rel1.win32_1.1.100.202309141235/tools/bin/../lib/gcc/arm-none-eabi/11.3.1/../../../../arm-none-eabi/lib/thumb/v7e-m+fp/hard\libc_nano.a(libc_a-stdio.o)
                0x0000000008008086                __swrite
 .text.__sseek  0x00000000080080be       0x24 C:/Users/guoch/Desktop/SC2079/stm32/STM32CubeIDE_1.14.1/STM32CubeIDE/plugins/com.st.stm32cube.ide.mcu.externaltools.gnu-tools-for-stm32.11.3.rel1.win32_1.1.100.202309141235/tools/bin/../lib/gcc/arm-none-eabi/11.3.1/../../../../arm-none-eabi/lib/thumb/v7e-m+fp/hard\libc_nano.a(libc_a-stdio.o)
                0x00000000080080be                __sseek
 .text.__sclose
                0x00000000080080e2        0x8 C:/Users/guoch/Desktop/SC2079/stm32/STM32CubeIDE_1.14.1/STM32CubeIDE/plugins/com.st.stm32cube.ide.mcu.externaltools.gnu-tools-for-stm32.11.3.rel1.win32_1.1.100.202309141235/tools/bin/../lib/gcc/arm-none-eabi/11.3.1/../../../../arm-none-eabi/lib/thumb/v7e-m+fp/hard\libc_nano.a(libc_a-stdio.o)
                0x00000000080080e2                __sclose
 .text.memset   0x00000000080080ea       0x10 C:/Users/guoch/Desktop/SC2079/stm32/STM32CubeIDE_1.14.1/STM32CubeIDE/plugins/com.st.stm32cube.ide.mcu.externaltools.gnu-tools-for-stm32.11.3.rel1.win32_1.1.100.202309141235/tools/bin/../lib/gcc/arm-none-eabi/11.3.1/../../../../arm-none-eabi/lib/thumb/v7e-m+fp/hard\libc_nano.a(libc_a-memset.o)
                0x00000000080080ea                memset
 *fill*         0x00000000080080fa        0x2 
 .text._localeconv_r
                0x00000000080080fc        0x8 C:/Users/guoch/Desktop/SC2079/stm32/STM32CubeIDE_1.14.1/STM32CubeIDE/plugins/com.st.stm32cube.ide.mcu.externaltools.gnu-tools-for-stm32.11.3.rel1.win32_1.1.100.202309141235/tools/bin/../lib/gcc/arm-none-eabi/11.3.1/../../../../arm-none-eabi/lib/thumb/v7e-m+fp/hard\libc_nano.a(libc_a-localeconv.o)
                0x00000000080080fc                _localeconv_r
 .text._close_r
                0x0000000008008104       0x20 C:/Users/guoch/Desktop/SC2079/stm32/STM32CubeIDE_1.14.1/STM32CubeIDE/plugins/com.st.stm32cube.ide.mcu.externaltools.gnu-tools-for-stm32.11.3.rel1.win32_1.1.100.202309141235/tools/bin/../lib/gcc/arm-none-eabi/11.3.1/../../../../arm-none-eabi/lib/thumb/v7e-m+fp/hard\libc_nano.a(libc_a-closer.o)
                0x0000000008008104                _close_r
 .text._lseek_r
                0x0000000008008124       0x24 C:/Users/guoch/Desktop/SC2079/stm32/STM32CubeIDE_1.14.1/STM32CubeIDE/plugins/com.st.stm32cube.ide.mcu.externaltools.gnu-tools-for-stm32.11.3.rel1.win32_1.1.100.202309141235/tools/bin/../lib/gcc/arm-none-eabi/11.3.1/../../../../arm-none-eabi/lib/thumb/v7e-m+fp/hard\libc_nano.a(libc_a-lseekr.o)
                0x0000000008008124                _lseek_r
 .text._read_r  0x0000000008008148       0x24 C:/Users/guoch/Desktop/SC2079/stm32/STM32CubeIDE_1.14.1/STM32CubeIDE/plugins/com.st.stm32cube.ide.mcu.externaltools.gnu-tools-for-stm32.11.3.rel1.win32_1.1.100.202309141235/tools/bin/../lib/gcc/arm-none-eabi/11.3.1/../../../../arm-none-eabi/lib/thumb/v7e-m+fp/hard\libc_nano.a(libc_a-readr.o)
                0x0000000008008148                _read_r
 .text._write_r
                0x000000000800816c       0x24 C:/Users/guoch/Desktop/SC2079/stm32/STM32CubeIDE_1.14.1/STM32CubeIDE/plugins/com.st.stm32cube.ide.mcu.externaltools.gnu-tools-for-stm32.11.3.rel1.win32_1.1.100.202309141235/tools/bin/../lib/gcc/arm-none-eabi/11.3.1/../../../../arm-none-eabi/lib/thumb/v7e-m+fp/hard\libc_nano.a(libc_a-writer.o)
                0x000000000800816c                _write_r
 .text.__errno  0x0000000008008190        0xc C:/Users/guoch/Desktop/SC2079/stm32/STM32CubeIDE_1.14.1/STM32CubeIDE/plugins/com.st.stm32cube.ide.mcu.externaltools.gnu-tools-for-stm32.11.3.rel1.win32_1.1.100.202309141235/tools/bin/../lib/gcc/arm-none-eabi/11.3.1/../../../../arm-none-eabi/lib/thumb/v7e-m+fp/hard\libc_nano.a(libc_a-errno.o)
                0x0000000008008190                __errno
 .text.__libc_init_array
                0x000000000800819c       0x48 C:/Users/guoch/Desktop/SC2079/stm32/STM32CubeIDE_1.14.1/STM32CubeIDE/plugins/com.st.stm32cube.ide.mcu.externaltools.gnu-tools-for-stm32.11.3.rel1.win32_1.1.100.202309141235/tools/bin/../lib/gcc/arm-none-eabi/11.3.1/../../../../arm-none-eabi/lib/thumb/v7e-m+fp/hard\libc_nano.a(libc_a-init.o)
                0x000000000800819c                __libc_init_array
 .text.__retarget_lock_init_recursive
                0x00000000080081e4        0x2 C:/Users/guoch/Desktop/SC2079/stm32/STM32CubeIDE_1.14.1/STM32CubeIDE/plugins/com.st.stm32cube.ide.mcu.externaltools.gnu-tools-for-stm32.11.3.rel1.win32_1.1.100.202309141235/tools/bin/../lib/gcc/arm-none-eabi/11.3.1/../../../../arm-none-eabi/lib/thumb/v7e-m+fp/hard\libc_nano.a(libc_a-lock.o)
                0x00000000080081e4                __retarget_lock_init_recursive
 .text.__retarget_lock_acquire_recursive
                0x00000000080081e6        0x2 C:/Users/guoch/Desktop/SC2079/stm32/STM32CubeIDE_1.14.1/STM32CubeIDE/plugins/com.st.stm32cube.ide.mcu.externaltools.gnu-tools-for-stm32.11.3.rel1.win32_1.1.100.202309141235/tools/bin/../lib/gcc/arm-none-eabi/11.3.1/../../../../arm-none-eabi/lib/thumb/v7e-m+fp/hard\libc_nano.a(libc_a-lock.o)
                0x00000000080081e6                __retarget_lock_acquire_recursive
 .text.__retarget_lock_release_recursive
                0x00000000080081e8        0x2 C:/Users/guoch/Desktop/SC2079/stm32/STM32CubeIDE_1.14.1/STM32CubeIDE/plugins/com.st.stm32cube.ide.mcu.externaltools.gnu-tools-for-stm32.11.3.rel1.win32_1.1.100.202309141235/tools/bin/../lib/gcc/arm-none-eabi/11.3.1/../../../../arm-none-eabi/lib/thumb/v7e-m+fp/hard\libc_nano.a(libc_a-lock.o)
                0x00000000080081e8                __retarget_lock_release_recursive
 .text.memcpy   0x00000000080081ea       0x1c C:/Users/guoch/Desktop/SC2079/stm32/STM32CubeIDE_1.14.1/STM32CubeIDE/plugins/com.st.stm32cube.ide.mcu.externaltools.gnu-tools-for-stm32.11.3.rel1.win32_1.1.100.202309141235/tools/bin/../lib/gcc/arm-none-eabi/11.3.1/../../../../arm-none-eabi/lib/thumb/v7e-m+fp/hard\libc_nano.a(libc_a-memcpy-stub.o)
                0x00000000080081ea                memcpy
 .text.quorem   0x0000000008008206      0x110 C:/Users/guoch/Desktop/SC2079/stm32/STM32CubeIDE_1.14.1/STM32CubeIDE/plugins/com.st.stm32cube.ide.mcu.externaltools.gnu-tools-for-stm32.11.3.rel1.win32_1.1.100.202309141235/tools/bin/../lib/gcc/arm-none-eabi/11.3.1/../../../../arm-none-eabi/lib/thumb/v7e-m+fp/hard\libc_nano.a(libc_a-dtoa.o)
 *fill*         0x0000000008008316        0x2 
 .text._dtoa_r  0x0000000008008318      0xbe4 C:/Users/guoch/Desktop/SC2079/stm32/STM32CubeIDE_1.14.1/STM32CubeIDE/plugins/com.st.stm32cube.ide.mcu.externaltools.gnu-tools-for-stm32.11.3.rel1.win32_1.1.100.202309141235/tools/bin/../lib/gcc/arm-none-eabi/11.3.1/../../../../arm-none-eabi/lib/thumb/v7e-m+fp/hard\libc_nano.a(libc_a-dtoa.o)
                0x0000000008008318                _dtoa_r
 .text._free_r  0x0000000008008efc       0x98 C:/Users/guoch/Desktop/SC2079/stm32/STM32CubeIDE_1.14.1/STM32CubeIDE/plugins/com.st.stm32cube.ide.mcu.externaltools.gnu-tools-for-stm32.11.3.rel1.win32_1.1.100.202309141235/tools/bin/../lib/gcc/arm-none-eabi/11.3.1/../../../../arm-none-eabi/lib/thumb/v7e-m+fp/hard\libc_nano.a(libc_a-freer.o)
                0x0000000008008efc                _free_r
 .text.malloc   0x0000000008008f94       0x10 C:/Users/guoch/Desktop/SC2079/stm32/STM32CubeIDE_1.14.1/STM32CubeIDE/plugins/com.st.stm32cube.ide.mcu.externaltools.gnu-tools-for-stm32.11.3.rel1.win32_1.1.100.202309141235/tools/bin/../lib/gcc/arm-none-eabi/11.3.1/../../../../arm-none-eabi/lib/thumb/v7e-m+fp/hard\libc_nano.a(libc_a-malloc.o)
                0x0000000008008f94                malloc
 .text.sbrk_aligned
                0x0000000008008fa4       0x40 C:/Users/guoch/Desktop/SC2079/stm32/STM32CubeIDE_1.14.1/STM32CubeIDE/plugins/com.st.stm32cube.ide.mcu.externaltools.gnu-tools-for-stm32.11.3.rel1.win32_1.1.100.202309141235/tools/bin/../lib/gcc/arm-none-eabi/11.3.1/../../../../arm-none-eabi/lib/thumb/v7e-m+fp/hard\libc_nano.a(libc_a-mallocr.o)
 .text._malloc_r
                0x0000000008008fe4      0x100 C:/Users/guoch/Desktop/SC2079/stm32/STM32CubeIDE_1.14.1/STM32CubeIDE/plugins/com.st.stm32cube.ide.mcu.externaltools.gnu-tools-for-stm32.11.3.rel1.win32_1.1.100.202309141235/tools/bin/../lib/gcc/arm-none-eabi/11.3.1/../../../../arm-none-eabi/lib/thumb/v7e-m+fp/hard\libc_nano.a(libc_a-mallocr.o)
                0x0000000008008fe4                _malloc_r
 .text.__malloc_lock
                0x00000000080090e4        0xc C:/Users/guoch/Desktop/SC2079/stm32/STM32CubeIDE_1.14.1/STM32CubeIDE/plugins/com.st.stm32cube.ide.mcu.externaltools.gnu-tools-for-stm32.11.3.rel1.win32_1.1.100.202309141235/tools/bin/../lib/gcc/arm-none-eabi/11.3.1/../../../../arm-none-eabi/lib/thumb/v7e-m+fp/hard\libc_nano.a(libc_a-mlock.o)
                0x00000000080090e4                __malloc_lock
 .text.__malloc_unlock
                0x00000000080090f0        0xc C:/Users/guoch/Desktop/SC2079/stm32/STM32CubeIDE_1.14.1/STM32CubeIDE/plugins/com.st.stm32cube.ide.mcu.externaltools.gnu-tools-for-stm32.11.3.rel1.win32_1.1.100.202309141235/tools/bin/../lib/gcc/arm-none-eabi/11.3.1/../../../../arm-none-eabi/lib/thumb/v7e-m+fp/hard\libc_nano.a(libc_a-mlock.o)
                0x00000000080090f0                __malloc_unlock
 .text._Balloc  0x00000000080090fc       0x80 C:/Users/guoch/Desktop/SC2079/stm32/STM32CubeIDE_1.14.1/STM32CubeIDE/plugins/com.st.stm32cube.ide.mcu.externaltools.gnu-tools-for-stm32.11.3.rel1.win32_1.1.100.202309141235/tools/bin/../lib/gcc/arm-none-eabi/11.3.1/../../../../arm-none-eabi/lib/thumb/v7e-m+fp/hard\libc_nano.a(libc_a-mprec.o)
                0x00000000080090fc                _Balloc
 .text._Bfree   0x000000000800917c       0x44 C:/Users/guoch/Desktop/SC2079/stm32/STM32CubeIDE_1.14.1/STM32CubeIDE/plugins/com.st.stm32cube.ide.mcu.externaltools.gnu-tools-for-stm32.11.3.rel1.win32_1.1.100.202309141235/tools/bin/../lib/gcc/arm-none-eabi/11.3.1/../../../../arm-none-eabi/lib/thumb/v7e-m+fp/hard\libc_nano.a(libc_a-mprec.o)
                0x000000000800917c                _Bfree
 .text.__multadd
                0x00000000080091c0       0x8c C:/Users/guoch/Desktop/SC2079/stm32/STM32CubeIDE_1.14.1/STM32CubeIDE/plugins/com.st.stm32cube.ide.mcu.externaltools.gnu-tools-for-stm32.11.3.rel1.win32_1.1.100.202309141235/tools/bin/../lib/gcc/arm-none-eabi/11.3.1/../../../../arm-none-eabi/lib/thumb/v7e-m+fp/hard\libc_nano.a(libc_a-mprec.o)
                0x00000000080091c0                __multadd
 .text.__hi0bits
                0x000000000800924c       0x40 C:/Users/guoch/Desktop/SC2079/stm32/STM32CubeIDE_1.14.1/STM32CubeIDE/plugins/com.st.stm32cube.ide.mcu.externaltools.gnu-tools-for-stm32.11.3.rel1.win32_1.1.100.202309141235/tools/bin/../lib/gcc/arm-none-eabi/11.3.1/../../../../arm-none-eabi/lib/thumb/v7e-m+fp/hard\libc_nano.a(libc_a-mprec.o)
                0x000000000800924c                __hi0bits
 .text.__lo0bits
                0x000000000800928c       0x5a C:/Users/guoch/Desktop/SC2079/stm32/STM32CubeIDE_1.14.1/STM32CubeIDE/plugins/com.st.stm32cube.ide.mcu.externaltools.gnu-tools-for-stm32.11.3.rel1.win32_1.1.100.202309141235/tools/bin/../lib/gcc/arm-none-eabi/11.3.1/../../../../arm-none-eabi/lib/thumb/v7e-m+fp/hard\libc_nano.a(libc_a-mprec.o)
                0x000000000800928c                __lo0bits
 *fill*         0x00000000080092e6        0x2 
 .text.__i2b    0x00000000080092e8       0x2c C:/Users/guoch/Desktop/SC2079/stm32/STM32CubeIDE_1.14.1/STM32CubeIDE/plugins/com.st.stm32cube.ide.mcu.externaltools.gnu-tools-for-stm32.11.3.rel1.win32_1.1.100.202309141235/tools/bin/../lib/gcc/arm-none-eabi/11.3.1/../../../../arm-none-eabi/lib/thumb/v7e-m+fp/hard\libc_nano.a(libc_a-mprec.o)
                0x00000000080092e8                __i2b
 .text.__multiply
                0x0000000008009314      0x154 C:/Users/guoch/Desktop/SC2079/stm32/STM32CubeIDE_1.14.1/STM32CubeIDE/plugins/com.st.stm32cube.ide.mcu.externaltools.gnu-tools-for-stm32.11.3.rel1.win32_1.1.100.202309141235/tools/bin/../lib/gcc/arm-none-eabi/11.3.1/../../../../arm-none-eabi/lib/thumb/v7e-m+fp/hard\libc_nano.a(libc_a-mprec.o)
                0x0000000008009314                __multiply
 .text.__pow5mult
                0x0000000008009468       0xb4 C:/Users/guoch/Desktop/SC2079/stm32/STM32CubeIDE_1.14.1/STM32CubeIDE/plugins/com.st.stm32cube.ide.mcu.externaltools.gnu-tools-for-stm32.11.3.rel1.win32_1.1.100.202309141235/tools/bin/../lib/gcc/arm-none-eabi/11.3.1/../../../../arm-none-eabi/lib/thumb/v7e-m+fp/hard\libc_nano.a(libc_a-mprec.o)
                0x0000000008009468                __pow5mult
 .text.__lshift
                0x000000000800951c       0xd8 C:/Users/guoch/Desktop/SC2079/stm32/STM32CubeIDE_1.14.1/STM32CubeIDE/plugins/com.st.stm32cube.ide.mcu.externaltools.gnu-tools-for-stm32.11.3.rel1.win32_1.1.100.202309141235/tools/bin/../lib/gcc/arm-none-eabi/11.3.1/../../../../arm-none-eabi/lib/thumb/v7e-m+fp/hard\libc_nano.a(libc_a-mprec.o)
                0x000000000800951c                __lshift
 .text.__mcmp   0x00000000080095f4       0x38 C:/Users/guoch/Desktop/SC2079/stm32/STM32CubeIDE_1.14.1/STM32CubeIDE/plugins/com.st.stm32cube.ide.mcu.externaltools.gnu-tools-for-stm32.11.3.rel1.win32_1.1.100.202309141235/tools/bin/../lib/gcc/arm-none-eabi/11.3.1/../../../../arm-none-eabi/lib/thumb/v7e-m+fp/hard\libc_nano.a(libc_a-mprec.o)
                0x00000000080095f4                __mcmp
 .text.__mdiff  0x000000000800962c      0x114 C:/Users/guoch/Desktop/SC2079/stm32/STM32CubeIDE_1.14.1/STM32CubeIDE/plugins/com.st.stm32cube.ide.mcu.externaltools.gnu-tools-for-stm32.11.3.rel1.win32_1.1.100.202309141235/tools/bin/../lib/gcc/arm-none-eabi/11.3.1/../../../../arm-none-eabi/lib/thumb/v7e-m+fp/hard\libc_nano.a(libc_a-mprec.o)
                0x000000000800962c                __mdiff
 .text.__d2b    0x0000000008009740       0xb4 C:/Users/guoch/Desktop/SC2079/stm32/STM32CubeIDE_1.14.1/STM32CubeIDE/plugins/com.st.stm32cube.ide.mcu.externaltools.gnu-tools-for-stm32.11.3.rel1.win32_1.1.100.202309141235/tools/bin/../lib/gcc/arm-none-eabi/11.3.1/../../../../arm-none-eabi/lib/thumb/v7e-m+fp/hard\libc_nano.a(libc_a-mprec.o)
                0x0000000008009740                __d2b
 .text.__ssputs_r
                0x00000000080097f4       0xb4 C:/Users/guoch/Desktop/SC2079/stm32/STM32CubeIDE_1.14.1/STM32CubeIDE/plugins/com.st.stm32cube.ide.mcu.externaltools.gnu-tools-for-stm32.11.3.rel1.win32_1.1.100.202309141235/tools/bin/../lib/gcc/arm-none-eabi/11.3.1/../../../../arm-none-eabi/lib/thumb/v7e-m+fp/hard\libc_nano.a(libc_a-nano-svfprintf.o)
                0x00000000080097f4                __ssputs_r
 .text._svfprintf_r
                0x00000000080098a8      0x1fc C:/Users/guoch/Desktop/SC2079/stm32/STM32CubeIDE_1.14.1/STM32CubeIDE/plugins/com.st.stm32cube.ide.mcu.externaltools.gnu-tools-for-stm32.11.3.rel1.win32_1.1.100.202309141235/tools/bin/../lib/gcc/arm-none-eabi/11.3.1/../../../../arm-none-eabi/lib/thumb/v7e-m+fp/hard\libc_nano.a(libc_a-nano-svfprintf.o)
                0x00000000080098a8                _svfiprintf_r
                0x00000000080098a8                _svfprintf_r
 .text.__sflush_r
                0x0000000008009aa4      0x10c C:/Users/guoch/Desktop/SC2079/stm32/STM32CubeIDE_1.14.1/STM32CubeIDE/plugins/com.st.stm32cube.ide.mcu.externaltools.gnu-tools-for-stm32.11.3.rel1.win32_1.1.100.202309141235/tools/bin/../lib/gcc/arm-none-eabi/11.3.1/../../../../arm-none-eabi/lib/thumb/v7e-m+fp/hard\libc_nano.a(libc_a-fflush.o)
                0x0000000008009aa4                __sflush_r
 .text._fflush_r
                0x0000000008009bb0       0x50 C:/Users/guoch/Desktop/SC2079/stm32/STM32CubeIDE_1.14.1/STM32CubeIDE/plugins/com.st.stm32cube.ide.mcu.externaltools.gnu-tools-for-stm32.11.3.rel1.win32_1.1.100.202309141235/tools/bin/../lib/gcc/arm-none-eabi/11.3.1/../../../../arm-none-eabi/lib/thumb/v7e-m+fp/hard\libc_nano.a(libc_a-fflush.o)
                0x0000000008009bb0                _fflush_r
 .text.memmove  0x0000000008009c00       0x34 C:/Users/guoch/Desktop/SC2079/stm32/STM32CubeIDE_1.14.1/STM32CubeIDE/plugins/com.st.stm32cube.ide.mcu.externaltools.gnu-tools-for-stm32.11.3.rel1.win32_1.1.100.202309141235/tools/bin/../lib/gcc/arm-none-eabi/11.3.1/../../../../arm-none-eabi/lib/thumb/v7e-m+fp/hard\libc_nano.a(libc_a-memmove.o)
                0x0000000008009c00                memmove
 .text._sbrk_r  0x0000000008009c34       0x20 C:/Users/guoch/Desktop/SC2079/stm32/STM32CubeIDE_1.14.1/STM32CubeIDE/plugins/com.st.stm32cube.ide.mcu.externaltools.gnu-tools-for-stm32.11.3.rel1.win32_1.1.100.202309141235/tools/bin/../lib/gcc/arm-none-eabi/11.3.1/../../../../arm-none-eabi/lib/thumb/v7e-m+fp/hard\libc_nano.a(libc_a-sbrkr.o)
                0x0000000008009c34                _sbrk_r
 .text.__assert_func
                0x0000000008009c54       0x3c C:/Users/guoch/Desktop/SC2079/stm32/STM32CubeIDE_1.14.1/STM32CubeIDE/plugins/com.st.stm32cube.ide.mcu.externaltools.gnu-tools-for-stm32.11.3.rel1.win32_1.1.100.202309141235/tools/bin/../lib/gcc/arm-none-eabi/11.3.1/../../../../arm-none-eabi/lib/thumb/v7e-m+fp/hard\libc_nano.a(libc_a-assert.o)
                0x0000000008009c54                __assert_func
 .text._calloc_r
                0x0000000008009c90       0x2c C:/Users/guoch/Desktop/SC2079/stm32/STM32CubeIDE_1.14.1/STM32CubeIDE/plugins/com.st.stm32cube.ide.mcu.externaltools.gnu-tools-for-stm32.11.3.rel1.win32_1.1.100.202309141235/tools/bin/../lib/gcc/arm-none-eabi/11.3.1/../../../../arm-none-eabi/lib/thumb/v7e-m+fp/hard\libc_nano.a(libc_a-callocr.o)
                0x0000000008009c90                _calloc_r
 .text.__ascii_mbtowc
                0x0000000008009cbc       0x24 C:/Users/guoch/Desktop/SC2079/stm32/STM32CubeIDE_1.14.1/STM32CubeIDE/plugins/com.st.stm32cube.ide.mcu.externaltools.gnu-tools-for-stm32.11.3.rel1.win32_1.1.100.202309141235/tools/bin/../lib/gcc/arm-none-eabi/11.3.1/../../../../arm-none-eabi/lib/thumb/v7e-m+fp/hard\libc_nano.a(libc_a-mbtowc_r.o)
                0x0000000008009cbc                __ascii_mbtowc
 .text._realloc_r
                0x0000000008009ce0       0x5e C:/Users/guoch/Desktop/SC2079/stm32/STM32CubeIDE_1.14.1/STM32CubeIDE/plugins/com.st.stm32cube.ide.mcu.externaltools.gnu-tools-for-stm32.11.3.rel1.win32_1.1.100.202309141235/tools/bin/../lib/gcc/arm-none-eabi/11.3.1/../../../../arm-none-eabi/lib/thumb/v7e-m+fp/hard\libc_nano.a(libc_a-reallocr.o)
                0x0000000008009ce0                _realloc_r
 .text.__ascii_wctomb
                0x0000000008009d3e       0x1a C:/Users/guoch/Desktop/SC2079/stm32/STM32CubeIDE_1.14.1/STM32CubeIDE/plugins/com.st.stm32cube.ide.mcu.externaltools.gnu-tools-for-stm32.11.3.rel1.win32_1.1.100.202309141235/tools/bin/../lib/gcc/arm-none-eabi/11.3.1/../../../../arm-none-eabi/lib/thumb/v7e-m+fp/hard\libc_nano.a(libc_a-wctomb_r.o)
                0x0000000008009d3e                __ascii_wctomb
 .text.fprintf  0x0000000008009d58       0x24 C:/Users/guoch/Desktop/SC2079/stm32/STM32CubeIDE_1.14.1/STM32CubeIDE/plugins/com.st.stm32cube.ide.mcu.externaltools.gnu-tools-for-stm32.11.3.rel1.win32_1.1.100.202309141235/tools/bin/../lib/gcc/arm-none-eabi/11.3.1/../../../../arm-none-eabi/lib/thumb/v7e-m+fp/hard\libc_nano.a(libc_a-fprintf.o)
                0x0000000008009d58                fiprintf
                0x0000000008009d58                fprintf
 .text.abort    0x0000000008009d7c        0xe C:/Users/guoch/Desktop/SC2079/stm32/STM32CubeIDE_1.14.1/STM32CubeIDE/plugins/com.st.stm32cube.ide.mcu.externaltools.gnu-tools-for-stm32.11.3.rel1.win32_1.1.100.202309141235/tools/bin/../lib/gcc/arm-none-eabi/11.3.1/../../../../arm-none-eabi/lib/thumb/v7e-m+fp/hard\libc_nano.a(libc_a-abort.o)
                0x0000000008009d7c                abort
 .text._malloc_usable_size_r
                0x0000000008009d8a       0x10 C:/Users/guoch/Desktop/SC2079/stm32/STM32CubeIDE_1.14.1/STM32CubeIDE/plugins/com.st.stm32cube.ide.mcu.externaltools.gnu-tools-for-stm32.11.3.rel1.win32_1.1.100.202309141235/tools/bin/../lib/gcc/arm-none-eabi/11.3.1/../../../../arm-none-eabi/lib/thumb/v7e-m+fp/hard\libc_nano.a(libc_a-msizer.o)
                0x0000000008009d8a                _malloc_usable_size_r
 .text.__sfputc_r
                0x0000000008009d9a       0x2e C:/Users/guoch/Desktop/SC2079/stm32/STM32CubeIDE_1.14.1/STM32CubeIDE/plugins/com.st.stm32cube.ide.mcu.externaltools.gnu-tools-for-stm32.11.3.rel1.win32_1.1.100.202309141235/tools/bin/../lib/gcc/arm-none-eabi/11.3.1/../../../../arm-none-eabi/lib/thumb/v7e-m+fp/hard\libc_nano.a(libc_a-nano-vfprintf.o)
 .text.__sfputs_r
                0x0000000008009dc8       0x24 C:/Users/guoch/Desktop/SC2079/stm32/STM32CubeIDE_1.14.1/STM32CubeIDE/plugins/com.st.stm32cube.ide.mcu.externaltools.gnu-tools-for-stm32.11.3.rel1.win32_1.1.100.202309141235/tools/bin/../lib/gcc/arm-none-eabi/11.3.1/../../../../arm-none-eabi/lib/thumb/v7e-m+fp/hard\libc_nano.a(libc_a-nano-vfprintf.o)
                0x0000000008009dc8                __sfputs_r
 .text._vfprintf_r
                0x0000000008009dec      0x234 C:/Users/guoch/Desktop/SC2079/stm32/STM32CubeIDE_1.14.1/STM32CubeIDE/plugins/com.st.stm32cube.ide.mcu.externaltools.gnu-tools-for-stm32.11.3.rel1.win32_1.1.100.202309141235/tools/bin/../lib/gcc/arm-none-eabi/11.3.1/../../../../arm-none-eabi/lib/thumb/v7e-m+fp/hard\libc_nano.a(libc_a-nano-vfprintf.o)
                0x0000000008009dec                _vfprintf_r
                0x0000000008009dec                _vfiprintf_r
 .text.__swbuf_r
                0x000000000800a020       0x7a C:/Users/guoch/Desktop/SC2079/stm32/STM32CubeIDE_1.14.1/STM32CubeIDE/plugins/com.st.stm32cube.ide.mcu.externaltools.gnu-tools-for-stm32.11.3.rel1.win32_1.1.100.202309141235/tools/bin/../lib/gcc/arm-none-eabi/11.3.1/../../../../arm-none-eabi/lib/thumb/v7e-m+fp/hard\libc_nano.a(libc_a-wbuf.o)
                0x000000000800a020                __swbuf_r
 *fill*         0x000000000800a09a        0x2 
 .text.__swsetup_r
                0x000000000800a09c       0xb0 C:/Users/guoch/Desktop/SC2079/stm32/STM32CubeIDE_1.14.1/STM32CubeIDE/plugins/com.st.stm32cube.ide.mcu.externaltools.gnu-tools-for-stm32.11.3.rel1.win32_1.1.100.202309141235/tools/bin/../lib/gcc/arm-none-eabi/11.3.1/../../../../arm-none-eabi/lib/thumb/v7e-m+fp/hard\libc_nano.a(libc_a-wsetup.o)
                0x000000000800a09c                __swsetup_r
 .text._raise_r
                0x000000000800a14c       0x50 C:/Users/guoch/Desktop/SC2079/stm32/STM32CubeIDE_1.14.1/STM32CubeIDE/plugins/com.st.stm32cube.ide.mcu.externaltools.gnu-tools-for-stm32.11.3.rel1.win32_1.1.100.202309141235/tools/bin/../lib/gcc/arm-none-eabi/11.3.1/../../../../arm-none-eabi/lib/thumb/v7e-m+fp/hard\libc_nano.a(libc_a-signal.o)
                0x000000000800a14c                _raise_r
 .text.raise    0x000000000800a19c       0x10 C:/Users/guoch/Desktop/SC2079/stm32/STM32CubeIDE_1.14.1/STM32CubeIDE/plugins/com.st.stm32cube.ide.mcu.externaltools.gnu-tools-for-stm32.11.3.rel1.win32_1.1.100.202309141235/tools/bin/../lib/gcc/arm-none-eabi/11.3.1/../../../../arm-none-eabi/lib/thumb/v7e-m+fp/hard\libc_nano.a(libc_a-signal.o)
                0x000000000800a19c                raise
 .text._kill_r  0x000000000800a1ac       0x24 C:/Users/guoch/Desktop/SC2079/stm32/STM32CubeIDE_1.14.1/STM32CubeIDE/plugins/com.st.stm32cube.ide.mcu.externaltools.gnu-tools-for-stm32.11.3.rel1.win32_1.1.100.202309141235/tools/bin/../lib/gcc/arm-none-eabi/11.3.1/../../../../arm-none-eabi/lib/thumb/v7e-m+fp/hard\libc_nano.a(libc_a-signalr.o)
                0x000000000800a1ac                _kill_r
 .text._getpid_r
                0x000000000800a1d0        0x4 C:/Users/guoch/Desktop/SC2079/stm32/STM32CubeIDE_1.14.1/STM32CubeIDE/plugins/com.st.stm32cube.ide.mcu.externaltools.gnu-tools-for-stm32.11.3.rel1.win32_1.1.100.202309141235/tools/bin/../lib/gcc/arm-none-eabi/11.3.1/../../../../arm-none-eabi/lib/thumb/v7e-m+fp/hard\libc_nano.a(libc_a-signalr.o)
                0x000000000800a1d0                _getpid_r
 .text.__swhatbuf_r
                0x000000000800a1d4       0x4c C:/Users/guoch/Desktop/SC2079/stm32/STM32CubeIDE_1.14.1/STM32CubeIDE/plugins/com.st.stm32cube.ide.mcu.externaltools.gnu-tools-for-stm32.11.3.rel1.win32_1.1.100.202309141235/tools/bin/../lib/gcc/arm-none-eabi/11.3.1/../../../../arm-none-eabi/lib/thumb/v7e-m+fp/hard\libc_nano.a(libc_a-makebuf.o)
                0x000000000800a1d4                __swhatbuf_r
 .text.__smakebuf_r
                0x000000000800a220       0x78 C:/Users/guoch/Desktop/SC2079/stm32/STM32CubeIDE_1.14.1/STM32CubeIDE/plugins/com.st.stm32cube.ide.mcu.externaltools.gnu-tools-for-stm32.11.3.rel1.win32_1.1.100.202309141235/tools/bin/../lib/gcc/arm-none-eabi/11.3.1/../../../../arm-none-eabi/lib/thumb/v7e-m+fp/hard\libc_nano.a(libc_a-makebuf.o)
                0x000000000800a220                __smakebuf_r
 .text._fstat_r
                0x000000000800a298       0x24 C:/Users/guoch/Desktop/SC2079/stm32/STM32CubeIDE_1.14.1/STM32CubeIDE/plugins/com.st.stm32cube.ide.mcu.externaltools.gnu-tools-for-stm32.11.3.rel1.win32_1.1.100.202309141235/tools/bin/../lib/gcc/arm-none-eabi/11.3.1/../../../../arm-none-eabi/lib/thumb/v7e-m+fp/hard\libc_nano.a(libc_a-fstatr.o)
                0x000000000800a298                _fstat_r
 .text._isatty_r
                0x000000000800a2bc       0x20 C:/Users/guoch/Desktop/SC2079/stm32/STM32CubeIDE_1.14.1/STM32CubeIDE/plugins/com.st.stm32cube.ide.mcu.externaltools.gnu-tools-for-stm32.11.3.rel1.win32_1.1.100.202309141235/tools/bin/../lib/gcc/arm-none-eabi/11.3.1/../../../../arm-none-eabi/lib/thumb/v7e-m+fp/hard\libc_nano.a(libc_a-isattyr.o)
                0x000000000800a2bc                _isatty_r
 .text.pow      0x000000000800a2dc       0xe0 C:/Users/guoch/Desktop/SC2079/stm32/STM32CubeIDE_1.14.1/STM32CubeIDE/plugins/com.st.stm32cube.ide.mcu.externaltools.gnu-tools-for-stm32.11.3.rel1.win32_1.1.100.202309141235/tools/bin/../lib/gcc/arm-none-eabi/11.3.1/../../../../arm-none-eabi/lib/thumb/v7e-m+fp/hard\libm.a(libm_a-w_pow.o)
                0x000000000800a2dc                pow
 .text.finite   0x000000000800a3bc       0x16 C:/Users/guoch/Desktop/SC2079/stm32/STM32CubeIDE_1.14.1/STM32CubeIDE/plugins/com.st.stm32cube.ide.mcu.externaltools.gnu-tools-for-stm32.11.3.rel1.win32_1.1.100.202309141235/tools/bin/../lib/gcc/arm-none-eabi/11.3.1/../../../../arm-none-eabi/lib/thumb/v7e-m+fp/hard\libm.a(libm_a-s_finite.o)
                0x000000000800a3bc                finite
 *fill*         0x000000000800a3d2        0x6 
 .text.__ieee754_pow
                0x000000000800a3d8      0xa54 C:/Users/guoch/Desktop/SC2079/stm32/STM32CubeIDE_1.14.1/STM32CubeIDE/plugins/com.st.stm32cube.ide.mcu.externaltools.gnu-tools-for-stm32.11.3.rel1.win32_1.1.100.202309141235/tools/bin/../lib/gcc/arm-none-eabi/11.3.1/../../../../arm-none-eabi/lib/thumb/v7e-m+fp/hard\libm.a(libm_a-e_pow.o)
                0x000000000800a3d8                __ieee754_pow
 .text.fabs     0x000000000800ae2c       0x12 C:/Users/guoch/Desktop/SC2079/stm32/STM32CubeIDE_1.14.1/STM32CubeIDE/plugins/com.st.stm32cube.ide.mcu.externaltools.gnu-tools-for-stm32.11.3.rel1.win32_1.1.100.202309141235/tools/bin/../lib/gcc/arm-none-eabi/11.3.1/../../../../arm-none-eabi/lib/thumb/v7e-m+fp/hard\libm.a(libm_a-s_fabs.o)
                0x000000000800ae2c                fabs
 *fill*         0x000000000800ae3e        0x2 
 .text.scalbn   0x000000000800ae40       0xfc C:/Users/guoch/Desktop/SC2079/stm32/STM32CubeIDE_1.14.1/STM32CubeIDE/plugins/com.st.stm32cube.ide.mcu.externaltools.gnu-tools-for-stm32.11.3.rel1.win32_1.1.100.202309141235/tools/bin/../lib/gcc/arm-none-eabi/11.3.1/../../../../arm-none-eabi/lib/thumb/v7e-m+fp/hard\libm.a(libm_a-s_scalbn.o)
                0x000000000800ae40                scalbn
 .text.with_errno
                0x000000000800af3c       0x14 C:/Users/guoch/Desktop/SC2079/stm32/STM32CubeIDE_1.14.1/STM32CubeIDE/plugins/com.st.stm32cube.ide.mcu.externaltools.gnu-tools-for-stm32.11.3.rel1.win32_1.1.100.202309141235/tools/bin/../lib/gcc/arm-none-eabi/11.3.1/../../../../arm-none-eabi/lib/thumb/v7e-m+fp/hard\libm.a(libm_a-math_err.o)
 .text.xflow    0x000000000800af50       0x28 C:/Users/guoch/Desktop/SC2079/stm32/STM32CubeIDE_1.14.1/STM32CubeIDE/plugins/com.st.stm32cube.ide.mcu.externaltools.gnu-tools-for-stm32.11.3.rel1.win32_1.1.100.202309141235/tools/bin/../lib/gcc/arm-none-eabi/11.3.1/../../../../arm-none-eabi/lib/thumb/v7e-m+fp/hard\libm.a(libm_a-math_err.o)
 .text.__math_uflow
                0x000000000800af78       0x12 C:/Users/guoch/Desktop/SC2079/stm32/STM32CubeIDE_1.14.1/STM32CubeIDE/plugins/com.st.stm32cube.ide.mcu.externaltools.gnu-tools-for-stm32.11.3.rel1.win32_1.1.100.202309141235/tools/bin/../lib/gcc/arm-none-eabi/11.3.1/../../../../arm-none-eabi/lib/thumb/v7e-m+fp/hard\libm.a(libm_a-math_err.o)
                0x000000000800af78                __math_uflow
 .text.__math_oflow
                0x000000000800af8a       0x12 C:/Users/guoch/Desktop/SC2079/stm32/STM32CubeIDE_1.14.1/STM32CubeIDE/plugins/com.st.stm32cube.ide.mcu.externaltools.gnu-tools-for-stm32.11.3.rel1.win32_1.1.100.202309141235/tools/bin/../lib/gcc/arm-none-eabi/11.3.1/../../../../arm-none-eabi/lib/thumb/v7e-m+fp/hard\libm.a(libm_a-math_err.o)
                0x000000000800af8a                __math_oflow
 .text.__ieee754_sqrt