../Core/Src/main.c:265:5:main	8	static
../Core/Src/main.c:375:6:SystemClock_Config	88	static
../Core/Src/main.c:417:13:MX_ADC1_Init	24	static
../Core/Src/main.c:478:13:MX_I2C1_Init	8	static
../Core/Src/main.c:512:13:MX_I2C2_Init	8	static
../Core/Src/main.c:546:13:MX_TIM1_Init	80	static
../Core/Src/main.c:610:13:MX_TIM2_Init	56	static
../Core/Src/main.c:659:13:MX_TIM3_Init	56	static
../Core/Src/main.c:708:13:MX_TIM4_Init	32	static
../Core/Src/main.c:756:13:MX_TIM6_Init	16	static
../Core/Src/main.c:794:13:MX_TIM8_Init	96	static
../Core/Src/main.c:872:13:MX_USART3_UART_Init	8	static
../Core/Src/main.c:903:13:MX_DMA_Init	16	static
../Core/Src/main.c:925:13:MX_GPIO_Init	56	static
../Core/Src/main.c:994:6:HAL_TIM_IC_CaptureCallback	16	static
../Core/Src/main.c:1054:6:delay_us	16	static
../Core/Src/main.c:1062:6:HCSR04_Read	8	static
../Core/Src/main.c:1072:6:HAL_UART_RxCpltCallback	16	static
../Core/Src/main.c:1091:6:HAL_ADC_ConvHalfCpltCallback	16	static
../Core/Src/main.c:1098:6:HAL_ADC_ConvCpltCallback	16	static
../Core/Src/main.c:1104:10:ADC_To_Dist	40	static
../Core/Src/main.c:1113:11:IMU_Initialise	64	static
../Core/Src/main.c:1137:19:IMU_ReadOneByte	40	static
../Core/Src/main.c:1144:19:IMU_WriteOneByte	40	static
../Core/Src/main.c:1150:6:HAL_I2C_MemRxCpltCallback	16	static
../Core/Src/main.c:1160:6:turnLeft	32	static
../Core/Src/main.c:1213:6:turnRight	48	static
../Core/Src/main.c:1266:6:maintainStraightPath	72	static
../Core/Src/main.c:1368:7:adjustServoToCenter	40	static
../Core/Src/main.c:1387:6:StartDefaultTask	16	static
../Core/Src/main.c:1405:6:motor	64	static
../Core/Src/main.c:1557:6:encoder	40	static
../Core/Src/main.c:1612:6:Gyro	72	static
../Core/Src/main.c:1652:6:start_ultrasonic	40	static
../Core/Src/main.c:1673:6:ir_task	56	static
../Core/Src/main.c:1689:6:Error_Handler	4	static,ignoring_inline_asm
