../Core/Src/main.c:210:5:main	8	static
../Core/Src/main.c:312:6:SystemClock_Config	88	static
../Core/Src/main.c:354:13:MX_ADC1_Init	24	static
../Core/Src/main.c:415:13:MX_I2C1_Init	8	static
../Core/Src/main.c:449:13:MX_I2C2_Init	8	static
../Core/Src/main.c:483:13:MX_TIM1_Init	80	static
../Core/Src/main.c:547:13:MX_TIM2_Init	56	static
../Core/Src/main.c:596:13:MX_TIM3_Init	56	static
../Core/Src/main.c:645:13:MX_TIM4_Init	32	static
../Core/Src/main.c:693:13:MX_TIM6_Init	16	static
../Core/Src/main.c:731:13:MX_TIM8_Init	96	static
../Core/Src/main.c:809:13:MX_USART3_UART_Init	8	static
../Core/Src/main.c:840:13:MX_DMA_Init	16	static
../Core/Src/main.c:862:13:MX_GPIO_Init	56	static
../Core/Src/main.c:933:6:HAL_UART_RxCpltCallback	16	static
../Core/Src/main.c:952:11:IMU_Initialise	64	static
../Core/Src/main.c:976:19:IMU_ReadOneByte	40	static
../Core/Src/main.c:983:19:IMU_WriteOneByte	40	static
../Core/Src/main.c:989:6:HAL_I2C_MemRxCpltCallback	16	static
../Core/Src/main.c:997:6:turnLeft	32	static
../Core/Src/main.c:1042:6:turnRight	48	static
../Core/Src/main.c:1088:6:maintainStraightPath	72	static
../Core/Src/main.c:1177:7:adjustServoToCenter	40	static
../Core/Src/main.c:1196:6:StartDefaultTask	16	static
../Core/Src/main.c:1214:6:motor	64	static
../Core/Src/main.c:1361:6:encoder	40	static
../Core/Src/main.c:1416:6:Gyro	72	static
../Core/Src/main.c:1453:6:Error_Handler	4	static,ignoring_inline_asm
