../Core/Src/oled.c:9:6:OLED_Refresh_Gram	16	static
../Core/Src/oled.c:21:6:OLED_WR_Byte	24	static
../Core/Src/oled.c:44:6:OLED_Clear	16	static
../Core/Src/oled.c:54:6:OLED_Display_On	8	static
../Core/Src/oled.c:63:6:OLED_Display_Off	8	static
../Core/Src/oled.c:73:6:OLED_DrawPoint	24	static
../Core/Src/oled.c:86:6:OLED_ShowChar	32	static
../Core/Src/oled.c:111:10:oled_pow	24	static
../Core/Src/oled.c:121:6:OLED_ShowNumber	40	static
../Core/Src/oled.c:143:6:OLED_ShowString	24	static
../Core/Src/oled.c:157:6:OLED_Init	8	static
