../Core/Src/main.c:1833:6:StartDefaultTask	8	static
../Core/Src/main.c:2110:6:encoder	40	static
../Core/Src/main.c:2184:6:Gyro	24	static
../Core/Src/main.c:530:6:SystemClock_Config	88	static,ignoring_inline_asm
../Core/Src/main.c:405:5:main	128	static,ignoring_inline_asm
../Core/Src/main.c:1149:6:HAL_TIM_IC_CaptureCallback	24	static
../Core/Src/main.c:1209:6:delay_us	0	static
../Core/Src/main.c:1217:6:HCSR04_Read	8	static
../Core/Src/main.c:2227:6:start_ultrasonic	32	static
../Core/Src/main.c:1227:6:HAL_UART_RxCpltCallback	0	static
../Core/Src/main.c:1300:6:HAL_ADC_ConvHalfCpltCallback	12	static
../Core/Src/main.c:1307:6:HAL_ADC_ConvCpltCallback	12	static
../Core/Src/main.c:1313:10:ADC_To_Dist	8	static
../Core/Src/main.c:2281:6:ir_task	8	static
../Core/Src/main.c:1432:19:IMU_ReadOneByte	24	static
../Core/Src/main.c:1439:19:IMU_WriteOneByte	32	static
../Core/Src/main.c:1325:11:IMU_Initialise	24	static
../Core/Src/main.c:1445:6:HAL_I2C_MemRxCpltCallback	0	static
../Core/Src/main.c:1455:6:turnLeft	48	static
../Core/Src/main.c:1547:6:turnRight	48	static
../Core/Src/main.c:1642:6:maintainStraightPath	48	static
../Core/Src/main.c:1851:6:motor	40	static
../Core/Src/main.c:1795:7:adjustServoToCenter	16	static
../Core/Src/main.c:2317:6:Error_Handler	0	static,ignoring_inline_asm
