../Core/Src/stm32f4xx_hal_msp.c:69:6:HAL_MspInit	16	static
../Core/Src/stm32f4xx_hal_msp.c:98:6:HAL_ADC_MspInit	48	static
../Core/Src/stm32f4xx_hal_msp.c:151:6:HAL_ADC_MspDeInit	8	static
../Core/Src/stm32f4xx_hal_msp.c:182:6:HAL_I2C_MspInit	56	static
../Core/Src/stm32f4xx_hal_msp.c:262:6:HAL_I2C_MspDeInit	8	static
../Core/Src/stm32f4xx_hal_msp.c:315:6:HAL_TIM_PWM_MspInit	8	static
../Core/Src/stm32f4xx_hal_msp.c:337:6:HAL_TIM_Encoder_MspInit	56	static
../Core/Src/stm32f4xx_hal_msp.c:405:6:HAL_TIM_IC_MspInit	40	static
../Core/Src/stm32f4xx_hal_msp.c:443:6:HAL_TIM_Base_MspInit	40	static
../Core/Src/stm32f4xx_hal_msp.c:484:6:HAL_TIM_MspPostInit	32	static
../Core/Src/stm32f4xx_hal_msp.c:516:6:HAL_TIM_PWM_MspDeInit	0	static
../Core/Src/stm32f4xx_hal_msp.c:538:6:HAL_TIM_Encoder_MspDeInit	8	static
../Core/Src/stm32f4xx_hal_msp.c:587:6:HAL_TIM_IC_MspDeInit	8	static
../Core/Src/stm32f4xx_hal_msp.c:617:6:HAL_TIM_Base_MspDeInit	0	static
../Core/Src/stm32f4xx_hal_msp.c:657:6:HAL_UART_MspInit	40	static
../Core/Src/stm32f4xx_hal_msp.c:696:6:HAL_UART_MspDeInit	8	static
