../Core/Src/main.c:1215:6:StartDefaultTask	8	static
../Core/Src/main.c:1380:6:encoder	40	static
../Core/Src/main.c:1435:6:Gyro	24	static
../Core/Src/main.c:331:6:SystemClock_Config	88	static,ignoring_inline_asm
../Core/Src/main.c:229:5:main	128	static,ignoring_inline_asm
../Core/Src/main.c:952:6:HAL_UART_RxCpltCallback	0	static
../Core/Src/main.c:995:19:IMU_ReadOneByte	24	static
../Core/Src/main.c:1002:19:IMU_WriteOneByte	32	static
../Core/Src/main.c:971:11:IMU_Initialise	24	static
../Core/Src/main.c:1008:6:HAL_I2C_MemRxCpltCallback	0	static
../Core/Src/main.c:1016:6:turnLeft	40	static
../Core/Src/main.c:1061:6:turnRight	40	static
../Core/Src/main.c:1107:6:maintainStraightPath	64	static
../Core/Src/main.c:1233:6:motor	40	static
../Core/Src/main.c:1196:7:adjustServoToCenter	16	static
../Core/Src/main.c:1472:6:Error_Handler	0	static,ignoring_inline_asm
